Archive member included to satisfy reference by file (symbol)

m3/libm3.a(m3_env.c.obj)      CMakeFiles/main.dir/src/main.c.obj (m3_NewEnvironment)
m3/libm3.a(m3_info.c.obj)     m3/libm3.a(m3_env.c.obj) (m3_PrintProfilerInfo)
m3/libm3.a(m3_module.c.obj)   m3/libm3.a(m3_env.c.obj) (m3_FreeModule)
m3/libm3.a(m3_parse.c.obj)    CMakeFiles/main.dir/src/main.c.obj (m3_ParseModule)
m3/libm3.a(m3_code.c.obj)     m3/libm3.a(m3_env.c.obj) (NewCodePage)
m3/libm3.a(m3_compile.c.obj)  m3/libm3.a(m3_parse.c.obj) (CompileBlockStatements)
m3/libm3.a(m3_core.c.obj)     m3/libm3.a(m3_compile.c.obj) (m3_Yield)
m3/libm3.a(m3_function.c.obj)
                              m3/libm3.a(m3_env.c.obj) (AllocFuncType)
/usr/lib/gcc/arm-none-eabi/10.3.1/../../../arm-none-eabi/lib/thumb/v6-m/nofp/libm.a(lib_a-s_rint.o)
                              m3/libm3.a(m3_compile.c.obj) (rint)
/usr/lib/gcc/arm-none-eabi/10.3.1/../../../arm-none-eabi/lib/thumb/v6-m/nofp/libm.a(lib_a-sf_rint.o)
                              m3/libm3.a(m3_compile.c.obj) (rintf)
/usr/lib/gcc/arm-none-eabi/10.3.1/thumb/v6-m/nofp/libgcc.a(_dvmd_tls.o)
                              CMakeFiles/main.dir/opt/pico/pico-sdk/src/rp2_common/pico_divider/divider.S.obj (__aeabi_idiv0)
/usr/lib/gcc/arm-none-eabi/10.3.1/../../../arm-none-eabi/lib/thumb/v6-m/nofp/libc.a(lib_a-abort.o)
                              m3/libm3.a(m3_core.c.obj) (abort)
/usr/lib/gcc/arm-none-eabi/10.3.1/../../../arm-none-eabi/lib/thumb/v6-m/nofp/libc.a(lib_a-atexit.o)
                              /usr/lib/gcc/arm-none-eabi/10.3.1/../../../arm-none-eabi/lib/thumb/v6-m/nofp/crt0.o (atexit)
/usr/lib/gcc/arm-none-eabi/10.3.1/../../../arm-none-eabi/lib/thumb/v6-m/nofp/libc.a(lib_a-calloc.o)
                              CMakeFiles/main.dir/opt/pico/pico-sdk/src/rp2_common/pico_malloc/pico_malloc.c.obj (calloc)
/usr/lib/gcc/arm-none-eabi/10.3.1/../../../arm-none-eabi/lib/thumb/v6-m/nofp/libc.a(lib_a-callocr.o)
                              /usr/lib/gcc/arm-none-eabi/10.3.1/../../../arm-none-eabi/lib/thumb/v6-m/nofp/libc.a(lib_a-calloc.o) (_calloc_r)
/usr/lib/gcc/arm-none-eabi/10.3.1/../../../arm-none-eabi/lib/thumb/v6-m/nofp/libc.a(lib_a-fini.o)
                              /usr/lib/gcc/arm-none-eabi/10.3.1/../../../arm-none-eabi/lib/thumb/v6-m/nofp/crt0.o (__libc_fini_array)
/usr/lib/gcc/arm-none-eabi/10.3.1/../../../arm-none-eabi/lib/thumb/v6-m/nofp/libc.a(lib_a-impure.o)
                              /usr/lib/gcc/arm-none-eabi/10.3.1/../../../arm-none-eabi/lib/thumb/v6-m/nofp/libc.a(lib_a-calloc.o) (_impure_ptr)
/usr/lib/gcc/arm-none-eabi/10.3.1/../../../arm-none-eabi/lib/thumb/v6-m/nofp/libc.a(lib_a-init.o)
                              /usr/lib/gcc/arm-none-eabi/10.3.1/../../../arm-none-eabi/lib/thumb/v6-m/nofp/crt0.o (__libc_init_array)
/usr/lib/gcc/arm-none-eabi/10.3.1/../../../arm-none-eabi/lib/thumb/v6-m/nofp/libc.a(lib_a-malloc.o)
                              CMakeFiles/main.dir/opt/pico/pico-sdk/src/rp2_common/pico_malloc/pico_malloc.c.obj (malloc)
/usr/lib/gcc/arm-none-eabi/10.3.1/../../../arm-none-eabi/lib/thumb/v6-m/nofp/libc.a(lib_a-mallocr.o)
                              /usr/lib/gcc/arm-none-eabi/10.3.1/../../../arm-none-eabi/lib/thumb/v6-m/nofp/libc.a(lib_a-callocr.o) (_malloc_r)
/usr/lib/gcc/arm-none-eabi/10.3.1/../../../arm-none-eabi/lib/thumb/v6-m/nofp/libc.a(lib_a-memcmp.o)
                              m3/libm3.a(m3_function.c.obj) (memcmp)
/usr/lib/gcc/arm-none-eabi/10.3.1/../../../arm-none-eabi/lib/thumb/v6-m/nofp/libc.a(lib_a-memmove.o)
                              m3/libm3.a(m3_compile.c.obj) (memmove)
/usr/lib/gcc/arm-none-eabi/10.3.1/../../../arm-none-eabi/lib/thumb/v6-m/nofp/libc.a(lib_a-mlock.o)
                              /usr/lib/gcc/arm-none-eabi/10.3.1/../../../arm-none-eabi/lib/thumb/v6-m/nofp/libc.a(lib_a-mallocr.o) (__malloc_lock)
/usr/lib/gcc/arm-none-eabi/10.3.1/../../../arm-none-eabi/lib/thumb/v6-m/nofp/libc.a(lib_a-realloc.o)
                              CMakeFiles/main.dir/opt/pico/pico-sdk/src/rp2_common/pico_malloc/pico_malloc.c.obj (realloc)
/usr/lib/gcc/arm-none-eabi/10.3.1/../../../arm-none-eabi/lib/thumb/v6-m/nofp/libc.a(lib_a-reallocr.o)
                              /usr/lib/gcc/arm-none-eabi/10.3.1/../../../arm-none-eabi/lib/thumb/v6-m/nofp/libc.a(lib_a-realloc.o) (_realloc_r)
/usr/lib/gcc/arm-none-eabi/10.3.1/../../../arm-none-eabi/lib/thumb/v6-m/nofp/libc.a(lib_a-sbrkr.o)
                              /usr/lib/gcc/arm-none-eabi/10.3.1/../../../arm-none-eabi/lib/thumb/v6-m/nofp/libc.a(lib_a-mallocr.o) (_sbrk_r)
/usr/lib/gcc/arm-none-eabi/10.3.1/../../../arm-none-eabi/lib/thumb/v6-m/nofp/libc.a(lib_a-signal.o)
                              /usr/lib/gcc/arm-none-eabi/10.3.1/../../../arm-none-eabi/lib/thumb/v6-m/nofp/libc.a(lib_a-abort.o) (raise)
/usr/lib/gcc/arm-none-eabi/10.3.1/../../../arm-none-eabi/lib/thumb/v6-m/nofp/libc.a(lib_a-signalr.o)
[...]
Memory Configuration

Name             Origin             Length             Attributes
FLASH            0x0000000010000000 0x0000000000200000 xr
RAM              0x0000000020000000 0x0000000000040000 xrw
SCRATCH_X        0x0000000020040000 0x0000000000001000 xrw
SCRATCH_Y        0x0000000020041000 0x0000000000001000 xrw
*default*        0x0000000000000000 0xffffffffffffffff

Linker script and memory map

LOAD /usr/lib/gcc/arm-none-eabi/10.3.1/thumb/v6-m/nofp/crti.o
LOAD /usr/lib/gcc/arm-none-eabi/10.3.1/thumb/v6-m/nofp/crtbegin.o
LOAD /usr/lib/gcc/arm-none-eabi/10.3.1/../../../arm-none-eabi/lib/thumb/v6-m/nofp/crt0.o

.flash_begin    0x0000000010000000        0x0
                0x0000000010000000                __flash_binary_start = .

.boot2          0x0000000010000000      0x100
                0x0000000010000000                __boot2_start__ = .
 *(.boot2)
 .boot2         0x0000000010000000      0x100 /tmp/ccPul2Vt.o
                0x0000000010000100                __boot2_end__ = .
                0x0000000000000001                ASSERT (((__boot2_end__ - __boot2_start__) == 0x100), ERROR: Pico second stage bootloader must be 256 bytes in size)

.text           0x0000000010000100    0x1b140
                0x0000000010000100                __logical_binary_start = .
 *(.vectors)
 .vectors       0x0000000010000100       0xd4 CMakeFiles/main.dir/opt/pico/pico-sdk/src/rp2_common/pico_standard_link/crt0.S.obj
                0x0000000010000100                __vectors
                0x0000000010000100                __VECTOR_TABLE
                0x00000000100001c0                isr_invalid
                0x00000000100001c0                __default_isrs_start
                0x00000000100001c2                isr_nmi
                0x00000000100001c4                isr_hardfault
                0x00000000100001c6                isr_svcall
                0x00000000100001c8                isr_pendsv
                0x00000000100001ca                isr_systick
                0x00000000100001cc                isr_irq30
                0x00000000100001cc                __unhandled_user_irq
                0x00000000100001cc                isr_irq13
                0x00000000100001cc                isr_irq27
                0x00000000100001cc                isr_irq31
                0x00000000100001cc                isr_irq5
                0x00000000100001cc                isr_irq11
                0x00000000100001cc                isr_irq23
                0x00000000100001cc                isr_irq18
                0x00000000100001cc                isr_irq28
                0x00000000100001cc                isr_irq19
                0x00000000100001cc                isr_irq0
                0x00000000100001cc                isr_irq6
                0x00000000100001cc                isr_irq22
                0x00000000100001cc                isr_irq17
                0x00000000100001cc                isr_irq14
                0x00000000100001cc                isr_irq2
                0x00000000100001cc                isr_irq10
                0x00000000100001cc                isr_irq8
                0x00000000100001cc                isr_irq24
                0x00000000100001cc                isr_irq1
                0x00000000100001cc                isr_irq7
                0x00000000100001cc                isr_irq21
                0x00000000100001cc                isr_irq20
                0x00000000100001cc                isr_irq15
                0x00000000100001cc                isr_irq25
                0x00000000100001cc                isr_irq4
                0x00000000100001cc                isr_irq16
                0x00000000100001cc                isr_irq29
                0x00000000100001cc                isr_irq26
                0x00000000100001cc                __default_isrs_end
                0x00000000100001cc                isr_irq3
                0x00000000100001cc                isr_irq12
                0x00000000100001cc                isr_irq9
                0x00000000100001d2                unhandled_user_irq_num_in_r0
 *(.binary_info_header)
 .binary_info_header
                0x00000000100001d4       0x14 CMakeFiles/main.dir/opt/pico/pico-sdk/src/rp2_common/pico_standard_link/crt0.S.obj
                0x00000000100001e8                __binary_info_header_end = .
 *(.reset)
 .reset         0x00000000100001e8       0xa0 CMakeFiles/main.dir/opt/pico/pico-sdk/src/rp2_common/pico_standard_link/crt0.S.obj
                0x00000000100001e8                _entry_point
 .reset         0x0000000010000288       0x30 CMakeFiles/main.dir/opt/pico/pico-sdk/src/rp2_common/pico_standard_link/binary_info.c.obj
 *(.init)
 .init          0x00000000100002b8        0x4 /usr/lib/gcc/arm-none-eabi/10.3.1/thumb/v6-m/nofp/crti.o
                0x00000000100002b8                _init
 *(EXCLUDE_FILE(*libm.a: *libc.a:*lib_a-mem*.o *libgcc.a:) .text*)
 .text          0x00000000100002bc       0x98 /usr/lib/gcc/arm-none-eabi/10.3.1/thumb/v6-m/nofp/crtbegin.o
 .text.startup.main
                0x0000000010000354      0x108 CMakeFiles/main.dir/src/main.c.obj
                0x0000000010000354                main
 .text.running_on_fpga
                0x000000001000045c       0x10 CMakeFiles/main.dir/opt/pico/pico-sdk/src/rp2_common/pico_platform/platform.c.obj
                0x000000001000045c                running_on_fpga
 .text.hw_claim_or_assert
                0x000000001000046c       0x44 CMakeFiles/main.dir/opt/pico/pico-sdk/src/rp2_common/hardware_claim/claim.c.obj
                0x000000001000046c                hw_claim_or_assert
 .text.hw_claim_unused_from_range
                0x00000000100004b0       0x9c CMakeFiles/main.dir/opt/pico/pico-sdk/src/rp2_common/hardware_claim/claim.c.obj
                0x00000000100004b0                hw_claim_unused_from_range
 .text.spin_locks_reset
                0x000000001000054c       0x1c CMakeFiles/main.dir/opt/pico/pico-sdk/src/rp2_common/hardware_sync/sync.c.obj
                0x000000001000054c                spin_locks_reset
 .text.next_striped_spin_lock_num
                0x0000000010000568       0x18 CMakeFiles/main.dir/opt/pico/pico-sdk/src/rp2_common/hardware_sync/sync.c.obj
                0x0000000010000568                next_striped_spin_lock_num
 .text.spin_lock_claim_unused
                0x0000000010000580       0x20 CMakeFiles/main.dir/opt/pico/pico-sdk/src/rp2_common/hardware_sync/sync.c.obj
                0x0000000010000580                spin_lock_claim_unused
 .text.irq_set_enabled
                0x00000000100005a0       0x24 CMakeFiles/main.dir/opt/pico/pico-sdk/src/rp2_common/hardware_irq/irq.c.obj
                0x00000000100005a0                irq_set_enabled
 .text.irq_set_pending
                0x00000000100005c4       0x10 CMakeFiles/main.dir/opt/pico/pico-sdk/src/rp2_common/hardware_irq/irq.c.obj
                0x00000000100005c4                irq_set_pending
 .text.irq_has_shared_handler
                0x00000000100005d4       0x2c CMakeFiles/main.dir/opt/pico/pico-sdk/src/rp2_common/hardware_irq/irq.c.obj
                0x00000000100005d4                irq_has_shared_handler
 .text.irq_get_vtable_handler
                0x0000000010000600       0x10 CMakeFiles/main.dir/opt/pico/pico-sdk/src/rp2_common/hardware_irq/irq.c.obj
                0x0000000010000600                irq_get_vtable_handler
 .text.irq_set_exclusive_handler
                0x0000000010000610       0x54 CMakeFiles/main.dir/opt/pico/pico-sdk/src/rp2_common/hardware_irq/irq.c.obj
                0x0000000010000610                irq_set_exclusive_handler
 .text.irq_add_shared_handler
                0x0000000010000664      0x1e8 CMakeFiles/main.dir/opt/pico/pico-sdk/src/rp2_common/hardware_irq/irq.c.obj
                0x0000000010000664                irq_add_shared_handler
 .text.irq_remove_handler
                0x000000001000084c      0x1b0 CMakeFiles/main.dir/opt/pico/pico-sdk/src/rp2_common/hardware_irq/irq.c.obj
                0x000000001000084c                irq_remove_handler
 .text.irq_add_tail_to_free_list
                0x00000000100009fc       0xb4 CMakeFiles/main.dir/opt/pico/pico-sdk/src/rp2_common/hardware_irq/irq.c.obj
                0x00000000100009fc                irq_add_tail_to_free_list
 .text.irq_init_priorities
                0x0000000010000ab0       0x24 CMakeFiles/main.dir/opt/pico/pico-sdk/src/rp2_common/hardware_irq/irq.c.obj
                0x0000000010000ab0                irq_init_priorities
 .text.user_irq_claim_unused
                0x0000000010000ad4       0x28 CMakeFiles/main.dir/opt/pico/pico-sdk/src/rp2_common/hardware_irq/irq.c.obj
                0x0000000010000ad4                user_irq_claim_unused
 .text.lock_init
                0x0000000010000afc       0x10 CMakeFiles/main.dir/opt/pico/pico-sdk/src/common/pico_sync/lock_core.c.obj
                0x0000000010000afc                lock_init
 .text.mutex_init
                0x0000000010000b0c       0x1c CMakeFiles/main.dir/opt/pico/pico-sdk/src/common/pico_sync/mutex.c.obj
                0x0000000010000b0c                mutex_init
 .text.recursive_mutex_init
                0x0000000010000b28       0x1c CMakeFiles/main.dir/opt/pico/pico-sdk/src/common/pico_sync/mutex.c.obj
                0x0000000010000b28                recursive_mutex_init
 .text.critical_section_init
                0x0000000010000b44       0x20 CMakeFiles/main.dir/opt/pico/pico-sdk/src/common/pico_sync/critical_section.c.obj
                0x0000000010000b44                critical_section_init
 .text.critical_section_init_with_lock_num
                0x0000000010000b64       0x14 CMakeFiles/main.dir/opt/pico/pico-sdk/src/common/pico_sync/critical_section.c.obj
                0x0000000010000b64                critical_section_init_with_lock_num
 .text.timer_pool_entry_comparator
                0x0000000010000b78       0x34 CMakeFiles/main.dir/opt/pico/pico-sdk/src/common/pico_time/time.c.obj
                0x0000000010000b78                timer_pool_entry_comparator
 .text.sleep_until_callback
                0x0000000010000bac       0x30 CMakeFiles/main.dir/opt/pico/pico-sdk/src/common/pico_time/time.c.obj
 .text.add_alarm_under_lock.isra.0
                0x0000000010000bdc      0x100 CMakeFiles/main.dir/opt/pico/pico-sdk/src/common/pico_time/time.c.obj
 .text.alarm_pool_alarm_callback
                0x0000000010000cdc      0x1bc CMakeFiles/main.dir/opt/pico/pico-sdk/src/common/pico_time/time.c.obj
 .text.alarm_pool_init_default
                0x0000000010000e98       0x6c CMakeFiles/main.dir/opt/pico/pico-sdk/src/common/pico_time/time.c.obj
                0x0000000010000e98                alarm_pool_init_default
 .text.alarm_pool_get_default
                0x0000000010000f04        0x8 CMakeFiles/main.dir/opt/pico/pico-sdk/src/common/pico_time/time.c.obj
                0x0000000010000f04                alarm_pool_get_default
 .text.alarm_pool_add_alarm_at
                0x0000000010000f0c      0x178 CMakeFiles/main.dir/opt/pico/pico-sdk/src/common/pico_time/time.c.obj
                0x0000000010000f0c                alarm_pool_add_alarm_at
 .text.alarm_pool_core_num
                0x0000000010001084        0x4 CMakeFiles/main.dir/opt/pico/pico-sdk/src/common/pico_time/time.c.obj
                0x0000000010001084                alarm_pool_core_num
 .text.sleep_until
                0x0000000010001088       0xc4 CMakeFiles/main.dir/opt/pico/pico-sdk/src/common/pico_time/time.c.obj
                0x0000000010001088                sleep_until
 .text.sleep_ms
                0x000000001000114c       0x34 CMakeFiles/main.dir/opt/pico/pico-sdk/src/common/pico_time/time.c.obj
                0x000000001000114c                sleep_ms
 .text.best_effort_wfe_or_timeout
                0x0000000010001180       0xd4 CMakeFiles/main.dir/opt/pico/pico-sdk/src/common/pico_time/time.c.obj
                0x0000000010001180                best_effort_wfe_or_timeout
 .text.hardware_alarm_irq_handler
                0x0000000010001254       0xbc CMakeFiles/main.dir/opt/pico/pico-sdk/src/rp2_common/hardware_timer/timer.c.obj
 .text.hardware_alarm_claim
                0x0000000010001310       0x18 CMakeFiles/main.dir/opt/pico/pico-sdk/src/rp2_common/hardware_timer/timer.c.obj
                0x0000000010001310                hardware_alarm_claim
 .text.time_us_64
                0x0000000010001328       0x14 CMakeFiles/main.dir/opt/pico/pico-sdk/src/rp2_common/hardware_timer/timer.c.obj
                0x0000000010001328                time_us_64
 .text.busy_wait_until
                0x000000001000133c       0x20 CMakeFiles/main.dir/opt/pico/pico-sdk/src/rp2_common/hardware_timer/timer.c.obj
                0x000000001000133c                busy_wait_until
 .text.hardware_alarm_set_callback
                0x000000001000135c       0x8c CMakeFiles/main.dir/opt/pico/pico-sdk/src/rp2_common/hardware_timer/timer.c.obj
                0x000000001000135c                hardware_alarm_set_callback
 .text.hardware_alarm_set_target
                0x00000000100013e8       0xd4 CMakeFiles/main.dir/opt/pico/pico-sdk/src/rp2_common/hardware_timer/timer.c.obj
                0x00000000100013e8                hardware_alarm_set_target
 .text.hardware_alarm_cancel
                0x00000000100014bc       0x3c CMakeFiles/main.dir/opt/pico/pico-sdk/src/rp2_common/hardware_timer/timer.c.obj
                0x00000000100014bc                hardware_alarm_cancel
 .text.ph_merge_nodes
                0x00000000100014f8       0x68 CMakeFiles/main.dir/opt/pico/pico-sdk/src/common/pico_util/pheap.c.obj
 .text.ph_post_alloc_init
                0x0000000010001560       0x3c CMakeFiles/main.dir/opt/pico/pico-sdk/src/common/pico_util/pheap.c.obj
                0x0000000010001560                ph_post_alloc_init
 .text.ph_merge_two_pass
                0x000000001000159c       0x90 CMakeFiles/main.dir/opt/pico/pico-sdk/src/common/pico_util/pheap.c.obj
                0x000000001000159c                ph_merge_two_pass
 .text.ph_remove_any_head
                0x000000001000162c      0x100 CMakeFiles/main.dir/opt/pico/pico-sdk/src/common/pico_util/pheap.c.obj
 .text.ph_remove_head
                0x000000001000172c      0x104 CMakeFiles/main.dir/opt/pico/pico-sdk/src/common/pico_util/pheap.c.obj
                0x000000001000172c                ph_remove_head
 .text.ph_remove_and_free_node
                0x0000000010001830       0x7c CMakeFiles/main.dir/opt/pico/pico-sdk/src/common/pico_util/pheap.c.obj
                0x0000000010001830                ph_remove_and_free_node
 .text.clocks_init
                0x00000000100018ac      0x2d0 CMakeFiles/main.dir/opt/pico/pico-sdk/src/rp2_common/hardware_clocks/clocks.c.obj
                0x00000000100018ac                clocks_init
 .text.pll_init
                0x0000000010001b7c       0xa0 CMakeFiles/main.dir/opt/pico/pico-sdk/src/rp2_common/hardware_pll/pll.c.obj
                0x0000000010001b7c                pll_init
 .text.watchdog_start_tick
                0x0000000010001c1c       0x10 CMakeFiles/main.dir/opt/pico/pico-sdk/src/rp2_common/hardware_watchdog/watchdog.c.obj
                0x0000000010001c1c                watchdog_start_tick
 .text.watchdog_reboot
                0x0000000010001c2c       0x98 CMakeFiles/main.dir/opt/pico/pico-sdk/src/rp2_common/hardware_watchdog/watchdog.c.obj
                0x0000000010001c2c                watchdog_reboot
 .text.xosc_init
                0x0000000010001cc4       0x28 CMakeFiles/main.dir/opt/pico/pico-sdk/src/rp2_common/hardware_xosc/xosc.c.obj
                0x0000000010001cc4                xosc_init
 .text.runtime_init
                0x0000000010001cec       0xf0 CMakeFiles/main.dir/opt/pico/pico-sdk/src/rp2_common/pico_runtime/runtime.c.obj
                0x0000000010001cec                runtime_init
 .text._exit    0x0000000010001ddc        0x4 CMakeFiles/main.dir/opt/pico/pico-sdk/src/rp2_common/pico_runtime/runtime.c.obj
                0x0000000010001ddc                _exit
 .text._sbrk    0x0000000010001de0       0x34 CMakeFiles/main.dir/opt/pico/pico-sdk/src/rp2_common/pico_runtime/runtime.c.obj
                0x0000000010001de0                _sbrk
 .text.exit     0x0000000010001e14        0x8 CMakeFiles/main.dir/opt/pico/pico-sdk/src/rp2_common/pico_runtime/runtime.c.obj
                0x0000000010001e14                exit
 .text.__assert_func
                0x0000000010001e1c       0x34 CMakeFiles/main.dir/opt/pico/pico-sdk/src/rp2_common/pico_runtime/runtime.c.obj
                0x0000000010001e1c                __assert_func
 .text.panic    0x0000000010001e50       0x30 CMakeFiles/main.dir/opt/pico/pico-sdk/src/rp2_common/pico_runtime/runtime.c.obj
                0x0000000010001e50                panic
 .text.hard_assertion_failure
                0x0000000010001e80        0xc CMakeFiles/main.dir/opt/pico/pico-sdk/src/rp2_common/pico_runtime/runtime.c.obj
                0x0000000010001e80                hard_assertion_failure
 .text._out_buffer
                0x0000000010001e8c        0x8 CMakeFiles/main.dir/opt/pico/pico-sdk/src/rp2_common/pico_printf/printf.c.obj
 .text._out_null
                0x0000000010001e94        0x4 CMakeFiles/main.dir/opt/pico/pico-sdk/src/rp2_common/pico_printf/printf.c.obj
 .text._out_rev
                0x0000000010001e98       0x9c CMakeFiles/main.dir/opt/pico/pico-sdk/src/rp2_common/pico_printf/printf.c.obj
 .text._ntoa_format
                0x0000000010001f34      0x1cc CMakeFiles/main.dir/opt/pico/pico-sdk/src/rp2_common/pico_printf/printf.c.obj
 .text._out_char
                0x0000000010002100       0x10 CMakeFiles/main.dir/opt/pico/pico-sdk/src/rp2_common/pico_printf/printf.c.obj
 .text._out_fct
                0x0000000010002110       0x10 CMakeFiles/main.dir/opt/pico/pico-sdk/src/rp2_common/pico_printf/printf.c.obj
 .text._etoa    0x0000000010002120      0x44c CMakeFiles/main.dir/opt/pico/pico-sdk/src/rp2_common/pico_printf/printf.c.obj
 .text._ftoa    0x000000001000256c      0x398 CMakeFiles/main.dir/opt/pico/pico-sdk/src/rp2_common/pico_printf/printf.c.obj
 .text._vsnprintf
                0x0000000010002904      0xb04 CMakeFiles/main.dir/opt/pico/pico-sdk/src/rp2_common/pico_printf/printf.c.obj
 .text.__wrap_vsnprintf
                0x0000000010003408       0x1c CMakeFiles/main.dir/opt/pico/pico-sdk/src/rp2_common/pico_printf/printf.c.obj
                0x0000000010003408                __wrap_vsnprintf
 .text.vfctprintf
                0x0000000010003424       0x20 CMakeFiles/main.dir/opt/pico/pico-sdk/src/rp2_common/pico_printf/printf.c.obj
                0x0000000010003424                vfctprintf
 .text.weak_raw_printf
                0x0000000010003444       0x40 CMakeFiles/main.dir/opt/pico/pico-sdk/src/rp2_common/pico_printf/printf.c.obj
                0x0000000010003444                weak_raw_printf
 .text.weak_raw_vprintf
                0x0000000010003484       0x30 CMakeFiles/main.dir/opt/pico/pico-sdk/src/rp2_common/pico_printf/printf.c.obj
                0x0000000010003484                weak_raw_vprintf
 .text          0x00000000100034b4       0x10 CMakeFiles/main.dir/opt/pico/pico-sdk/src/rp2_common/pico_bit_ops/bit_ops_aeabi.S.obj
 .text.clzsi    0x00000000100034c4        0xc CMakeFiles/main.dir/opt/pico/pico-sdk/src/rp2_common/pico_bit_ops/bit_ops_aeabi.S.obj
                0x00000000100034c4                __wrap___clz
                0x00000000100034c4                __wrap___clzsi2
                0x00000000100034c4                __wrap___clzl
 .text.ctzsi    0x00000000100034d0        0xc CMakeFiles/main.dir/opt/pico/pico-sdk/src/rp2_common/pico_bit_ops/bit_ops_aeabi.S.obj
                0x00000000100034d0                __wrap___ctzsi2
 .text.popcountsi
                0x00000000100034dc        0xc CMakeFiles/main.dir/opt/pico/pico-sdk/src/rp2_common/pico_bit_ops/bit_ops_aeabi.S.obj
                0x00000000100034dc                __wrap___popcountsi2
 .text.clzdi    0x00000000100034e8       0x18 CMakeFiles/main.dir/opt/pico/pico-sdk/src/rp2_common/pico_bit_ops/bit_ops_aeabi.S.obj
                0x00000000100034e8                __wrap___clzll
                0x00000000100034e8                __wrap___clzdi2
 .text.ctzdi    0x0000000010003500       0x18 CMakeFiles/main.dir/opt/pico/pico-sdk/src/rp2_common/pico_bit_ops/bit_ops_aeabi.S.obj
                0x0000000010003500                __wrap___ctzdi2
 .text.popcountdi
                0x0000000010003518       0x18 CMakeFiles/main.dir/opt/pico/pico-sdk/src/rp2_common/pico_bit_ops/bit_ops_aeabi.S.obj
                0x0000000010003518                __wrap___popcountdi2
 .text.rom_func_lookup
                0x0000000010003530       0x10 CMakeFiles/main.dir/opt/pico/pico-sdk/src/rp2_common/pico_bootrom/bootrom.c.obj
                0x0000000010003530                rom_func_lookup
 .text.rom_data_lookup
                0x0000000010003540       0x10 CMakeFiles/main.dir/opt/pico/pico-sdk/src/rp2_common/pico_bootrom/bootrom.c.obj
                0x0000000010003540                rom_data_lookup
 .text.rom_funcs_lookup
                0x0000000010003550       0x44 CMakeFiles/main.dir/opt/pico/pico-sdk/src/rp2_common/pico_bootrom/bootrom.c.obj
                0x0000000010003550                rom_funcs_lookup
 .text.__wrap___aeabi_idiv
                0x0000000010003594       0x50 CMakeFiles/main.dir/opt/pico/pico-sdk/src/rp2_common/pico_divider/divider.S.obj
                0x0000000010003594                __wrap___aeabi_idivmod
                0x0000000010003594                divmod_s32s32
                0x0000000010003594                div_s32s32
                0x0000000010003594                __wrap___aeabi_idiv
                0x000000001000359c                divmod_s32s32_unsafe
                0x00000000100035c8                divmod_s32s32_savestate
 .text.__wrap___aeabi_uidiv
                0x00000000100035e4       0x4c CMakeFiles/main.dir/opt/pico/pico-sdk/src/rp2_common/pico_divider/divider.S.obj
                0x00000000100035e4                __wrap___aeabi_uidiv
                0x00000000100035e4                __wrap___aeabi_uidivmod
                0x00000000100035e4                div_u32u32
                0x00000000100035e4                divmod_u32u32
                0x00000000100035ec                divmod_u32u32_unsafe
                0x0000000010003614                divmod_u32u32_savestate
 .text.__wrap___aeabi_ldiv
                0x0000000010003630      0x424 CMakeFiles/main.dir/opt/pico/pico-sdk/src/rp2_common/pico_divider/divider.S.obj
                0x0000000010003630                div_s64s64
                0x0000000010003630                divmod_s64s64
                0x0000000010003630                __wrap___aeabi_ldivmod
                0x0000000010003660                div_u64u64
                0x0000000010003660                divmod_u64u64
                0x0000000010003660                __wrap___aeabi_uldivmod
                0x0000000010003670                divmod_u64u64_savestate
                0x0000000010003690                divmod_s64s64_unsafe
                0x0000000010003718                divmod_u64u64_unsafe
 .text.__wrap___aeabi_darithmetic
                0x0000000010003a54       0x80 CMakeFiles/main.dir/opt/pico/pico-sdk/src/rp2_common/pico_double/double_aeabi.S.obj
                0x0000000010003a54                __wrap___aeabi_drsub
                0x0000000010003a5a                __wrap___aeabi_dsub
                0x0000000010003a6c                __wrap___aeabi_dadd
                0x0000000010003a7e                __wrap___aeabi_ddiv
                0x0000000010003aba                __wrap___aeabi_dmul
 .text.__wrap___aeabi_cdcmple
                0x0000000010003ad4       0x6c CMakeFiles/main.dir/opt/pico/pico-sdk/src/rp2_common/pico_double/double_aeabi.S.obj
                0x0000000010003ad4                __wrap___aeabi_cdrcmple
                0x0000000010003ae4                __wrap___aeabi_cdcmple
                0x0000000010003ae4                __wrap___aeabi_cdcmpeq
 .text.__wrap___aeabi_dcmpeq
                0x0000000010003b40       0x10 CMakeFiles/main.dir/opt/pico/pico-sdk/src/rp2_common/pico_double/double_aeabi.S.obj
                0x0000000010003b40                __wrap___aeabi_dcmpeq
 .text.__wrap___aeabi_dcmplt
                0x0000000010003b50        0xc CMakeFiles/main.dir/opt/pico/pico-sdk/src/rp2_common/pico_double/double_aeabi.S.obj
                0x0000000010003b50                __wrap___aeabi_dcmplt
 .text.__wrap___aeabi_dcmple
                0x0000000010003b5c       0x10 CMakeFiles/main.dir/opt/pico/pico-sdk/src/rp2_common/pico_double/double_aeabi.S.obj
                0x0000000010003b5c                __wrap___aeabi_dcmple
 .text.__wrap___aeabi_dcmpge
                0x0000000010003b6c       0x10 CMakeFiles/main.dir/opt/pico/pico-sdk/src/rp2_common/pico_double/double_aeabi.S.obj
                0x0000000010003b6c                __wrap___aeabi_dcmpge
 .text.__wrap___aeabi_dcmpgt
                0x0000000010003b7c        0xa CMakeFiles/main.dir/opt/pico/pico-sdk/src/rp2_common/pico_double/double_aeabi.S.obj
                0x0000000010003b7c                __wrap___aeabi_dcmpgt
 .text.__wrap___aeabi_dcmpun
                0x0000000010003b86       0x1c CMakeFiles/main.dir/opt/pico/pico-sdk/src/rp2_common/pico_double/double_aeabi.S.obj
                0x0000000010003b86                __wrap___aeabi_dcmpun
 *fill*         0x0000000010003ba2        0x2 
 .text.__wrap___aeabi_i2d
                0x0000000010003ba4       0x38 CMakeFiles/main.dir/opt/pico/pico-sdk/src/rp2_common/pico_double/double_aeabi.S.obj
                0x0000000010003ba4                __wrap___aeabi_ui2d
                0x0000000010003bac                __wrap___aeabi_i2d
 .text.__wrap___aeabi_d2iz
                0x0000000010003bdc       0x48 CMakeFiles/main.dir/opt/pico/pico-sdk/src/rp2_common/pico_double/double_aeabi.S.obj
                0x0000000010003bdc                __wrap___aeabi_d2iz
                0x0000000010003bdc                double2int_z
 .text.__wrap___aeabi_d2uiz
                0x0000000010003c24       0x18 CMakeFiles/main.dir/opt/pico/pico-sdk/src/rp2_common/pico_double/double_aeabi.S.obj
                0x0000000010003c24                double2uint
                0x0000000010003c24                __wrap___aeabi_d2uiz
 .text.__wrap___aeabi_l2d
                0x0000000010003c3c       0x18 CMakeFiles/main.dir/opt/pico/pico-sdk/src/rp2_common/pico_double/double_aeabi.S.obj
                0x0000000010003c3c                __wrap___aeabi_l2d
 .text.__wrap___aeabi_ul2d
                0x0000000010003c54       0x18 CMakeFiles/main.dir/opt/pico/pico-sdk/src/rp2_common/pico_double/double_aeabi.S.obj
                0x0000000010003c54                __wrap___aeabi_ul2d
 .text.__wrap___aeabi_d2lz
                0x0000000010003c6c       0x26 CMakeFiles/main.dir/opt/pico/pico-sdk/src/rp2_common/pico_double/double_aeabi.S.obj
                0x0000000010003c6c                __wrap___aeabi_d2lz
                0x0000000010003c6c                double2int64_z
 *fill*         0x0000000010003c92        0x2 
 .text.double2int64
                0x0000000010003c94       0x18 CMakeFiles/main.dir/opt/pico/pico-sdk/src/rp2_common/pico_double/double_aeabi.S.obj
                0x0000000010003c94                double2int64
 .text.__wrap___aeabi_d2ulz
                0x0000000010003cac       0x18 CMakeFiles/main.dir/opt/pico/pico-sdk/src/rp2_common/pico_double/double_aeabi.S.obj
                0x0000000010003cac                __wrap___aeabi_d2ulz
 .text.double2ufix64
                0x0000000010003cc4       0x18 CMakeFiles/main.dir/opt/pico/pico-sdk/src/rp2_common/pico_double/double_aeabi.S.obj
                0x0000000010003cc4                double2ufix64
 .text.__wrap___aeabi_d2f
                0x0000000010003cdc       0x18 CMakeFiles/main.dir/opt/pico/pico-sdk/src/rp2_common/pico_double/double_aeabi.S.obj
                0x0000000010003cdc                __wrap___aeabi_d2f
 .text.__wrap_srqt
                0x0000000010003cf4       0x18 CMakeFiles/main.dir/opt/pico/pico-sdk/src/rp2_common/pico_double/double_aeabi.S.obj
                0x0000000010003cf4                __wrap_sqrt
 .text.__aeabi_double_init
                0x0000000010003d0c       0x94 CMakeFiles/main.dir/opt/pico/pico-sdk/src/rp2_common/pico_double/double_init_rom.c.obj
                0x0000000010003d0c                __aeabi_double_init
 .text.__wrap_trunc
                0x0000000010003da0       0x60 CMakeFiles/main.dir/opt/pico/pico-sdk/src/rp2_common/pico_double/double_math.c.obj
                0x0000000010003da0                __wrap_trunc
 .text.__wrap_floor
                0x0000000010003e00       0x94 CMakeFiles/main.dir/opt/pico/pico-sdk/src/rp2_common/pico_double/double_math.c.obj
                0x0000000010003e00                __wrap_floor
 .text.__wrap_ceil
                0x0000000010003e94       0x98 CMakeFiles/main.dir/opt/pico/pico-sdk/src/rp2_common/pico_double/double_math.c.obj
                0x0000000010003e94                __wrap_ceil
 .text.double_table_shim_on_use_helper
                0x0000000010003f2c       0x2c CMakeFiles/main.dir/opt/pico/pico-sdk/src/rp2_common/pico_double/double_v1_rom_shim.S.obj
                0x0000000010003f2c                double_table_shim_on_use_helper
 .text.__wrap___aeabi_dsub
                0x0000000010003f58       0x10 CMakeFiles/main.dir/opt/pico/pico-sdk/src/rp2_common/pico_double/double_v1_rom_shim.S.obj
                0x0000000010003f58                drsub_shim
                0x0000000010003f5e                dsub_shim
 .text.dadd_shim
                0x0000000010003f68      0x15c CMakeFiles/main.dir/opt/pico/pico-sdk/src/rp2_common/pico_double/double_v1_rom_shim.S.obj
                0x0000000010003f68                dadd_shim
 .text.dmul_shim
                0x00000000100040c4      0x15c CMakeFiles/main.dir/opt/pico/pico-sdk/src/rp2_common/pico_double/double_v1_rom_shim.S.obj
                0x00000000100040c4                dmul_shim
 .text.ddiv_shim
                0x0000000010004220      0x1b0 CMakeFiles/main.dir/opt/pico/pico-sdk/src/rp2_common/pico_double/double_v1_rom_shim.S.obj
                0x0000000010004220                ddiv_shim
 .text.dsqrt_shim
                0x00000000100043d0      0x1a8 CMakeFiles/main.dir/opt/pico/pico-sdk/src/rp2_common/pico_double/double_v1_rom_shim.S.obj
                0x00000000100043ec                dsqrt_shim
 .text.double2uint_shim
                0x0000000010004578        0xe CMakeFiles/main.dir/opt/pico/pico-sdk/src/rp2_common/pico_double/double_v1_rom_shim.S.obj
                0x0000000010004578                double2uint_shim
                0x000000001000457a                double2ufix_shim
 .text.double2int64_shim
                0x0000000010004586       0x1a CMakeFiles/main.dir/opt/pico/pico-sdk/src/rp2_common/pico_double/double_v1_rom_shim.S.obj
                0x0000000010004586                double2int64_shim
                0x0000000010004588                double2fix64_shim
 .text.double2uint64_shim
                0x00000000100045a0       0x70 CMakeFiles/main.dir/opt/pico/pico-sdk/src/rp2_common/pico_double/double_v1_rom_shim.S.obj
                0x00000000100045a0                double2uint64_shim
                0x00000000100045a2                double2ufix64_shim
                0x00000000100045c2                d2fix_a
 .text.double2float_shim
                0x0000000010004610       0x5c CMakeFiles/main.dir/opt/pico/pico-sdk/src/rp2_common/pico_double/double_v1_rom_shim.S.obj
                0x0000000010004610                double2float_shim
 .text.x2double_shims
                0x000000001000466c       0x90 CMakeFiles/main.dir/opt/pico/pico-sdk/src/rp2_common/pico_double/double_v1_rom_shim.S.obj
                0x000000001000466c                uint2double_shim
                0x000000001000466e                ufix2double_shim
                0x0000000010004674                int2double_shim
                0x0000000010004676                fix2double_shim
                0x000000001000467c                uint642double_shim
                0x000000001000467e                ufix642double_shim
                0x0000000010004684                int642double_shim
                0x0000000010004686                fix642double_shim
 .text.dunpacks
                0x00000000100046fc       0x3c CMakeFiles/main.dir/opt/pico/pico-sdk/src/rp2_common/pico_double/double_v1_rom_shim.S.obj
                0x00000000100046fc                dunpacks
 .text.__aeabi_lmul
                0x0000000010004738       0x32 CMakeFiles/main.dir/opt/pico/pico-sdk/src/rp2_common/pico_int64_ops/pico_int64_ops_aeabi.S.obj
                0x0000000010004738                __wrap___aeabi_lmul
 *fill*         0x000000001000476a        0x2 
 .text.__wrap___aeabi_farithmetic
                0x000000001000476c       0x48 CMakeFiles/main.dir/opt/pico/pico-sdk/src/rp2_common/pico_float/float_aeabi.S.obj
                0x000000001000476c                __wrap___aeabi_frsub
                0x0000000010004772                __wrap___aeabi_fsub
                0x0000000010004778                __wrap___aeabi_fadd
                0x000000001000477e                __wrap___aeabi_fdiv
                0x00000000100047a6                __wrap___aeabi_fmul
 .text.__wrap___aeabi_cfcmple
                0x00000000100047b4       0x50 CMakeFiles/main.dir/opt/pico/pico-sdk/src/rp2_common/pico_float/float_aeabi.S.obj
                0x00000000100047b4                __wrap___aeabi_cfrcmple
                0x00000000100047c0                __wrap___aeabi_cfcmpeq
                0x00000000100047c0                __wrap___aeabi_cfcmple
 .text.__wrap___aeabi_fcmpeq
                0x0000000010004804       0x10 CMakeFiles/main.dir/opt/pico/pico-sdk/src/rp2_common/pico_float/float_aeabi.S.obj
                0x0000000010004804                __wrap___aeabi_fcmpeq
 .text.__wrap___aeabi_fcmplt
                0x0000000010004814        0xc CMakeFiles/main.dir/opt/pico/pico-sdk/src/rp2_common/pico_float/float_aeabi.S.obj
                0x0000000010004814                __wrap___aeabi_fcmplt
 .text.__wrap___aeabi_fcmple
                0x0000000010004820       0x10 CMakeFiles/main.dir/opt/pico/pico-sdk/src/rp2_common/pico_float/float_aeabi.S.obj
                0x0000000010004820                __wrap___aeabi_fcmple
 .text.__wrap___aeabi_fcmpge
                0x0000000010004830       0x10 CMakeFiles/main.dir/opt/pico/pico-sdk/src/rp2_common/pico_float/float_aeabi.S.obj
                0x0000000010004830                __wrap___aeabi_fcmpge
 .text.__wrap___aeabi_fcmpgt
                0x0000000010004840        0xa CMakeFiles/main.dir/opt/pico/pico-sdk/src/rp2_common/pico_float/float_aeabi.S.obj
                0x0000000010004840                __wrap___aeabi_fcmpgt
 .text.__wrap___aeabi_fcmpun
                0x000000001000484a       0x18 CMakeFiles/main.dir/opt/pico/pico-sdk/src/rp2_common/pico_float/float_aeabi.S.obj
                0x000000001000484a                __wrap___aeabi_fcmpun
 .text.__wrap___aeabi_ui2f
                0x0000000010004862        0xa CMakeFiles/main.dir/opt/pico/pico-sdk/src/rp2_common/pico_float/float_aeabi.S.obj
                0x0000000010004862                __wrap___aeabi_ui2f
 .text.__wrap___aeabi_i2f
                0x000000001000486c       0x44 CMakeFiles/main.dir/opt/pico/pico-sdk/src/rp2_common/pico_float/float_aeabi.S.obj
                0x000000001000486c                __wrap___aeabi_i2f
 .text.__wrap___aeabi_f2iz
                0x00000000100048b0       0x4e CMakeFiles/main.dir/opt/pico/pico-sdk/src/rp2_common/pico_float/float_aeabi.S.obj
                0x00000000100048b0                __wrap___aeabi_f2iz
                0x00000000100048b0                float2int_z
 *fill*         0x00000000100048fe        0x2 
 .text.float2int
                0x0000000010004900       0x14 CMakeFiles/main.dir/opt/pico/pico-sdk/src/rp2_common/pico_float/float_aeabi.S.obj
                0x0000000010004900                float2int
 .text.__wrap___aeabi_f2uiz
                0x0000000010004914        0xc CMakeFiles/main.dir/opt/pico/pico-sdk/src/rp2_common/pico_float/float_aeabi.S.obj
                0x0000000010004914                __wrap___aeabi_f2uiz
 .text.__wrap___aeabi_l2f
                0x0000000010004920       0x20 CMakeFiles/main.dir/opt/pico/pico-sdk/src/rp2_common/pico_float/float_aeabi.S.obj
                0x0000000010004924                __wrap___aeabi_l2f
 .text.__wrap___aeabi_ul2f
                0x0000000010004940       0x20 CMakeFiles/main.dir/opt/pico/pico-sdk/src/rp2_common/pico_float/float_aeabi.S.obj
                0x0000000010004944                __wrap___aeabi_ul2f
 .text.__wrap___aeabi_f2lz
                0x0000000010004960       0x26 CMakeFiles/main.dir/opt/pico/pico-sdk/src/rp2_common/pico_float/float_aeabi.S.obj
                0x0000000010004960                float2int64_z
                0x0000000010004960                __wrap___aeabi_f2lz
 *fill*         0x0000000010004986        0x2 
 .text.float2int64
                0x0000000010004988       0x14 CMakeFiles/main.dir/opt/pico/pico-sdk/src/rp2_common/pico_float/float_aeabi.S.obj
                0x0000000010004988                float2int64
 .text.__wrap___aeabi_f2ulz
                0x000000001000499c       0x14 CMakeFiles/main.dir/opt/pico/pico-sdk/src/rp2_common/pico_float/float_aeabi.S.obj
                0x000000001000499c                __wrap___aeabi_f2ulz
 .text.float2ufix64
                0x00000000100049b0       0x14 CMakeFiles/main.dir/opt/pico/pico-sdk/src/rp2_common/pico_float/float_aeabi.S.obj
                0x00000000100049b0                float2ufix64
 .text.__wrap___aeabi_f2d
                0x00000000100049c4       0x14 CMakeFiles/main.dir/opt/pico/pico-sdk/src/rp2_common/pico_float/float_aeabi.S.obj
                0x00000000100049c4                __wrap___aeabi_f2d
 .text.__wrap_sqrtf
                0x00000000100049d8       0x20 CMakeFiles/main.dir/opt/pico/pico-sdk/src/rp2_common/pico_float/float_aeabi.S.obj
                0x00000000100049d8                __wrap_sqrtf
 .text.__aeabi_float_init
                0x00000000100049f8       0x64 CMakeFiles/main.dir/opt/pico/pico-sdk/src/rp2_common/pico_float/float_init_rom.c.obj
                0x00000000100049f8                __aeabi_float_init
 .text.__wrap_truncf
                0x0000000010004a5c       0x20 CMakeFiles/main.dir/opt/pico/pico-sdk/src/rp2_common/pico_float/float_math.c.obj
                0x0000000010004a5c                __wrap_truncf
 .text.__wrap_floorf
                0x0000000010004a7c       0x40 CMakeFiles/main.dir/opt/pico/pico-sdk/src/rp2_common/pico_float/float_math.c.obj
                0x0000000010004a7c                __wrap_floorf
 .text.__wrap_ceilf
                0x0000000010004abc       0x44 CMakeFiles/main.dir/opt/pico/pico-sdk/src/rp2_common/pico_float/float_math.c.obj
                0x0000000010004abc                __wrap_ceilf
 .text.float_table_shim_on_use_helper
                0x0000000010004b00       0x2c CMakeFiles/main.dir/opt/pico/pico-sdk/src/rp2_common/pico_float/float_v1_rom_shim.S.obj
                0x0000000010004b00                float_table_shim_on_use_helper
 .text.642float_shims
                0x0000000010004b2c       0x44 CMakeFiles/main.dir/opt/pico/pico-sdk/src/rp2_common/pico_float/float_v1_rom_shim.S.obj
                0x0000000010004b2c                uint642float_shim
                0x0000000010004b2e                ufix642float_shim
                0x0000000010004b3e                int642float_shim
                0x0000000010004b40                fix642float_shim
 .text.float232_shims
                0x0000000010004b70       0x18 CMakeFiles/main.dir/opt/pico/pico-sdk/src/rp2_common/pico_float/float_v1_rom_shim.S.obj
                0x0000000010004b70                float2int_shim
                0x0000000010004b72                float2fix_shim
 .text.float264_shims
                0x0000000010004b88       0x4c CMakeFiles/main.dir/opt/pico/pico-sdk/src/rp2_common/pico_float/float_v1_rom_shim.S.obj
                0x0000000010004b88                float2int64_shim
                0x0000000010004b8a                float2fix64_shim
                0x0000000010004b92                float2uint64_shim
                0x0000000010004b94                float2ufix64_shim
 .text.d2fix_a_float
                0x0000000010004bd4       0x5c CMakeFiles/main.dir/opt/pico/pico-sdk/src/rp2_common/pico_float/float_v1_rom_shim.S.obj
 .text.float2double_shim
                0x0000000010004c30       0x30 CMakeFiles/main.dir/opt/pico/pico-sdk/src/rp2_common/pico_float/float_v1_rom_shim.S.obj
                0x0000000010004c30                float2double_shim
 .text.__wrap_calloc
                0x0000000010004c60       0x24 CMakeFiles/main.dir/opt/pico/pico-sdk/src/rp2_common/pico_malloc/pico_malloc.c.obj
                0x0000000010004c60                __wrap_calloc
 .text.__wrap_realloc
                0x0000000010004c84       0x24 CMakeFiles/main.dir/opt/pico/pico-sdk/src/rp2_common/pico_malloc/pico_malloc.c.obj
                0x0000000010004c84                __wrap_realloc
 .text.__wrap_free
                0x0000000010004ca8        0x8 CMakeFiles/main.dir/opt/pico/pico-sdk/src/rp2_common/pico_malloc/pico_malloc.c.obj
                0x0000000010004ca8                __wrap_free
 .text          0x0000000010004cb0       0x10 CMakeFiles/main.dir/opt/pico/pico-sdk/src/rp2_common/pico_mem_ops/mem_ops_aeabi.S.obj
                0x0000000010004cb0                __aeabi_mem_init
 .text.memset   0x0000000010004cc0        0xc CMakeFiles/main.dir/opt/pico/pico-sdk/src/rp2_common/pico_mem_ops/mem_ops_aeabi.S.obj
                0x0000000010004cc0                __wrap_memset
 .text.memcpy   0x0000000010004ccc        0xc CMakeFiles/main.dir/opt/pico/pico-sdk/src/rp2_common/pico_mem_ops/mem_ops_aeabi.S.obj
                0x0000000010004ccc                __wrap___aeabi_memcpy
                0x0000000010004ccc                __wrap_memcpy
 .text.stdio_out_chars_no_crlf
                0x0000000010004cd8       0x10 CMakeFiles/main.dir/opt/pico/pico-sdk/src/rp2_common/pico_stdio/stdio.c.obj
 .text.stdio_out_chars_crlf
                0x0000000010004ce8       0xb4 CMakeFiles/main.dir/opt/pico/pico-sdk/src/rp2_common/pico_stdio/stdio.c.obj
 .text.stdio_buffered_printer
                0x0000000010004d9c       0x64 CMakeFiles/main.dir/opt/pico/pico-sdk/src/rp2_common/pico_stdio/stdio.c.obj
 .text.stdio_put_string.isra.0
                0x0000000010004e00       0xfc CMakeFiles/main.dir/opt/pico/pico-sdk/src/rp2_common/pico_stdio/stdio.c.obj
 .text.__wrap_putchar
                0x0000000010004efc       0x98 CMakeFiles/main.dir/opt/pico/pico-sdk/src/rp2_common/pico_stdio/stdio.c.obj
                0x0000000010004efc                __wrap_putchar
 .text.__wrap_puts
                0x0000000010004f94       0x3c CMakeFiles/main.dir/opt/pico/pico-sdk/src/rp2_common/pico_stdio/stdio.c.obj
                0x0000000010004f94                __wrap_puts
 .text.stdio_set_driver_enabled
                0x0000000010004fd0       0x30 CMakeFiles/main.dir/opt/pico/pico-sdk/src/rp2_common/pico_stdio/stdio.c.obj
                0x0000000010004fd0                stdio_set_driver_enabled
 .text.__wrap_vprintf
                0x0000000010005000       0xd8 CMakeFiles/main.dir/opt/pico/pico-sdk/src/rp2_common/pico_stdio/stdio.c.obj
                0x0000000010005000                __wrap_vprintf
 .text.__wrap_printf
                0x00000000100050d8       0x18 CMakeFiles/main.dir/opt/pico/pico-sdk/src/rp2_common/pico_stdio/stdio.c.obj
                0x00000000100050d8                __wrap_printf
 .text.stdio_init_all
                0x00000000100050f0        0x8 CMakeFiles/main.dir/opt/pico/pico-sdk/src/rp2_common/pico_stdio/stdio.c.obj
                0x00000000100050f0                stdio_init_all
 .text.resetd_init
                0x00000000100050f8        0x4 CMakeFiles/main.dir/opt/pico/pico-sdk/src/rp2_common/pico_stdio_usb/reset_interface.c.obj
 .text.resetd_reset
                0x00000000100050fc        0xc CMakeFiles/main.dir/opt/pico/pico-sdk/src/rp2_common/pico_stdio_usb/reset_interface.c.obj
 .text.resetd_open
                0x0000000010005108       0x28 CMakeFiles/main.dir/opt/pico/pico-sdk/src/rp2_common/pico_stdio_usb/reset_interface.c.obj
 .text.resetd_xfer_cb
                0x0000000010005130        0x4 CMakeFiles/main.dir/opt/pico/pico-sdk/src/rp2_common/pico_stdio_usb/reset_interface.c.obj
 .text.resetd_control_xfer_cb
                0x0000000010005134       0x64 CMakeFiles/main.dir/opt/pico/pico-sdk/src/rp2_common/pico_stdio_usb/reset_interface.c.obj
 .text.usbd_app_driver_get_cb
                0x0000000010005198        0xc CMakeFiles/main.dir/opt/pico/pico-sdk/src/rp2_common/pico_stdio_usb/reset_interface.c.obj
                0x0000000010005198                usbd_app_driver_get_cb
 .text.tud_cdc_line_coding_cb
                0x00000000100051a4       0x34 CMakeFiles/main.dir/opt/pico/pico-sdk/src/rp2_common/pico_stdio_usb/reset_interface.c.obj
                0x00000000100051a4                tud_cdc_line_coding_cb
 .text.stdio_usb_set_chars_available_callback
                0x00000000100051d8       0x14 CMakeFiles/main.dir/opt/pico/pico-sdk/src/rp2_common/pico_stdio_usb/stdio_usb.c.obj
                0x00000000100051d8                stdio_usb_set_chars_available_callback
 .text.usb_irq  0x00000000100051ec       0x10 CMakeFiles/main.dir/opt/pico/pico-sdk/src/rp2_common/pico_stdio_usb/stdio_usb.c.obj
 .text.timer_task
                0x00000000100051fc       0x54 CMakeFiles/main.dir/opt/pico/pico-sdk/src/rp2_common/pico_stdio_usb/stdio_usb.c.obj
 .text.stdio_usb_in_chars
                0x0000000010005250       0x90 CMakeFiles/main.dir/opt/pico/pico-sdk/src/rp2_common/pico_stdio_usb/stdio_usb.c.obj
                0x0000000010005250                stdio_usb_in_chars
 .text.stdio_usb_out_chars
                0x00000000100052e0      0x100 CMakeFiles/main.dir/opt/pico/pico-sdk/src/rp2_common/pico_stdio_usb/stdio_usb.c.obj
 .text.low_priority_worker_irq
                0x00000000100053e0       0xa8 CMakeFiles/main.dir/opt/pico/pico-sdk/src/rp2_common/pico_stdio_usb/stdio_usb.c.obj
 .text.tud_cdc_rx_cb
                0x0000000010005488       0x20 CMakeFiles/main.dir/opt/pico/pico-sdk/src/rp2_common/pico_stdio_usb/stdio_usb.c.obj
                0x0000000010005488                tud_cdc_rx_cb
 .text.stdio_usb_init
                0x00000000100054a8       0xdc CMakeFiles/main.dir/opt/pico/pico-sdk/src/rp2_common/pico_stdio_usb/stdio_usb.c.obj
                0x00000000100054a8                stdio_usb_init
 .text.tud_descriptor_device_cb
                0x0000000010005584        0x8 CMakeFiles/main.dir/opt/pico/pico-sdk/src/rp2_common/pico_stdio_usb/stdio_usb_descriptors.c.obj
                0x0000000010005584                tud_descriptor_device_cb
 .text.tud_descriptor_configuration_cb
                0x000000001000558c        0x8 CMakeFiles/main.dir/opt/pico/pico-sdk/src/rp2_common/pico_stdio_usb/stdio_usb_descriptors.c.obj
                0x000000001000558c                tud_descriptor_configuration_cb
 .text.tud_descriptor_string_cb
                0x0000000010005594       0x74 CMakeFiles/main.dir/opt/pico/pico-sdk/src/rp2_common/pico_stdio_usb/stdio_usb_descriptors.c.obj
                0x0000000010005594                tud_descriptor_string_cb
 .text.startup._retrieve_unique_id_on_boot
                0x0000000010005608       0x10 CMakeFiles/main.dir/opt/pico/pico-sdk/src/rp2_common/pico_unique_id/unique_id.c.obj
 .text.pico_get_unique_board_id_string
                0x0000000010005618      0x1a8 CMakeFiles/main.dir/opt/pico/pico-sdk/src/rp2_common/pico_unique_id/unique_id.c.obj
                0x0000000010005618                pico_get_unique_board_id_string
 .text.flash_get_unique_id
                0x00000000100057c0       0x40 CMakeFiles/main.dir/opt/pico/pico-sdk/src/rp2_common/hardware_flash/flash.c.obj
                0x00000000100057c0                flash_get_unique_id
 .text.dcd_int_enable
                0x0000000010005800        0xc CMakeFiles/main.dir/opt/pico/pico-sdk/lib/tinyusb/src/portable/raspberrypi/rp2040/dcd_rp2040.c.obj
                0x0000000010005800                dcd_int_enable
 .text.dcd_set_address
                0x000000001000580c       0x14 CMakeFiles/main.dir/opt/pico/pico-sdk/lib/tinyusb/src/portable/raspberrypi/rp2040/dcd_rp2040.c.obj
                0x000000001000580c                dcd_set_address
 .text.dcd_connect
                0x0000000010005820       0x10 CMakeFiles/main.dir/opt/pico/pico-sdk/lib/tinyusb/src/portable/raspberrypi/rp2040/dcd_rp2040.c.obj
                0x0000000010005820                dcd_connect
 .text.dcd_init
                0x0000000010005830       0x98 CMakeFiles/main.dir/opt/pico/pico-sdk/lib/tinyusb/src/portable/raspberrypi/rp2040/dcd_rp2040.c.obj
                0x0000000010005830                dcd_init
 .text.dcd_edpt0_status_complete
                0x00000000100058c8       0x1c CMakeFiles/main.dir/opt/pico/pico-sdk/lib/tinyusb/src/portable/raspberrypi/rp2040/dcd_rp2040.c.obj
                0x00000000100058c8                dcd_edpt0_status_complete
 .text.dcd_edpt_open
                0x00000000100058e4      0x108 CMakeFiles/main.dir/opt/pico/pico-sdk/lib/tinyusb/src/portable/raspberrypi/rp2040/dcd_rp2040.c.obj
                0x00000000100058e4                dcd_edpt_open
 .text.dcd_edpt_close_all
                0x00000000100059ec        0x8 CMakeFiles/main.dir/opt/pico/pico-sdk/lib/tinyusb/src/portable/raspberrypi/rp2040/dcd_rp2040.c.obj
                0x00000000100059ec                dcd_edpt_close_all
 .text.dcd_edpt_xfer
                0x00000000100059f4       0x24 CMakeFiles/main.dir/opt/pico/pico-sdk/lib/tinyusb/src/portable/raspberrypi/rp2040/dcd_rp2040.c.obj
                0x00000000100059f4                dcd_edpt_xfer
 .text.dcd_edpt_stall
                0x0000000010005a18       0x38 CMakeFiles/main.dir/opt/pico/pico-sdk/lib/tinyusb/src/portable/raspberrypi/rp2040/dcd_rp2040.c.obj
                0x0000000010005a18                dcd_edpt_stall
 .text.dcd_edpt_clear_stall
                0x0000000010005a50       0x30 CMakeFiles/main.dir/opt/pico/pico-sdk/lib/tinyusb/src/portable/raspberrypi/rp2040/dcd_rp2040.c.obj
                0x0000000010005a50                dcd_edpt_clear_stall
 .text.rp2040_usb_init
                0x0000000010005a80       0x4c CMakeFiles/main.dir/opt/pico/pico-sdk/lib/tinyusb/src/portable/raspberrypi/rp2040/rp2040_usb.c.obj
                0x0000000010005a80                rp2040_usb_init
 .text.hw_endpoint_xfer_start
                0x0000000010005acc       0x50 CMakeFiles/main.dir/opt/pico/pico-sdk/lib/tinyusb/src/portable/raspberrypi/rp2040/rp2040_usb.c.obj
                0x0000000010005acc                hw_endpoint_xfer_start
 .text.tud_mounted
                0x0000000010005b1c       0x10 CMakeFiles/main.dir/opt/pico/pico-sdk/lib/tinyusb/src/device/usbd.c.obj
                0x0000000010005b1c                tud_mounted
 .text.tud_suspended
                0x0000000010005b2c       0x10 CMakeFiles/main.dir/opt/pico/pico-sdk/lib/tinyusb/src/device/usbd.c.obj
                0x0000000010005b2c                tud_suspended
 .text.tud_inited
                0x0000000010005b3c       0x14 CMakeFiles/main.dir/opt/pico/pico-sdk/lib/tinyusb/src/device/usbd.c.obj
                0x0000000010005b3c                tud_inited
 .text.tud_init
                0x0000000010005b50       0xe4 CMakeFiles/main.dir/opt/pico/pico-sdk/lib/tinyusb/src/device/usbd.c.obj
                0x0000000010005b50                tud_init
 .text.tud_task_ext
                0x0000000010005c34      0x854 CMakeFiles/main.dir/opt/pico/pico-sdk/lib/tinyusb/src/device/usbd.c.obj
                0x0000000010005c34                tud_task_ext
 .text.usbd_open_edpt_pair
                0x0000000010006488       0x9c CMakeFiles/main.dir/opt/pico/pico-sdk/lib/tinyusb/src/device/usbd.c.obj
                0x0000000010006488                usbd_open_edpt_pair
 .text.usbd_defer_func
                0x0000000010006524       0x48 CMakeFiles/main.dir/opt/pico/pico-sdk/lib/tinyusb/src/device/usbd.c.obj
                0x0000000010006524                usbd_defer_func
 .text.usbd_edpt_open
                0x000000001000656c       0x34 CMakeFiles/main.dir/opt/pico/pico-sdk/lib/tinyusb/src/device/usbd.c.obj
                0x000000001000656c                usbd_edpt_open
 .text.usbd_edpt_claim
                0x00000000100065a0       0x28 CMakeFiles/main.dir/opt/pico/pico-sdk/lib/tinyusb/src/device/usbd.c.obj
                0x00000000100065a0                usbd_edpt_claim
 .text.usbd_edpt_release
                0x00000000100065c8       0x28 CMakeFiles/main.dir/opt/pico/pico-sdk/lib/tinyusb/src/device/usbd.c.obj
                0x00000000100065c8                usbd_edpt_release
 .text.usbd_edpt_xfer
                0x00000000100065f0       0x4c CMakeFiles/main.dir/opt/pico/pico-sdk/lib/tinyusb/src/device/usbd.c.obj
                0x00000000100065f0                usbd_edpt_xfer
 .text.tud_control_status
                0x000000001000663c       0x30 CMakeFiles/main.dir/opt/pico/pico-sdk/lib/tinyusb/src/device/usbd_control.c.obj
                0x000000001000663c                tud_control_status
 .text.tud_control_xfer
                0x000000001000666c       0xbc CMakeFiles/main.dir/opt/pico/pico-sdk/lib/tinyusb/src/device/usbd_control.c.obj
                0x000000001000666c                tud_control_xfer
 .text.usbd_control_reset
                0x0000000010006728       0x14 CMakeFiles/main.dir/opt/pico/pico-sdk/lib/tinyusb/src/device/usbd_control.c.obj
                0x0000000010006728                usbd_control_reset
 .text.usbd_control_set_complete_callback
                0x000000001000673c        0xc CMakeFiles/main.dir/opt/pico/pico-sdk/lib/tinyusb/src/device/usbd_control.c.obj
                0x000000001000673c                usbd_control_set_complete_callback
 .text.usbd_control_set_request
                0x0000000010006748       0x1c CMakeFiles/main.dir/opt/pico/pico-sdk/lib/tinyusb/src/device/usbd_control.c.obj
                0x0000000010006748                usbd_control_set_request
 .text.usbd_control_xfer_cb
                0x0000000010006764       0xfc CMakeFiles/main.dir/opt/pico/pico-sdk/lib/tinyusb/src/device/usbd_control.c.obj
                0x0000000010006764                usbd_control_xfer_cb
 .text.tud_cdc_n_connected
                0x0000000010006860       0x30 CMakeFiles/main.dir/opt/pico/pico-sdk/lib/tinyusb/src/class/cdc/cdc_device.c.obj
                0x0000000010006860                tud_cdc_n_connected
 .text.tud_cdc_n_available
                0x0000000010006890       0x18 CMakeFiles/main.dir/opt/pico/pico-sdk/lib/tinyusb/src/class/cdc/cdc_device.c.obj
                0x0000000010006890                tud_cdc_n_available
 .text.tud_cdc_n_read
                0x00000000100068a8       0x70 CMakeFiles/main.dir/opt/pico/pico-sdk/lib/tinyusb/src/class/cdc/cdc_device.c.obj
                0x00000000100068a8                tud_cdc_n_read
 .text.tud_cdc_n_write_flush
                0x0000000010006918       0x78 CMakeFiles/main.dir/opt/pico/pico-sdk/lib/tinyusb/src/class/cdc/cdc_device.c.obj
                0x0000000010006918                tud_cdc_n_write_flush
 .text.tud_cdc_n_write
                0x0000000010006990       0x34 CMakeFiles/main.dir/opt/pico/pico-sdk/lib/tinyusb/src/class/cdc/cdc_device.c.obj
                0x0000000010006990                tud_cdc_n_write
 .text.tud_cdc_n_write_available
                0x00000000100069c4       0x18 CMakeFiles/main.dir/opt/pico/pico-sdk/lib/tinyusb/src/class/cdc/cdc_device.c.obj
                0x00000000100069c4                tud_cdc_n_write_available
 .text.cdcd_init
                0x00000000100069dc       0x7c CMakeFiles/main.dir/opt/pico/pico-sdk/lib/tinyusb/src/class/cdc/cdc_device.c.obj
                0x00000000100069dc                cdcd_init
 .text.cdcd_reset
                0x0000000010006a58       0x2c CMakeFiles/main.dir/opt/pico/pico-sdk/lib/tinyusb/src/class/cdc/cdc_device.c.obj
                0x0000000010006a58                cdcd_reset
 .text.cdcd_open
                0x0000000010006a84       0xe8 CMakeFiles/main.dir/opt/pico/pico-sdk/lib/tinyusb/src/class/cdc/cdc_device.c.obj
                0x0000000010006a84                cdcd_open
 .text.cdcd_control_xfer_cb
                0x0000000010006b6c       0xe4 CMakeFiles/main.dir/opt/pico/pico-sdk/lib/tinyusb/src/class/cdc/cdc_device.c.obj
                0x0000000010006b6c                cdcd_control_xfer_cb
 .text.cdcd_xfer_cb
                0x0000000010006c50      0x148 CMakeFiles/main.dir/opt/pico/pico-sdk/lib/tinyusb/src/class/cdc/cdc_device.c.obj
                0x0000000010006c50                cdcd_xfer_cb
 .text.tusb_init
                0x0000000010006d98        0xc CMakeFiles/main.dir/opt/pico/pico-sdk/lib/tinyusb/src/tusb.c.obj
                0x0000000010006d98                tusb_init
 .text.tusb_inited
                0x0000000010006da4        0x8 CMakeFiles/main.dir/opt/pico/pico-sdk/lib/tinyusb/src/tusb.c.obj
                0x0000000010006da4                tusb_inited
 .text.tu_edpt_claim
                0x0000000010006dac       0x50 CMakeFiles/main.dir/opt/pico/pico-sdk/lib/tinyusb/src/tusb.c.obj
                0x0000000010006dac                tu_edpt_claim
 .text.tu_edpt_release
                0x0000000010006dfc       0x38 CMakeFiles/main.dir/opt/pico/pico-sdk/lib/tinyusb/src/tusb.c.obj
                0x0000000010006dfc                tu_edpt_release
 .text.tu_edpt_validate
                0x0000000010006e34       0x78 CMakeFiles/main.dir/opt/pico/pico-sdk/lib/tinyusb/src/tusb.c.obj
                0x0000000010006e34                tu_edpt_validate
 .text.tu_edpt_bind_driver
                0x0000000010006eac       0x34 CMakeFiles/main.dir/opt/pico/pico-sdk/lib/tinyusb/src/tusb.c.obj
                0x0000000010006eac                tu_edpt_bind_driver
 .text.tu_fifo_config
                0x0000000010006ee0       0x70 CMakeFiles/main.dir/opt/pico/pico-sdk/lib/tinyusb/src/common/tusb_fifo.c.obj
                0x0000000010006ee0                tu_fifo_config
 .text.tu_fifo_count
                0x0000000010006f50       0x2c CMakeFiles/main.dir/opt/pico/pico-sdk/lib/tinyusb/src/common/tusb_fifo.c.obj
                0x0000000010006f50                tu_fifo_count
 .text.tu_fifo_empty
                0x0000000010006f7c       0x10 CMakeFiles/main.dir/opt/pico/pico-sdk/lib/tinyusb/src/common/tusb_fifo.c.obj
                0x0000000010006f7c                tu_fifo_empty
 .text.tu_fifo_remaining
                0x0000000010006f8c       0x2c CMakeFiles/main.dir/opt/pico/pico-sdk/lib/tinyusb/src/common/tusb_fifo.c.obj
                0x0000000010006f8c                tu_fifo_remaining
 .text.tu_fifo_read
                0x0000000010006fb8       0xa0 CMakeFiles/main.dir/opt/pico/pico-sdk/lib/tinyusb/src/common/tusb_fifo.c.obj
                0x0000000010006fb8                tu_fifo_read
 .text.tu_fifo_read_n
                0x0000000010007058       0xec CMakeFiles/main.dir/opt/pico/pico-sdk/lib/tinyusb/src/common/tusb_fifo.c.obj
                0x0000000010007058                tu_fifo_read_n
 .text.tu_fifo_write
                0x0000000010007144       0x88 CMakeFiles/main.dir/opt/pico/pico-sdk/lib/tinyusb/src/common/tusb_fifo.c.obj
                0x0000000010007144                tu_fifo_write
 .text.tu_fifo_write_n
                0x00000000100071cc      0x168 CMakeFiles/main.dir/opt/pico/pico-sdk/lib/tinyusb/src/common/tusb_fifo.c.obj
                0x00000000100071cc                tu_fifo_write_n
 .text.tu_fifo_clear
                0x0000000010007334       0x40 CMakeFiles/main.dir/opt/pico/pico-sdk/lib/tinyusb/src/common/tusb_fifo.c.obj
                0x0000000010007334                tu_fifo_clear
 .text.tu_fifo_set_overwritable
                0x0000000010007374       0x48 CMakeFiles/main.dir/opt/pico/pico-sdk/lib/tinyusb/src/common/tusb_fifo.c.obj
                0x0000000010007374                tu_fifo_set_overwritable
 .text          0x00000000100073bc     0x1588 m3/libm3.a(m3_env.c.obj)
                0x00000000100073bc                m3_NewEnvironment
                0x0000000010007454                Environment_Release
                0x0000000010007474                m3_FreeEnvironment
                0x000000001000749c                m3_SetCustomSectionHandler
                0x00000000100074a4                Environment_AddFuncType
                0x00000000100074dc                RemoveCodePageOfCapacity
                0x0000000010007514                Environment_AcquireCodePage
                0x000000001000754c                Environment_ReleaseCodePages
                0x000000001000756c                m3_NewRuntime
                0x00000000100075e0                m3_GetUserData
                0x00000000100075f4                ForEachModule
                0x0000000010007618                _FreeModule
                0x0000000010007624                Runtime_Release
                0x00000000100076b0                m3_FreeRuntime
                0x00000000100076c8                InitMemory
                0x0000000010007790                ResizeMemory
                0x0000000010007834                m3_CompileModule
                0x000000001000787c                m3_RunStart
                0x0000000010007904                m3_FindGlobal
                0x0000000010007964                m3_GetGlobal
                0x00000000100079bc                m3_SetGlobal
                0x0000000010007a30                m3_GetGlobalType
                0x0000000010007a3c                v_FindFunction
                0x0000000010007adc                m3_GetTableFunction
                0x0000000010007b18                m3_GetArgCount
                0x0000000010007b2c                m3_GetRetCount
                0x0000000010007b40                m3_GetArgType
                0x0000000010007b60                m3_GetRetType
                0x0000000010007b7c                GetStackPointerForArgs
                0x0000000010007b94                m3_CallV
                0x0000000010007cbc                m3_CallVL
                0x0000000010007dd4                m3_Call
                0x0000000010007ed8                m3_CallArgv
                0x0000000010008004                m3_GetResults
                0x00000000100080b8                m3_GetResultsV
                0x0000000010008150                m3_GetResultsVL
                0x00000000100081d4                ReleaseCodePageNoTrack
                0x0000000010008204                AcquireCodePageWithCapacity
                0x00000000100082a0                EvaluateExpression
                0x0000000010008430                InitGlobals
                0x000000001000847c                InitDataSegments
                0x000000001000851c                InitElements
                0x0000000010008628                m3_LoadModule
                0x0000000010008788                AcquireCodePage
                0x0000000010008794                ReleaseCodePage
                0x00000000100087d0                m3Error
                0x0000000010008830                m3_FindFunction
                0x00000000100088bc                m3_GetErrorInfo
                0x00000000100088f0                m3_ResetErrorInfo
                0x0000000010008914                m3_GetMemory
                0x0000000010008934                m3_GetMemorySize
                0x0000000010008940                m3_GetBacktrace
 .text          0x0000000010008944        0x4 m3/libm3.a(m3_info.c.obj)
                0x0000000010008944                m3_PrintProfilerInfo
 .text          0x0000000010008948      0x22c m3/libm3.a(m3_module.c.obj)
                0x0000000010008948                Module_FreeFunctions
                0x000000001000896c                m3_FreeModule
                0x00000000100089e8                Module_AddGlobal
                0x0000000010008a50                Module_PreallocFunctions
                0x0000000010008a8c                Module_AddFunction
                0x0000000010008b34                Module_GetFunction
                0x0000000010008b4c                m3_GetModuleName
                0x0000000010008b60                m3_SetModuleName
                0x0000000010008b68                m3_GetModuleRuntime
 .text          0x0000000010008b74      0xcc0 m3/libm3.a(m3_parse.c.obj)
                0x0000000010008b74                ParseSection_Start
                0x0000000010008ba0                ParseSection_Element
                0x0000000010008bd8                ParseSection_Type
                0x0000000010008e1c                ParseSection_Function
                0x0000000010008e88                ParseSection_Export
                0x0000000010008fb0                ParseSection_Code
                0x000000001000905c                ParseSection_Memory
                0x00000000100090c4                ParseSection_Import
                0x0000000010009280                ParseType_Table
                0x000000001000928c                ParseType_Memory
                0x00000000100092cc                Parse_InitExpr
                0x0000000010009304                ParseSection_Data
                0x00000000100093cc                ParseSection_Global
                0x000000001000948c                ParseSection_Name
                0x0000000010009568                ParseSection_Custom
                0x00000000100095d0                ParseModuleSection
                0x00000000100095fc                m3_ParseModule
 .text          0x0000000010009834      0x134 m3/libm3.a(m3_code.c.obj)
                0x0000000010009834                NewCodePage
                0x0000000010009880                FreeCodePages
                0x000000001000989c                NumFreeLines
                0x00000000100098a4                EmitWord_impl
                0x00000000100098b4                EmitWord32
                0x00000000100098d4                EmitWord64
                0x00000000100098f8                GetPageStartPC
                0x00000000100098fc                GetPagePC
                0x0000000010009910                PushCodePage
                0x0000000010009918                PopCodePage
                0x0000000010009928                FindCodePageEnd
                0x0000000010009940                CountCodePages
                0x0000000010009954                GetEndCodePage
 .text          0x0000000010009968     0xd82c m3/libm3.a(m3_compile.c.obj)
                0x00000000100162e0                GetMaxUsedSlotPlusOne
                0x0000000010016320                AddTrapRecord
                0x000000001001632c                CompileRawFunction
                0x0000000010016394                GetOpInfo
                0x00000000100163d0                CompileBlockStatements
                0x0000000010016a80                CompileBlock
                0x000000001001717c                CompileFunction
 .text          0x0000000010017194      0x7b8 m3/libm3.a(m3_core.c.obj)
                0x0000000010017194                m3_Yield
                0x0000000010017198                m3_Malloc_Impl
                0x00000000100171a4                m3_Free_Impl
                0x00000000100171ac                m3_Realloc_Impl
                0x00000000100171d8                m3_CopyMem
                0x00000000100171f8                NormalizeType
                0x000000001001721c                IsFpType
                0x000000001001722c                IsIntType
                0x000000001001723c                Is64BitType
                0x000000001001724c                SizeOfType
                0x000000001001725c                Read_u64
                0x0000000010017280                Read_u32
                0x00000000100172a0                Read_f64
                0x00000000100172c4                Read_f32
                0x00000000100172e4                Read_u8
                0x0000000010017300                Read_opcode
                0x000000001001731c                ReadLebUnsigned
                0x00000000100173c0                ReadLebSigned
                0x0000000010017484                ReadLEB_u32
                0x000000001001751c                ReadLEB_u7
                0x0000000010017550                ReadLEB_i7
                0x0000000010017598                ReadLEB_i32
                0x0000000010017664                ReadLEB_i64
                0x0000000010017864                Read_utf8
 .text          0x000000001001794c      0x1f4 m3/libm3.a(m3_function.c.obj)
                0x000000001001794c                AllocFuncType
                0x0000000010017974                AreFuncTypesEqual
                0x000000001001799c                GetFuncTypeNumParams
                0x00000000100179a8                GetFuncTypeParamType
                0x00000000100179c0                GetFuncTypeNumResults
                0x00000000100179cc                GetFuncTypeResultType
                0x00000000100179e0                FreeImportInfo
                0x00000000100179f8                Function_Release
                0x0000000010017a60                Function_FreeCompiledCode
                0x0000000010017a64                m3_GetFunctionName
                0x0000000010017a84                m3_GetFunctionModule
                0x0000000010017a90                GetFunctionNames
                0x0000000010017ab4                GetFunctionImportModuleName
                0x0000000010017ac4                GetFunctionNumArgs
                0x0000000010017ad8                GetFunctionArgType
                0x0000000010017af8                GetFunctionNumReturns
                0x0000000010017b0c                GetFunctionReturnType
                0x0000000010017b28                GetFunctionNumArgsAndLocals
 .text          0x0000000010017b40       0x18 /usr/lib/gcc/arm-none-eabi/10.3.1/../../../arm-none-eabi/lib/thumb/v6-m/nofp/libc.a(lib_a-calloc.o)
                0x0000000010017b40                calloc
 .text          0x0000000010017b58       0x5c /usr/lib/gcc/arm-none-eabi/10.3.1/../../../arm-none-eabi/lib/thumb/v6-m/nofp/libc.a(lib_a-callocr.o)
                0x0000000010017b58                _calloc_r
 .text          0x0000000010017bb4       0x28 /usr/lib/gcc/arm-none-eabi/10.3.1/../../../arm-none-eabi/lib/thumb/v6-m/nofp/libc.a(lib_a-malloc.o)
                0x0000000010017bb4                malloc
                0x0000000010017bc8                free
 .text          0x0000000010017bdc      0x574 /usr/lib/gcc/arm-none-eabi/10.3.1/../../../arm-none-eabi/lib/thumb/v6-m/nofp/libc.a(lib_a-mallocr.o)
                0x0000000010017bdc                _malloc_r
 .text          0x0000000010018150        0x8 /usr/lib/gcc/arm-none-eabi/10.3.1/../../../arm-none-eabi/lib/thumb/v6-m/nofp/libc.a(lib_a-mlock.o)
                0x0000000010018150                __malloc_lock
                0x0000000010018154                __malloc_unlock
 .text          0x0000000010018158       0x18 /usr/lib/gcc/arm-none-eabi/10.3.1/../../../arm-none-eabi/lib/thumb/v6-m/nofp/libc.a(lib_a-realloc.o)
                0x0000000010018158                realloc
 .text          0x0000000010018170      0x354 /usr/lib/gcc/arm-none-eabi/10.3.1/../../../arm-none-eabi/lib/thumb/v6-m/nofp/libc.a(lib_a-reallocr.o)
                0x0000000010018170                _realloc_r
 .text          0x00000000100184c4       0x24 /usr/lib/gcc/arm-none-eabi/10.3.1/../../../arm-none-eabi/lib/thumb/v6-m/nofp/libc.a(lib_a-sbrkr.o)
                0x00000000100184c4                _sbrk_r
 .text          0x00000000100184e8       0x88 /usr/lib/gcc/arm-none-eabi/10.3.1/../../../arm-none-eabi/lib/thumb/v6-m/nofp/libc.a(lib_a-strcmp.o)
                0x00000000100184e8                strcmp
 .text          0x0000000010018570       0x5c /usr/lib/gcc/arm-none-eabi/10.3.1/../../../arm-none-eabi/lib/thumb/v6-m/nofp/libc.a(lib_a-strlen-stub.o)
                0x0000000010018570                strlen
 .text          0x00000000100185cc     0x1128 /usr/lib/gcc/arm-none-eabi/10.3.1/../../../arm-none-eabi/lib/thumb/v6-m/nofp/libc.a(lib_a-strtod.o)
                0x00000000100185cc                _strtod_l
                0x000000001001954c                _strtod_r
                0x000000001001955c                strtod_l
                0x0000000010019574                strtod
                0x0000000010019590                strtof_l
                0x0000000010019640                strtof
 .text          0x00000000100196f4      0x180 /usr/lib/gcc/arm-none-eabi/10.3.1/../../../arm-none-eabi/lib/thumb/v6-m/nofp/libc.a(lib_a-strtoul.o)
                0x000000001001983c                _strtoul_r
                0x0000000010019844                strtoul_l
                0x000000001001985c                strtoul
 .text          0x0000000010019874      0x1f4 /usr/lib/gcc/arm-none-eabi/10.3.1/../../../arm-none-eabi/lib/thumb/v6-m/nofp/libc.a(lib_a-strtoull.o)
                0x0000000010019a30                _strtoull_r
                0x0000000010019a38                strtoull_l
                0x0000000010019a50                strtoull
 .text          0x0000000010019a68      0x260 /usr/lib/gcc/arm-none-eabi/10.3.1/../../../arm-none-eabi/lib/thumb/v6-m/nofp/libc.a(lib_a-freer.o)
                0x0000000010019a68                _malloc_trim_r
                0x0000000010019b04                _free_r
 .text          0x0000000010019cc8      0x670 /usr/lib/gcc/arm-none-eabi/10.3.1/../../../arm-none-eabi/lib/thumb/v6-m/nofp/libc.a(lib_a-gdtoa-gethex.o)
                0x0000000010019d6c                __gethex
 .text          0x000000001001a338      0x1fc /usr/lib/gcc/arm-none-eabi/10.3.1/../../../arm-none-eabi/lib/thumb/v6-m/nofp/libc.a(lib_a-gdtoa-hexnan.o)
                0x000000001001a338                __match
                0x000000001001a364                __hexnan
 .text          0x000000001001a534       0x44 /usr/lib/gcc/arm-none-eabi/10.3.1/../../../arm-none-eabi/lib/thumb/v6-m/nofp/libc.a(lib_a-mbtowc_r.o)
                0x000000001001a534                _mbtowc_r
                0x000000001001a54c                __ascii_mbtowc
 .text          0x000000001001a578      0xafc /usr/lib/gcc/arm-none-eabi/10.3.1/../../../arm-none-eabi/lib/thumb/v6-m/nofp/libc.a(lib_a-mprec.o)
                0x000000001001a578                _Balloc
                0x000000001001a5c8                _Bfree
                0x000000001001a5dc                __multadd
                0x000000001001a684                __s2b
                0x000000001001a734                __hi0bits
                0x000000001001a76c                __lo0bits
                0x000000001001a7c8                __i2b
                0x000000001001a828                __multiply
                0x000000001001a9cc                __pow5mult
                0x000000001001aaa4                __lshift
                0x000000001001aba0                __mcmp
                0x000000001001abd4                __mdiff
                0x000000001001ad60                __ulp
                0x000000001001ada8                __b2d
                0x000000001001ae70                __d2b
                0x000000001001af48                __ratio
                0x000000001001afb0                _mprec_log10
                0x000000001001afe4                __copybits
                0x000000001001b024                __any_on
 .text          0x000000001001b074        0xc /usr/lib/gcc/arm-none-eabi/10.3.1/../../../arm-none-eabi/lib/thumb/v6-m/nofp/libc.a(lib_a-s_nan.o)
                0x000000001001b074                nan
 .text          0x000000001001b080        0x8 /usr/lib/gcc/arm-none-eabi/10.3.1/../../../arm-none-eabi/lib/thumb/v6-m/nofp/libc.a(lib_a-sf_nan.o)
                0x000000001001b080                nanf
 .text          0x000000001001b088       0x74 /usr/lib/gcc/arm-none-eabi/10.3.1/../../../arm-none-eabi/lib/thumb/v6-m/nofp/libc.a(lib_a-strncmp.o)
                0x000000001001b088                strncmp
 .text          0x000000001001b0fc       0x2c /usr/lib/gcc/arm-none-eabi/10.3.1/../../../arm-none-eabi/lib/thumb/v6-m/nofp/libc.a(lib_a-wctomb_r.o)
                0x000000001001b0fc                _wctomb_r
                0x000000001001b10c                __ascii_wctomb
 *(.fini)
 .fini          0x000000001001b128        0x4 /usr/lib/gcc/arm-none-eabi/10.3.1/thumb/v6-m/nofp/crti.o
                0x000000001001b128                _fini
 *fill*         0x000000001001b12c        0x4 
 .fini.__stub   0x000000001001b130      0x110 linker stubs
 *crtbegin.o(.ctors)
 *crtbegin?.o(.ctors)
 *(EXCLUDE_FILE(*crtend.o *crtend?.o) .ctors)
 *(SORT_BY_NAME(.ctors.*))
 *(.ctors)
 *crtbegin.o(.dtors)
 *crtbegin?.o(.dtors)
 *(EXCLUDE_FILE(*crtend.o *crtend?.o) .dtors)
 *(SORT_BY_NAME(.dtors.*))
 *(.dtors)
 *(.eh_frame*)
 .eh_frame      0x000000001001b240        0x0 /usr/lib/gcc/arm-none-eabi/10.3.1/thumb/v6-m/nofp/crtbegin.o
                0x000000001001b240                . = ALIGN (0x4)

.glue_7         0x000000001001b240        0x0
 .glue_7        0x000000001001b240        0x0 linker stubs

.glue_7t        0x000000001001b240        0x0
 .glue_7t       0x000000001001b240        0x0 linker stubs

.vfp11_veneer   0x000000001001b240        0x0
 .vfp11_veneer  0x000000001001b240        0x0 linker stubs

.v4_bx          0x000000001001b240        0x0
 .v4_bx         0x000000001001b240        0x0 linker stubs

.iplt           0x000000001001b240        0x0
 .iplt          0x000000001001b240        0x0 /usr/lib/gcc/arm-none-eabi/10.3.1/thumb/v6-m/nofp/crtbegin.o

.rodata         0x000000001001b240     0x2fa8
 *(EXCLUDE_FILE(*libm.a: *libc.a:*lib_a-mem*.o *libgcc.a:) .rodata*)
 .rodata.main.str1.4
                0x000000001001b240      0x122 CMakeFiles/main.dir/src/main.c.obj
 *fill*         0x000000001001b362        0x2 
 .rodata.spin_lock_claim_unused.str1.4
                0x000000001001b364       0x1b CMakeFiles/main.dir/opt/pico/pico-sdk/src/rp2_common/hardware_sync/sync.c.obj
 *fill*         0x000000001001b37f        0x1 
 .rodata.user_irq_claim_unused.str1.4
                0x000000001001b380       0x1b CMakeFiles/main.dir/opt/pico/pico-sdk/src/rp2_common/hardware_irq/irq.c.obj
 *fill*         0x000000001001b39b        0x1 
 .rodata.hardware_alarm_claim.str1.4
                0x000000001001b39c       0x22 CMakeFiles/main.dir/opt/pico/pico-sdk/src/rp2_common/hardware_timer/timer.c.obj
 *fill*         0x000000001001b3be        0x2 
 .rodata.__assert_func.str1.4
                0x000000001001b3c0       0x3f CMakeFiles/main.dir/opt/pico/pico-sdk/src/rp2_common/pico_runtime/runtime.c.obj
                                         0x43 (size before relaxing)
 *fill*         0x000000001001b3ff        0x1 
 .rodata.panic.str1.4
                0x000000001001b400       0x10 CMakeFiles/main.dir/opt/pico/pico-sdk/src/rp2_common/pico_runtime/runtime.c.obj
                                         0x12 (size before relaxing)
 .rodata.hard_assertion_failure.str1.4
                0x000000001001b410        0xc CMakeFiles/main.dir/opt/pico/pico-sdk/src/rp2_common/pico_runtime/runtime.c.obj
 .rodata._ftoa.str1.4
                0x000000001001b41c       0x15 CMakeFiles/main.dir/opt/pico/pico-sdk/src/rp2_common/pico_printf/printf.c.obj
 *fill*         0x000000001001b431        0x3 
 .rodata._vsnprintf
                0x000000001001b434      0x1e0 CMakeFiles/main.dir/opt/pico/pico-sdk/src/rp2_common/pico_printf/printf.c.obj
 *fill*         0x000000001001b614        0x4 
 .rodata.pow10.0
                0x000000001001b618       0x50 CMakeFiles/main.dir/opt/pico/pico-sdk/src/rp2_common/pico_printf/printf.c.obj
 .rodata.__wrap_malloc.str1.4
                0x000000001001b668        0xe CMakeFiles/main.dir/opt/pico/pico-sdk/src/rp2_common/pico_malloc/pico_malloc.c.obj
 *fill*         0x000000001001b676        0x2 
 .rodata.str1.4
                0x000000001001b678       0x34 CMakeFiles/main.dir/opt/pico/pico-sdk/src/rp2_common/pico_standard_link/binary_info.c.obj
                                         0x3c (size before relaxing)
 .rodata.__bi_44
                0x000000001001b6ac        0xc CMakeFiles/main.dir/opt/pico/pico-sdk/src/rp2_common/pico_standard_link/binary_info.c.obj
 .rodata.__bi_75
                0x000000001001b6b8        0xc CMakeFiles/main.dir/opt/pico/pico-sdk/src/rp2_common/pico_standard_link/binary_info.c.obj
 .rodata.__bi_81
                0x000000001001b6c4        0xc CMakeFiles/main.dir/opt/pico/pico-sdk/src/rp2_common/pico_standard_link/binary_info.c.obj
 .rodata.crlf_str.0
                0x000000001001b6d0        0x2 CMakeFiles/main.dir/opt/pico/pico-sdk/src/rp2_common/pico_stdio/stdio.c.obj
 *fill*         0x000000001001b6d2        0x2 
 .rodata._resetd_driver
                0x000000001001b6d4       0x18 CMakeFiles/main.dir/opt/pico/pico-sdk/src/rp2_common/pico_stdio_usb/reset_interface.c.obj
 .rodata.str1.4
                0x000000001001b6ec       0x13 CMakeFiles/main.dir/opt/pico/pico-sdk/src/rp2_common/pico_stdio_usb/stdio_usb.c.obj
 *fill*         0x000000001001b6ff        0x1 
 .rodata.__bi_182.0
                0x000000001001b700        0xc CMakeFiles/main.dir/opt/pico/pico-sdk/src/rp2_common/pico_stdio_usb/stdio_usb.c.obj
 .rodata.str1.4
                0x000000001001b70c       0x2a CMakeFiles/main.dir/opt/pico/pico-sdk/src/rp2_common/pico_stdio_usb/stdio_usb_descriptors.c.obj
 *fill*         0x000000001001b736        0x2 
 .rodata.usbd_desc_cfg
                0x000000001001b738       0x54 CMakeFiles/main.dir/opt/pico/pico-sdk/src/rp2_common/pico_stdio_usb/stdio_usb_descriptors.c.obj
 .rodata.usbd_desc_device
                0x000000001001b78c       0x12 CMakeFiles/main.dir/opt/pico/pico-sdk/src/rp2_common/pico_stdio_usb/stdio_usb_descriptors.c.obj
 *fill*         0x000000001001b79e        0x2 
 .rodata.usbd_desc_str
                0x000000001001b7a0       0x18 CMakeFiles/main.dir/opt/pico/pico-sdk/src/rp2_common/pico_stdio_usb/stdio_usb_descriptors.c.obj
 .rodata.str1.4
                0x000000001001b7b8       0x14 CMakeFiles/main.dir/opt/pico/pico-sdk/lib/tinyusb/src/portable/raspberrypi/rp2040/dcd_rp2040.c.obj
 .rodata.str1.4
                0x000000001001b7cc       0x53 CMakeFiles/main.dir/opt/pico/pico-sdk/lib/tinyusb/src/portable/raspberrypi/rp2040/rp2040_usb.c.obj
 *fill*         0x000000001001b81f        0x1 
 .rodata.tud_task_ext
                0x000000001001b820       0x8c CMakeFiles/main.dir/opt/pico/pico-sdk/lib/tinyusb/src/device/usbd.c.obj
 .rodata._usbd_driver
                0x000000001001b8ac       0x18 CMakeFiles/main.dir/opt/pico/pico-sdk/lib/tinyusb/src/device/usbd.c.obj
 .rodata.str1.4
                0x000000001001b8c4      0x14e m3/libm3.a(m3_env.c.obj)
                                        0x152 (size before relaxing)
 *fill*         0x000000001001ba12        0x2 
 .rodata.str1.4
                0x000000001001ba14       0x29 m3/libm3.a(m3_module.c.obj)
 *fill*         0x000000001001ba3d        0x3 
 .rodata.str1.4
                0x000000001001ba40      0x111 m3/libm3.a(m3_parse.c.obj)
                                        0x11d (size before relaxing)
 *fill*         0x000000001001bb51        0x3 
 .rodata        0x000000001001bb54       0x41 m3/libm3.a(m3_parse.c.obj)
 *fill*         0x000000001001bb95        0x3 
 .rodata.str1.4
                0x000000001001bb98      0x14c m3/libm3.a(m3_compile.c.obj)
 .rodata        0x000000001001bce4     0x1978 m3/libm3.a(m3_compile.c.obj)
                0x000000001001bd84                c_operationsFC
                0x000000001001bea4                c_operations
 .rodata.str1.4
                0x000000001001d65c      0x5bd m3/libm3.a(m3_core.c.obj)
                                        0x605 (size before relaxing)
 *fill*         0x000000001001dc19        0x3 
 .rodata        0x000000001001dc1c       0xc4 m3/libm3.a(m3_core.c.obj)
                0x000000001001dc1c                m3Err_trapStackOverflow
                0x000000001001dc20                m3Err_trapUnreachable
                0x000000001001dc24                m3Err_trapAbort
                0x000000001001dc28                m3Err_trapExit
                0x000000001001dc2c                m3Err_trapTableElementIsNull
                0x000000001001dc30                m3Err_trapTableIndexOutOfRange
                0x000000001001dc34                m3Err_trapIndirectCallTypeMismatch
                0x000000001001dc38                m3Err_trapIntegerConversion
                0x000000001001dc3c                m3Err_trapIntegerOverflow
                0x000000001001dc40                m3Err_trapDivisionByZero
                0x000000001001dc44                m3Err_trapOutOfBoundsMemoryAccess
                0x000000001001dc48                m3Err_globalNotMutable
                0x000000001001dc4c                m3Err_globalTypeMismatch
                0x000000001001dc50                m3Err_globalLookupFailed
                0x000000001001dc54                m3Err_argumentTypeMismatch
                0x000000001001dc58                m3Err_argumentCountMismatch
                0x000000001001dc5c                m3Err_globaIndexOutOfBounds
                0x000000001001dc60                m3Err_globalMemoryNotAllocated
                0x000000001001dc64                m3Err_wasmMemoryOverflow
                0x000000001001dc68                m3Err_missingCompiledCode
                0x000000001001dc6c                m3Err_typeCountMismatch
                0x000000001001dc70                m3Err_typeMismatch
                0x000000001001dc74                m3Err_settingImmutableGlobal
                0x000000001001dc78                m3Err_mallocFailedCodePage
                0x000000001001dc7c                m3Err_functionStackUnderrun
                0x000000001001dc80                m3Err_functionStackOverflow
                0x000000001001dc84                m3Err_restrictedOpcode
                0x000000001001dc88                m3Err_unknownOpcode
                0x000000001001dc8c                m3Err_noCompiler
                0x000000001001dc90                m3Err_malformedFunctionSignature
                0x000000001001dc94                m3Err_functionImportMissing
                0x000000001001dc98                m3Err_functionLookupFailed
                0x000000001001dc9c                m3Err_moduleAlreadyLinked
                0x000000001001dca0                m3Err_moduleNotLinked
                0x000000001001dca4                m3Err_tooManyArgsRets
                0x000000001001dca8                m3Err_tooManyMemorySections
                0x000000001001dcac                m3Err_invalidTypeId
                0x000000001001dcb0                m3Err_wasmSectionOverrun
                0x000000001001dcb4                m3Err_wasmSectionUnderrun
                0x000000001001dcb8                m3Err_missingUTF8
                0x000000001001dcbc                m3Err_lebOverflow
                0x000000001001dcc0                m3Err_wasmMissingInitExpr
                0x000000001001dcc4                m3Err_wasmOverrun
                0x000000001001dcc8                m3Err_wasmUnderrun
                0x000000001001dccc                m3Err_misorderedWasmSection
                0x000000001001dcd0                m3Err_wasmMalformed
                0x000000001001dcd4                m3Err_incompatibleWasmVersion
                0x000000001001dcd8                m3Err_mallocFailed
                0x000000001001dcdc                m3Err_none
 .rodata.str1.4
                0x000000001001dce0        0xa m3/libm3.a(m3_function.c.obj)
                                          0xd (size before relaxing)
 *fill*         0x000000001001dcea        0x2 
 .rodata.str1.4
                0x000000001001dcec        0xf /usr/lib/gcc/arm-none-eabi/10.3.1/../../../arm-none-eabi/lib/thumb/v6-m/nofp/libc.a(lib_a-strtod.o)
                                         0x11 (size before relaxing)
 *fill*         0x000000001001dcfb        0x5 
 .rodata        0x000000001001dd00      0x120 /usr/lib/gcc/arm-none-eabi/10.3.1/../../../arm-none-eabi/lib/thumb/v6-m/nofp/libc.a(lib_a-strtod.o)
 .rodata        0x000000001001de20      0x101 /usr/lib/gcc/arm-none-eabi/10.3.1/../../../arm-none-eabi/lib/thumb/v6-m/nofp/libc.a(lib_a-ctype_.o)
                0x000000001001de20                _ctype_
 *fill*         0x000000001001df21        0x3 
 .rodata.str1.4
                0x000000001001df24       0x4e /usr/lib/gcc/arm-none-eabi/10.3.1/../../../arm-none-eabi/lib/thumb/v6-m/nofp/libc.a(lib_a-gdtoa-gethex.o)
 *fill*         0x000000001001df72        0x2 
 .rodata        0x000000001001df74      0x100 /usr/lib/gcc/arm-none-eabi/10.3.1/../../../arm-none-eabi/lib/thumb/v6-m/nofp/libc.a(lib_a-gdtoa-gethex.o)
                0x000000001001df74                __hexdig
 .rodata.str1.4
                0x000000001001e074        0x2 /usr/lib/gcc/arm-none-eabi/10.3.1/../../../arm-none-eabi/lib/thumb/v6-m/nofp/libc.a(lib_a-lnumeric.o)
                                          0x5 (size before relaxing)
 *fill*         0x000000001001e076        0x2 
 .rodata        0x000000001001e078        0xc /usr/lib/gcc/arm-none-eabi/10.3.1/../../../arm-none-eabi/lib/thumb/v6-m/nofp/libc.a(lib_a-lnumeric.o)
                0x000000001001e078                _C_numeric_locale
 .rodata.str1.4
                0x000000001001e084        0x6 /usr/lib/gcc/arm-none-eabi/10.3.1/../../../arm-none-eabi/lib/thumb/v6-m/nofp/libc.a(lib_a-locale.o)
                                         0x12 (size before relaxing)
 *fill*         0x000000001001e08a        0x2 
 .rodata.str1.4
                0x000000001001e08c       0x33 /usr/lib/gcc/arm-none-eabi/10.3.1/../../../arm-none-eabi/lib/thumb/v6-m/nofp/libc.a(lib_a-mprec.o)
                                         0x47 (size before relaxing)
 *fill*         0x000000001001e0bf        0x1 
 .rodata        0x000000001001e0c0      0x128 /usr/lib/gcc/arm-none-eabi/10.3.1/../../../arm-none-eabi/lib/thumb/v6-m/nofp/libc.a(lib_a-mprec.o)
                0x000000001001e0d0                __mprec_tinytens
                0x000000001001e0f8                __mprec_bigtens
                0x000000001001e120                __mprec_tens
                0x000000001001e1e8                . = ALIGN (0x4)
 *(SORT_BY_ALIGNMENT(SORT_BY_NAME(.flashdata*)))
                0x000000001001e1e8                . = ALIGN (0x4)

.ARM.extab
 *(.ARM.extab* .gnu.linkonce.armextab.*)
                0x000000001001e1e8                __exidx_start = .

.ARM.exidx
 *(.ARM.exidx* .gnu.linkonce.armexidx.*)
                0x000000001001e1e8                __exidx_end = .
                0x000000001001e1e8                . = ALIGN (0x4)
                0x000000001001e1e8                __binary_info_start = .

.binary_info    0x000000001001e1e8       0x20
 *(.binary_info.keep.*)
 .binary_info.keep.__bi_ptr22
                0x000000001001e1e8        0x4 CMakeFiles/main.dir/opt/pico/pico-sdk/src/rp2_common/pico_standard_link/binary_info.c.obj
 .binary_info.keep.__bi_ptr30
                0x000000001001e1ec        0x4 CMakeFiles/main.dir/opt/pico/pico-sdk/src/rp2_common/pico_standard_link/binary_info.c.obj
 .binary_info.keep.__bi_ptr38
                0x000000001001e1f0        0x4 CMakeFiles/main.dir/opt/pico/pico-sdk/src/rp2_common/pico_standard_link/binary_info.c.obj
 .binary_info.keep.__bi_ptr44
                0x000000001001e1f4        0x4 CMakeFiles/main.dir/opt/pico/pico-sdk/src/rp2_common/pico_standard_link/binary_info.c.obj
 .binary_info.keep.__bi_ptr50
                0x000000001001e1f8        0x4 CMakeFiles/main.dir/opt/pico/pico-sdk/src/rp2_common/pico_standard_link/binary_info.c.obj
 .binary_info.keep.__bi_ptr75
                0x000000001001e1fc        0x4 CMakeFiles/main.dir/opt/pico/pico-sdk/src/rp2_common/pico_standard_link/binary_info.c.obj
 .binary_info.keep.__bi_ptr81
                0x000000001001e200        0x4 CMakeFiles/main.dir/opt/pico/pico-sdk/src/rp2_common/pico_standard_link/binary_info.c.obj
 *(.binary_info.*)
 .binary_info.__bi_ptr182
                0x000000001001e204        0x4 CMakeFiles/main.dir/opt/pico/pico-sdk/src/rp2_common/pico_stdio_usb/stdio_usb.c.obj
                0x000000001001e208                __binary_info_end = .

.rel.dyn        0x000000001001e208        0x0
 .rel.iplt      0x000000001001e208        0x0 /usr/lib/gcc/arm-none-eabi/10.3.1/thumb/v6-m/nofp/crtbegin.o
                0x000000001001e208                . = ALIGN (0x4)

.ram_vector_table
                0x0000000020000000       0xc0
 *(.ram_vector_table)
 .ram_vector_table
                0x0000000020000000       0xc0 CMakeFiles/main.dir/opt/pico/pico-sdk/src/rp2_common/pico_runtime/runtime.c.obj
                0x0000000020000000                ram_vector_table

.data           0x00000000200000c0     0x1d60 load address 0x000000001001e208
                0x00000000200000c0                __data_start__ = .
 *(vtable)
 *(.time_critical*)
 .time_critical.mutex_try_enter
                0x00000000200000c0       0x44 CMakeFiles/main.dir/opt/pico/pico-sdk/src/common/pico_sync/mutex.c.obj
                0x00000000200000c0                mutex_try_enter
 .time_critical.mutex_try_enter_block_until
                0x0000000020000104       0x9c CMakeFiles/main.dir/opt/pico/pico-sdk/src/common/pico_sync/mutex.c.obj
                0x0000000020000104                mutex_try_enter_block_until
 .time_critical.mutex_enter_timeout_ms
                0x00000000200001a0       0x90 CMakeFiles/main.dir/opt/pico/pico-sdk/src/common/pico_sync/mutex.c.obj
                0x00000000200001a0                mutex_enter_timeout_ms
 .time_critical.mutex_exit
                0x0000000020000230       0x28 CMakeFiles/main.dir/opt/pico/pico-sdk/src/common/pico_sync/mutex.c.obj
                0x0000000020000230                mutex_exit
 .time_critical.flash_init_boot2_copyout
                0x0000000020000258       0x30 CMakeFiles/main.dir/opt/pico/pico-sdk/src/rp2_common/hardware_flash/flash.c.obj
 .time_critical.flash_enable_xip_via_boot2
                0x0000000020000288       0x10 CMakeFiles/main.dir/opt/pico/pico-sdk/src/rp2_common/hardware_flash/flash.c.obj
 .time_critical.flash_cs_force
                0x0000000020000298       0x38 CMakeFiles/main.dir/opt/pico/pico-sdk/src/rp2_common/hardware_flash/flash.c.obj
 .time_critical.flash_do_cmd