Archive member included to satisfy reference by file (symbol)

m3/libm3.a(m3_env.c.obj)      CMakeFiles/main.dir/src/main.c.obj (m3_NewEnvironment)
m3/libm3.a(m3_info.c.obj)     m3/libm3.a(m3_env.c.obj) (m3_PrintProfilerInfo)
m3/libm3.a(m3_module.c.obj)   m3/libm3.a(m3_env.c.obj) (m3_FreeModule)
m3/libm3.a(m3_parse.c.obj)    CMakeFiles/main.dir/src/main.c.obj (m3_ParseModule)
m3/libm3.a(m3_code.c.obj)     m3/libm3.a(m3_env.c.obj) (NewCodePage)
m3/libm3.a(m3_compile.c.obj)  m3/libm3.a(m3_parse.c.obj) (CompileBlockStatements)
m3/libm3.a(m3_core.c.obj)     m3/libm3.a(m3_compile.c.obj) (m3_Yield)
m3/libm3.a(m3_function.c.obj)
                              m3/libm3.a(m3_env.c.obj) (AllocFuncType)
/usr/lib/gcc/arm-none-eabi/10.3.1/../../../arm-none-eabi/lib/thumb/v6-m/nofp/libm.a(lib_a-s_rint.o)
                              m3/libm3.a(m3_compile.c.obj) (rint)
/usr/lib/gcc/arm-none-eabi/10.3.1/../../../arm-none-eabi/lib/thumb/v6-m/nofp/libm.a(lib_a-sf_rint.o)
                              m3/libm3.a(m3_compile.c.obj) (rintf)
/usr/lib/gcc/arm-none-eabi/10.3.1/thumb/v6-m/nofp/libgcc.a(_dvmd_tls.o)
                              CMakeFiles/main.dir/home/tao/pico/pico-sdk/src/rp2_common/pico_divider/divider.S.obj (__aeabi_idiv0)
/usr/lib/gcc/arm-none-eabi/10.3.1/../../../arm-none-eabi/lib/thumb/v6-m/nofp/libc.a(lib_a-abort.o)
                              m3/libm3.a(m3_core.c.obj) (abort)
/usr/lib/gcc/arm-none-eabi/10.3.1/../../../arm-none-eabi/lib/thumb/v6-m/nofp/libc.a(lib_a-atexit.o)
                              /usr/lib/gcc/arm-none-eabi/10.3.1/../../../arm-none-eabi/lib/thumb/v6-m/nofp/crt0.o (atexit)
/usr/lib/gcc/arm-none-eabi/10.3.1/../../../arm-none-eabi/lib/thumb/v6-m/nofp/libc.a(lib_a-calloc.o)
                              CMakeFiles/main.dir/home/tao/pico/pico-sdk/src/rp2_common/pico_malloc/pico_malloc.c.obj (calloc)
/usr/lib/gcc/arm-none-eabi/10.3.1/../../../arm-none-eabi/lib/thumb/v6-m/nofp/libc.a(lib_a-callocr.o)
                              /usr/lib/gcc/arm-none-eabi/10.3.1/../../../arm-none-eabi/lib/thumb/v6-m/nofp/libc.a(lib_a-calloc.o) (_calloc_r)
/usr/lib/gcc/arm-none-eabi/10.3.1/../../../arm-none-eabi/lib/thumb/v6-m/nofp/libc.a(lib_a-fini.o)
                              /usr/lib/gcc/arm-none-eabi/10.3.1/../../../arm-none-eabi/lib/thumb/v6-m/nofp/crt0.o (__libc_fini_array)
/usr/lib/gcc/arm-none-eabi/10.3.1/../../../arm-none-eabi/lib/thumb/v6-m/nofp/libc.a(lib_a-impure.o)
                              /usr/lib/gcc/arm-none-eabi/10.3.1/../../../arm-none-eabi/lib/thumb/v6-m/nofp/libc.a(lib_a-calloc.o) (_impure_ptr)
/usr/lib/gcc/arm-none-eabi/10.3.1/../../../arm-none-eabi/lib/thumb/v6-m/nofp/libc.a(lib_a-init.o)
                              /usr/lib/gcc/arm-none-eabi/10.3.1/../../../arm-none-eabi/lib/thumb/v6-m/nofp/crt0.o (__libc_init_array)
/usr/lib/gcc/arm-none-eabi/10.3.1/../../../arm-none-eabi/lib/thumb/v6-m/nofp/libc.a(lib_a-malloc.o)
                              CMakeFiles/main.dir/home/tao/pico/pico-sdk/src/rp2_common/pico_malloc/pico_malloc.c.obj (malloc)
/usr/lib/gcc/arm-none-eabi/10.3.1/../../../arm-none-eabi/lib/thumb/v6-m/nofp/libc.a(lib_a-mallocr.o)
                              /usr/lib/gcc/arm-none-eabi/10.3.1/../../../arm-none-eabi/lib/thumb/v6-m/nofp/libc.a(lib_a-callocr.o) (_malloc_r)
/usr/lib/gcc/arm-none-eabi/10.3.1/../../../arm-none-eabi/lib/thumb/v6-m/nofp/libc.a(lib_a-memcmp.o)
                              m3/libm3.a(m3_function.c.obj) (memcmp)
/usr/lib/gcc/arm-none-eabi/10.3.1/../../../arm-none-eabi/lib/thumb/v6-m/nofp/libc.a(lib_a-memmove.o)
                              m3/libm3.a(m3_compile.c.obj) (memmove)
/usr/lib/gcc/arm-none-eabi/10.3.1/../../../arm-none-eabi/lib/thumb/v6-m/nofp/libc.a(lib_a-mlock.o)
                              /usr/lib/gcc/arm-none-eabi/10.3.1/../../../arm-none-eabi/lib/thumb/v6-m/nofp/libc.a(lib_a-mallocr.o) (__malloc_lock)
/usr/lib/gcc/arm-none-eabi/10.3.1/../../../arm-none-eabi/lib/thumb/v6-m/nofp/libc.a(lib_a-realloc.o)
                              CMakeFiles/main.dir/home/tao/pico/pico-sdk/src/rp2_common/pico_malloc/pico_malloc.c.obj (realloc)
/usr/lib/gcc/arm-none-eabi/10.3.1/../../../arm-none-eabi/lib/thumb/v6-m/nofp/libc.a(lib_a-reallocr.o)
                              /usr/lib/gcc/arm-none-eabi/10.3.1/../../../arm-none-eabi/lib/thumb/v6-m/nofp/libc.a(lib_a-realloc.o) (_realloc_r)
/usr/lib/gcc/arm-none-eabi/10.3.1/../../../arm-none-eabi/lib/thumb/v6-m/nofp/libc.a(lib_a-sbrkr.o)
                              /usr/lib/gcc/arm-none-eabi/10.3.1/../../../arm-none-eabi/lib/thumb/v6-m/nofp/libc.a(lib_a-mallocr.o) (_sbrk_r)
/usr/lib/gcc/arm-none-eabi/10.3.1/../../../arm-none-eabi/lib/thumb/v6-m/nofp/libc.a(lib_a-signal.o)
                              /usr/lib/gcc/arm-none-eabi/10.3.1/../../../arm-none-eabi/lib/thumb/v6-m/nofp/libc.a(lib_a-abort.o) (raise)
/usr/lib/gcc/arm-none-eabi/10.3.1/../../../arm-none-eabi/lib/thumb/v6-m/nofp/libc.a(lib_a-signalr.o)
[...]
Memory Configuration

Name             Origin             Length             Attributes
FLASH            0x0000000010000000 0x0000000000200000 xr
RAM              0x0000000020000000 0x0000000000040000 xrw
SCRATCH_X        0x0000000020040000 0x0000000000001000 xrw
SCRATCH_Y        0x0000000020041000 0x0000000000001000 xrw
*default*        0x0000000000000000 0xffffffffffffffff

Linker script and memory map

LOAD /usr/lib/gcc/arm-none-eabi/10.3.1/thumb/v6-m/nofp/crti.o
LOAD /usr/lib/gcc/arm-none-eabi/10.3.1/thumb/v6-m/nofp/crtbegin.o
LOAD /usr/lib/gcc/arm-none-eabi/10.3.1/../../../arm-none-eabi/lib/thumb/v6-m/nofp/crt0.o

.flash_begin    0x0000000010000000        0x0
                0x0000000010000000                __flash_binary_start = .

.boot2          0x0000000010000000      0x100
                0x0000000010000000                __boot2_start__ = .
 *(.boot2)
 .boot2         0x0000000010000000      0x100 /tmp/cchd51ON.o
                0x0000000010000100                __boot2_end__ = .
                0x0000000000000001                ASSERT (((__boot2_end__ - __boot2_start__) == 0x100), ERROR: Pico second stage bootloader must be 256 bytes in size)

.text           0x0000000010000100    0x1b170
                0x0000000010000100                __logical_binary_start = .
 *(.vectors)
 .vectors       0x0000000010000100       0xd4 CMakeFiles/main.dir/home/tao/pico/pico-sdk/src/rp2_common/pico_standard_link/crt0.S.obj
                0x0000000010000100                __vectors
                0x0000000010000100                __VECTOR_TABLE
                0x00000000100001c0                isr_invalid
                0x00000000100001c0                __default_isrs_start
                0x00000000100001c2                isr_nmi
                0x00000000100001c4                isr_hardfault
                0x00000000100001c6                isr_svcall
                0x00000000100001c8                isr_pendsv
                0x00000000100001ca                isr_systick
                0x00000000100001cc                isr_irq30
                0x00000000100001cc                __unhandled_user_irq
                0x00000000100001cc                isr_irq13
                0x00000000100001cc                isr_irq27
                0x00000000100001cc                isr_irq31
                0x00000000100001cc                isr_irq5
                0x00000000100001cc                isr_irq11
                0x00000000100001cc                isr_irq23
                0x00000000100001cc                isr_irq18
                0x00000000100001cc                isr_irq28
                0x00000000100001cc                isr_irq19
                0x00000000100001cc                isr_irq0
                0x00000000100001cc                isr_irq6
                0x00000000100001cc                isr_irq22
                0x00000000100001cc                isr_irq17
                0x00000000100001cc                isr_irq14
                0x00000000100001cc                isr_irq2
                0x00000000100001cc                isr_irq10
                0x00000000100001cc                isr_irq8
                0x00000000100001cc                isr_irq24
                0x00000000100001cc                isr_irq1
                0x00000000100001cc                isr_irq7
                0x00000000100001cc                isr_irq21
                0x00000000100001cc                isr_irq20
                0x00000000100001cc                isr_irq15
                0x00000000100001cc                isr_irq25
                0x00000000100001cc                isr_irq4
                0x00000000100001cc                isr_irq16
                0x00000000100001cc                isr_irq29
                0x00000000100001cc                isr_irq26
                0x00000000100001cc                __default_isrs_end
                0x00000000100001cc                isr_irq3
                0x00000000100001cc                isr_irq12
                0x00000000100001cc                isr_irq9
                0x00000000100001d2                unhandled_user_irq_num_in_r0
 *(.binary_info_header)
 .binary_info_header
                0x00000000100001d4       0x14 CMakeFiles/main.dir/home/tao/pico/pico-sdk/src/rp2_common/pico_standard_link/crt0.S.obj
                0x00000000100001e8                __binary_info_header_end = .
 *(.reset)
 .reset         0x00000000100001e8       0xa0 CMakeFiles/main.dir/home/tao/pico/pico-sdk/src/rp2_common/pico_standard_link/crt0.S.obj
                0x00000000100001e8                _entry_point
 .reset         0x0000000010000288       0x30 CMakeFiles/main.dir/home/tao/pico/pico-sdk/src/rp2_common/pico_standard_link/binary_info.c.obj
 *(.init)
 .init          0x00000000100002b8        0x4 /usr/lib/gcc/arm-none-eabi/10.3.1/thumb/v6-m/nofp/crti.o
                0x00000000100002b8                _init
 *(EXCLUDE_FILE(*libm.a: *libc.a:*lib_a-mem*.o *libgcc.a:) .text*)
 .text          0x00000000100002bc       0x98 /usr/lib/gcc/arm-none-eabi/10.3.1/thumb/v6-m/nofp/crtbegin.o
 .text.startup.main
                0x0000000010000354      0x13c CMakeFiles/main.dir/src/main.c.obj
                0x0000000010000354                main
 .text.running_on_fpga
                0x0000000010000490       0x10 CMakeFiles/main.dir/home/tao/pico/pico-sdk/src/rp2_common/pico_platform/platform.c.obj
                0x0000000010000490                running_on_fpga
 .text.hw_claim_or_assert
                0x00000000100004a0       0x44 CMakeFiles/main.dir/home/tao/pico/pico-sdk/src/rp2_common/hardware_claim/claim.c.obj
                0x00000000100004a0                hw_claim_or_assert
 .text.hw_claim_unused_from_range
                0x00000000100004e4       0x9c CMakeFiles/main.dir/home/tao/pico/pico-sdk/src/rp2_common/hardware_claim/claim.c.obj
                0x00000000100004e4                hw_claim_unused_from_range
 .text.spin_locks_reset
                0x0000000010000580       0x1c CMakeFiles/main.dir/home/tao/pico/pico-sdk/src/rp2_common/hardware_sync/sync.c.obj
                0x0000000010000580                spin_locks_reset
 .text.next_striped_spin_lock_num
                0x000000001000059c       0x18 CMakeFiles/main.dir/home/tao/pico/pico-sdk/src/rp2_common/hardware_sync/sync.c.obj
                0x000000001000059c                next_striped_spin_lock_num
 .text.spin_lock_claim_unused
                0x00000000100005b4       0x20 CMakeFiles/main.dir/home/tao/pico/pico-sdk/src/rp2_common/hardware_sync/sync.c.obj
                0x00000000100005b4                spin_lock_claim_unused
 .text.irq_set_enabled
                0x00000000100005d4       0x24 CMakeFiles/main.dir/home/tao/pico/pico-sdk/src/rp2_common/hardware_irq/irq.c.obj
                0x00000000100005d4                irq_set_enabled
 .text.irq_set_pending
                0x00000000100005f8       0x10 CMakeFiles/main.dir/home/tao/pico/pico-sdk/src/rp2_common/hardware_irq/irq.c.obj
                0x00000000100005f8                irq_set_pending
 .text.irq_has_shared_handler
                0x0000000010000608       0x2c CMakeFiles/main.dir/home/tao/pico/pico-sdk/src/rp2_common/hardware_irq/irq.c.obj
                0x0000000010000608                irq_has_shared_handler
 .text.irq_get_vtable_handler
                0x0000000010000634       0x10 CMakeFiles/main.dir/home/tao/pico/pico-sdk/src/rp2_common/hardware_irq/irq.c.obj
                0x0000000010000634                irq_get_vtable_handler
 .text.irq_set_exclusive_handler
                0x0000000010000644       0x54 CMakeFiles/main.dir/home/tao/pico/pico-sdk/src/rp2_common/hardware_irq/irq.c.obj
                0x0000000010000644                irq_set_exclusive_handler
 .text.irq_add_shared_handler
                0x0000000010000698      0x1e8 CMakeFiles/main.dir/home/tao/pico/pico-sdk/src/rp2_common/hardware_irq/irq.c.obj
                0x0000000010000698                irq_add_shared_handler
 .text.irq_remove_handler
                0x0000000010000880      0x1b0 CMakeFiles/main.dir/home/tao/pico/pico-sdk/src/rp2_common/hardware_irq/irq.c.obj
                0x0000000010000880                irq_remove_handler
 .text.irq_add_tail_to_free_list
                0x0000000010000a30       0xb4 CMakeFiles/main.dir/home/tao/pico/pico-sdk/src/rp2_common/hardware_irq/irq.c.obj
                0x0000000010000a30                irq_add_tail_to_free_list
 .text.irq_init_priorities
                0x0000000010000ae4       0x24 CMakeFiles/main.dir/home/tao/pico/pico-sdk/src/rp2_common/hardware_irq/irq.c.obj
                0x0000000010000ae4                irq_init_priorities
 .text.user_irq_claim_unused
                0x0000000010000b08       0x28 CMakeFiles/main.dir/home/tao/pico/pico-sdk/src/rp2_common/hardware_irq/irq.c.obj
                0x0000000010000b08                user_irq_claim_unused
 .text.lock_init
                0x0000000010000b30       0x10 CMakeFiles/main.dir/home/tao/pico/pico-sdk/src/common/pico_sync/lock_core.c.obj
                0x0000000010000b30                lock_init
 .text.mutex_init
                0x0000000010000b40       0x1c CMakeFiles/main.dir/home/tao/pico/pico-sdk/src/common/pico_sync/mutex.c.obj
                0x0000000010000b40                mutex_init
 .text.recursive_mutex_init
                0x0000000010000b5c       0x1c CMakeFiles/main.dir/home/tao/pico/pico-sdk/src/common/pico_sync/mutex.c.obj
                0x0000000010000b5c                recursive_mutex_init
 .text.critical_section_init
                0x0000000010000b78       0x20 CMakeFiles/main.dir/home/tao/pico/pico-sdk/src/common/pico_sync/critical_section.c.obj
                0x0000000010000b78                critical_section_init
 .text.critical_section_init_with_lock_num
                0x0000000010000b98       0x14 CMakeFiles/main.dir/home/tao/pico/pico-sdk/src/common/pico_sync/critical_section.c.obj
                0x0000000010000b98                critical_section_init_with_lock_num
 .text.timer_pool_entry_comparator
                0x0000000010000bac       0x34 CMakeFiles/main.dir/home/tao/pico/pico-sdk/src/common/pico_time/time.c.obj
                0x0000000010000bac                timer_pool_entry_comparator
 .text.sleep_until_callback
                0x0000000010000be0       0x30 CMakeFiles/main.dir/home/tao/pico/pico-sdk/src/common/pico_time/time.c.obj
 .text.add_alarm_under_lock.isra.0
                0x0000000010000c10      0x100 CMakeFiles/main.dir/home/tao/pico/pico-sdk/src/common/pico_time/time.c.obj
 .text.alarm_pool_alarm_callback
                0x0000000010000d10      0x1bc CMakeFiles/main.dir/home/tao/pico/pico-sdk/src/common/pico_time/time.c.obj
 .text.alarm_pool_init_default
                0x0000000010000ecc       0x6c CMakeFiles/main.dir/home/tao/pico/pico-sdk/src/common/pico_time/time.c.obj
                0x0000000010000ecc                alarm_pool_init_default
 .text.alarm_pool_get_default
                0x0000000010000f38        0x8 CMakeFiles/main.dir/home/tao/pico/pico-sdk/src/common/pico_time/time.c.obj
                0x0000000010000f38                alarm_pool_get_default
 .text.alarm_pool_add_alarm_at
                0x0000000010000f40      0x178 CMakeFiles/main.dir/home/tao/pico/pico-sdk/src/common/pico_time/time.c.obj
                0x0000000010000f40                alarm_pool_add_alarm_at
 .text.alarm_pool_core_num
                0x00000000100010b8        0x4 CMakeFiles/main.dir/home/tao/pico/pico-sdk/src/common/pico_time/time.c.obj
                0x00000000100010b8                alarm_pool_core_num
 .text.sleep_until
                0x00000000100010bc       0xc4 CMakeFiles/main.dir/home/tao/pico/pico-sdk/src/common/pico_time/time.c.obj
                0x00000000100010bc                sleep_until
 .text.sleep_ms
                0x0000000010001180       0x34 CMakeFiles/main.dir/home/tao/pico/pico-sdk/src/common/pico_time/time.c.obj
                0x0000000010001180                sleep_ms
 .text.best_effort_wfe_or_timeout
                0x00000000100011b4       0xd4 CMakeFiles/main.dir/home/tao/pico/pico-sdk/src/common/pico_time/time.c.obj
                0x00000000100011b4                best_effort_wfe_or_timeout
 .text.hardware_alarm_irq_handler
                0x0000000010001288       0xbc CMakeFiles/main.dir/home/tao/pico/pico-sdk/src/rp2_common/hardware_timer/timer.c.obj
 .text.hardware_alarm_claim
                0x0000000010001344       0x18 CMakeFiles/main.dir/home/tao/pico/pico-sdk/src/rp2_common/hardware_timer/timer.c.obj
                0x0000000010001344                hardware_alarm_claim
 .text.time_us_64
                0x000000001000135c       0x14 CMakeFiles/main.dir/home/tao/pico/pico-sdk/src/rp2_common/hardware_timer/timer.c.obj
                0x000000001000135c                time_us_64
 .text.busy_wait_until
                0x0000000010001370       0x20 CMakeFiles/main.dir/home/tao/pico/pico-sdk/src/rp2_common/hardware_timer/timer.c.obj
                0x0000000010001370                busy_wait_until
 .text.hardware_alarm_set_callback
                0x0000000010001390       0x8c CMakeFiles/main.dir/home/tao/pico/pico-sdk/src/rp2_common/hardware_timer/timer.c.obj
                0x0000000010001390                hardware_alarm_set_callback
 .text.hardware_alarm_set_target
                0x000000001000141c       0xd4 CMakeFiles/main.dir/home/tao/pico/pico-sdk/src/rp2_common/hardware_timer/timer.c.obj
                0x000000001000141c                hardware_alarm_set_target
 .text.hardware_alarm_cancel
                0x00000000100014f0       0x3c CMakeFiles/main.dir/home/tao/pico/pico-sdk/src/rp2_common/hardware_timer/timer.c.obj
                0x00000000100014f0                hardware_alarm_cancel
 .text.ph_merge_nodes
                0x000000001000152c       0x68 CMakeFiles/main.dir/home/tao/pico/pico-sdk/src/common/pico_util/pheap.c.obj
 .text.ph_post_alloc_init
                0x0000000010001594       0x3c CMakeFiles/main.dir/home/tao/pico/pico-sdk/src/common/pico_util/pheap.c.obj
                0x0000000010001594                ph_post_alloc_init
 .text.ph_merge_two_pass
                0x00000000100015d0       0x90 CMakeFiles/main.dir/home/tao/pico/pico-sdk/src/common/pico_util/pheap.c.obj
                0x00000000100015d0                ph_merge_two_pass
 .text.ph_remove_any_head
                0x0000000010001660      0x100 CMakeFiles/main.dir/home/tao/pico/pico-sdk/src/common/pico_util/pheap.c.obj
 .text.ph_remove_head
                0x0000000010001760      0x104 CMakeFiles/main.dir/home/tao/pico/pico-sdk/src/common/pico_util/pheap.c.obj
                0x0000000010001760                ph_remove_head
 .text.ph_remove_and_free_node
                0x0000000010001864       0x7c CMakeFiles/main.dir/home/tao/pico/pico-sdk/src/common/pico_util/pheap.c.obj
                0x0000000010001864                ph_remove_and_free_node
 .text.clocks_init
                0x00000000100018e0      0x2d0 CMakeFiles/main.dir/home/tao/pico/pico-sdk/src/rp2_common/hardware_clocks/clocks.c.obj
                0x00000000100018e0                clocks_init
 .text.pll_init
                0x0000000010001bb0       0xa0 CMakeFiles/main.dir/home/tao/pico/pico-sdk/src/rp2_common/hardware_pll/pll.c.obj
                0x0000000010001bb0                pll_init
 .text.watchdog_start_tick
                0x0000000010001c50       0x10 CMakeFiles/main.dir/home/tao/pico/pico-sdk/src/rp2_common/hardware_watchdog/watchdog.c.obj
                0x0000000010001c50                watchdog_start_tick
 .text.watchdog_reboot
                0x0000000010001c60       0x98 CMakeFiles/main.dir/home/tao/pico/pico-sdk/src/rp2_common/hardware_watchdog/watchdog.c.obj
                0x0000000010001c60                watchdog_reboot
 .text.xosc_init
                0x0000000010001cf8       0x28 CMakeFiles/main.dir/home/tao/pico/pico-sdk/src/rp2_common/hardware_xosc/xosc.c.obj
                0x0000000010001cf8                xosc_init
 .text.runtime_init
                0x0000000010001d20       0xf0 CMakeFiles/main.dir/home/tao/pico/pico-sdk/src/rp2_common/pico_runtime/runtime.c.obj
                0x0000000010001d20                runtime_init
 .text._exit    0x0000000010001e10        0x4 CMakeFiles/main.dir/home/tao/pico/pico-sdk/src/rp2_common/pico_runtime/runtime.c.obj
                0x0000000010001e10                _exit
 .text._sbrk    0x0000000010001e14       0x34 CMakeFiles/main.dir/home/tao/pico/pico-sdk/src/rp2_common/pico_runtime/runtime.c.obj
                0x0000000010001e14                _sbrk
 .text.exit     0x0000000010001e48        0x8 CMakeFiles/main.dir/home/tao/pico/pico-sdk/src/rp2_common/pico_runtime/runtime.c.obj
                0x0000000010001e48                exit
 .text.__assert_func
                0x0000000010001e50       0x34 CMakeFiles/main.dir/home/tao/pico/pico-sdk/src/rp2_common/pico_runtime/runtime.c.obj
                0x0000000010001e50                __assert_func
 .text.panic    0x0000000010001e84       0x30 CMakeFiles/main.dir/home/tao/pico/pico-sdk/src/rp2_common/pico_runtime/runtime.c.obj
                0x0000000010001e84                panic
 .text.hard_assertion_failure
                0x0000000010001eb4        0xc CMakeFiles/main.dir/home/tao/pico/pico-sdk/src/rp2_common/pico_runtime/runtime.c.obj
                0x0000000010001eb4                hard_assertion_failure
 .text._out_buffer
                0x0000000010001ec0        0x8 CMakeFiles/main.dir/home/tao/pico/pico-sdk/src/rp2_common/pico_printf/printf.c.obj
 .text._out_null
                0x0000000010001ec8        0x4 CMakeFiles/main.dir/home/tao/pico/pico-sdk/src/rp2_common/pico_printf/printf.c.obj
 .text._out_rev
                0x0000000010001ecc       0x9c CMakeFiles/main.dir/home/tao/pico/pico-sdk/src/rp2_common/pico_printf/printf.c.obj
 .text._ntoa_format
                0x0000000010001f68      0x1cc CMakeFiles/main.dir/home/tao/pico/pico-sdk/src/rp2_common/pico_printf/printf.c.obj
 .text._out_char
                0x0000000010002134       0x10 CMakeFiles/main.dir/home/tao/pico/pico-sdk/src/rp2_common/pico_printf/printf.c.obj
 .text._out_fct
                0x0000000010002144       0x10 CMakeFiles/main.dir/home/tao/pico/pico-sdk/src/rp2_common/pico_printf/printf.c.obj
 .text._etoa    0x0000000010002154      0x44c CMakeFiles/main.dir/home/tao/pico/pico-sdk/src/rp2_common/pico_printf/printf.c.obj
 .text._ftoa    0x00000000100025a0      0x398 CMakeFiles/main.dir/home/tao/pico/pico-sdk/src/rp2_common/pico_printf/printf.c.obj
 .text._vsnprintf
                0x0000000010002938      0xb04 CMakeFiles/main.dir/home/tao/pico/pico-sdk/src/rp2_common/pico_printf/printf.c.obj
 .text.__wrap_vsnprintf
                0x000000001000343c       0x1c CMakeFiles/main.dir/home/tao/pico/pico-sdk/src/rp2_common/pico_printf/printf.c.obj
                0x000000001000343c                __wrap_vsnprintf
 .text.vfctprintf
                0x0000000010003458       0x20 CMakeFiles/main.dir/home/tao/pico/pico-sdk/src/rp2_common/pico_printf/printf.c.obj
                0x0000000010003458                vfctprintf
 .text.weak_raw_printf
                0x0000000010003478       0x40 CMakeFiles/main.dir/home/tao/pico/pico-sdk/src/rp2_common/pico_printf/printf.c.obj
                0x0000000010003478                weak_raw_printf
 .text.weak_raw_vprintf
                0x00000000100034b8       0x30 CMakeFiles/main.dir/home/tao/pico/pico-sdk/src/rp2_common/pico_printf/printf.c.obj
                0x00000000100034b8                weak_raw_vprintf
 .text          0x00000000100034e8       0x10 CMakeFiles/main.dir/home/tao/pico/pico-sdk/src/rp2_common/pico_bit_ops/bit_ops_aeabi.S.obj
 .text.clzsi    0x00000000100034f8        0xc CMakeFiles/main.dir/home/tao/pico/pico-sdk/src/rp2_common/pico_bit_ops/bit_ops_aeabi.S.obj
                0x00000000100034f8                __wrap___clz
                0x00000000100034f8                __wrap___clzsi2
                0x00000000100034f8                __wrap___clzl
 .text.ctzsi    0x0000000010003504        0xc CMakeFiles/main.dir/home/tao/pico/pico-sdk/src/rp2_common/pico_bit_ops/bit_ops_aeabi.S.obj
                0x0000000010003504                __wrap___ctzsi2
 .text.popcountsi
                0x0000000010003510        0xc CMakeFiles/main.dir/home/tao/pico/pico-sdk/src/rp2_common/pico_bit_ops/bit_ops_aeabi.S.obj
                0x0000000010003510                __wrap___popcountsi2
 .text.clzdi    0x000000001000351c       0x18 CMakeFiles/main.dir/home/tao/pico/pico-sdk/src/rp2_common/pico_bit_ops/bit_ops_aeabi.S.obj
                0x000000001000351c                __wrap___clzll
                0x000000001000351c                __wrap___clzdi2
 .text.ctzdi    0x0000000010003534       0x18 CMakeFiles/main.dir/home/tao/pico/pico-sdk/src/rp2_common/pico_bit_ops/bit_ops_aeabi.S.obj
                0x0000000010003534                __wrap___ctzdi2
 .text.popcountdi
                0x000000001000354c       0x18 CMakeFiles/main.dir/home/tao/pico/pico-sdk/src/rp2_common/pico_bit_ops/bit_ops_aeabi.S.obj
                0x000000001000354c                __wrap___popcountdi2
 .text.rom_func_lookup
                0x0000000010003564       0x10 CMakeFiles/main.dir/home/tao/pico/pico-sdk/src/rp2_common/pico_bootrom/bootrom.c.obj
                0x0000000010003564                rom_func_lookup
 .text.rom_data_lookup
                0x0000000010003574       0x10 CMakeFiles/main.dir/home/tao/pico/pico-sdk/src/rp2_common/pico_bootrom/bootrom.c.obj
                0x0000000010003574                rom_data_lookup
 .text.rom_funcs_lookup
                0x0000000010003584       0x44 CMakeFiles/main.dir/home/tao/pico/pico-sdk/src/rp2_common/pico_bootrom/bootrom.c.obj
                0x0000000010003584                rom_funcs_lookup
 .text.__wrap___aeabi_idiv
                0x00000000100035c8       0x50 CMakeFiles/main.dir/home/tao/pico/pico-sdk/src/rp2_common/pico_divider/divider.S.obj
                0x00000000100035c8                __wrap___aeabi_idivmod
                0x00000000100035c8                divmod_s32s32
                0x00000000100035c8                div_s32s32
                0x00000000100035c8                __wrap___aeabi_idiv
                0x00000000100035d0                divmod_s32s32_unsafe
                0x00000000100035fc                divmod_s32s32_savestate
 .text.__wrap___aeabi_uidiv
                0x0000000010003618       0x4c CMakeFiles/main.dir/home/tao/pico/pico-sdk/src/rp2_common/pico_divider/divider.S.obj
                0x0000000010003618                __wrap___aeabi_uidiv
                0x0000000010003618                __wrap___aeabi_uidivmod
                0x0000000010003618                div_u32u32
                0x0000000010003618                divmod_u32u32
                0x0000000010003620                divmod_u32u32_unsafe
                0x0000000010003648                divmod_u32u32_savestate
 .text.__wrap___aeabi_ldiv
                0x0000000010003664      0x424 CMakeFiles/main.dir/home/tao/pico/pico-sdk/src/rp2_common/pico_divider/divider.S.obj
                0x0000000010003664                div_s64s64
                0x0000000010003664                divmod_s64s64
                0x0000000010003664                __wrap___aeabi_ldivmod
                0x0000000010003694                div_u64u64
                0x0000000010003694                divmod_u64u64
                0x0000000010003694                __wrap___aeabi_uldivmod
                0x00000000100036a4                divmod_u64u64_savestate
                0x00000000100036c4                divmod_s64s64_unsafe
                0x000000001000374c                divmod_u64u64_unsafe
 .text.__wrap___aeabi_darithmetic
                0x0000000010003a88       0x80 CMakeFiles/main.dir/home/tao/pico/pico-sdk/src/rp2_common/pico_double/double_aeabi.S.obj
                0x0000000010003a88                __wrap___aeabi_drsub
                0x0000000010003a8e                __wrap___aeabi_dsub
                0x0000000010003aa0                __wrap___aeabi_dadd
                0x0000000010003ab2                __wrap___aeabi_ddiv
                0x0000000010003aee                __wrap___aeabi_dmul
 .text.__wrap___aeabi_cdcmple
                0x0000000010003b08       0x6c CMakeFiles/main.dir/home/tao/pico/pico-sdk/src/rp2_common/pico_double/double_aeabi.S.obj
                0x0000000010003b08                __wrap___aeabi_cdrcmple
                0x0000000010003b18                __wrap___aeabi_cdcmple
                0x0000000010003b18                __wrap___aeabi_cdcmpeq
 .text.__wrap___aeabi_dcmpeq
                0x0000000010003b74       0x10 CMakeFiles/main.dir/home/tao/pico/pico-sdk/src/rp2_common/pico_double/double_aeabi.S.obj
                0x0000000010003b74                __wrap___aeabi_dcmpeq
 .text.__wrap___aeabi_dcmplt
                0x0000000010003b84        0xc CMakeFiles/main.dir/home/tao/pico/pico-sdk/src/rp2_common/pico_double/double_aeabi.S.obj
                0x0000000010003b84                __wrap___aeabi_dcmplt
 .text.__wrap___aeabi_dcmple
                0x0000000010003b90       0x10 CMakeFiles/main.dir/home/tao/pico/pico-sdk/src/rp2_common/pico_double/double_aeabi.S.obj
                0x0000000010003b90                __wrap___aeabi_dcmple
 .text.__wrap___aeabi_dcmpge
                0x0000000010003ba0       0x10 CMakeFiles/main.dir/home/tao/pico/pico-sdk/src/rp2_common/pico_double/double_aeabi.S.obj
                0x0000000010003ba0                __wrap___aeabi_dcmpge
 .text.__wrap___aeabi_dcmpgt
                0x0000000010003bb0        0xa CMakeFiles/main.dir/home/tao/pico/pico-sdk/src/rp2_common/pico_double/double_aeabi.S.obj
                0x0000000010003bb0                __wrap___aeabi_dcmpgt
 .text.__wrap___aeabi_dcmpun
                0x0000000010003bba       0x1c CMakeFiles/main.dir/home/tao/pico/pico-sdk/src/rp2_common/pico_double/double_aeabi.S.obj
                0x0000000010003bba                __wrap___aeabi_dcmpun
 *fill*         0x0000000010003bd6        0x2 
 .text.__wrap___aeabi_i2d
                0x0000000010003bd8       0x38 CMakeFiles/main.dir/home/tao/pico/pico-sdk/src/rp2_common/pico_double/double_aeabi.S.obj
                0x0000000010003bd8                __wrap___aeabi_ui2d
                0x0000000010003be0                __wrap___aeabi_i2d
 .text.__wrap___aeabi_d2iz
                0x0000000010003c10       0x48 CMakeFiles/main.dir/home/tao/pico/pico-sdk/src/rp2_common/pico_double/double_aeabi.S.obj
                0x0000000010003c10                __wrap___aeabi_d2iz
                0x0000000010003c10                double2int_z
 .text.__wrap___aeabi_d2uiz
                0x0000000010003c58       0x18 CMakeFiles/main.dir/home/tao/pico/pico-sdk/src/rp2_common/pico_double/double_aeabi.S.obj
                0x0000000010003c58                double2uint
                0x0000000010003c58                __wrap___aeabi_d2uiz
 .text.__wrap___aeabi_l2d
                0x0000000010003c70       0x18 CMakeFiles/main.dir/home/tao/pico/pico-sdk/src/rp2_common/pico_double/double_aeabi.S.obj
                0x0000000010003c70                __wrap___aeabi_l2d
 .text.__wrap___aeabi_ul2d
                0x0000000010003c88       0x18 CMakeFiles/main.dir/home/tao/pico/pico-sdk/src/rp2_common/pico_double/double_aeabi.S.obj
                0x0000000010003c88                __wrap___aeabi_ul2d
 .text.__wrap___aeabi_d2lz
                0x0000000010003ca0       0x26 CMakeFiles/main.dir/home/tao/pico/pico-sdk/src/rp2_common/pico_double/double_aeabi.S.obj
                0x0000000010003ca0                __wrap___aeabi_d2lz
                0x0000000010003ca0                double2int64_z
 *fill*         0x0000000010003cc6        0x2 
 .text.double2int64
                0x0000000010003cc8       0x18 CMakeFiles/main.dir/home/tao/pico/pico-sdk/src/rp2_common/pico_double/double_aeabi.S.obj
                0x0000000010003cc8                double2int64
 .text.__wrap___aeabi_d2ulz
                0x0000000010003ce0       0x18 CMakeFiles/main.dir/home/tao/pico/pico-sdk/src/rp2_common/pico_double/double_aeabi.S.obj
                0x0000000010003ce0                __wrap___aeabi_d2ulz
 .text.double2ufix64
                0x0000000010003cf8       0x18 CMakeFiles/main.dir/home/tao/pico/pico-sdk/src/rp2_common/pico_double/double_aeabi.S.obj
                0x0000000010003cf8                double2ufix64
 .text.__wrap___aeabi_d2f
                0x0000000010003d10       0x18 CMakeFiles/main.dir/home/tao/pico/pico-sdk/src/rp2_common/pico_double/double_aeabi.S.obj
                0x0000000010003d10                __wrap___aeabi_d2f
 .text.__wrap_srqt
                0x0000000010003d28       0x18 CMakeFiles/main.dir/home/tao/pico/pico-sdk/src/rp2_common/pico_double/double_aeabi.S.obj
                0x0000000010003d28                __wrap_sqrt
 .text.__aeabi_double_init
                0x0000000010003d40       0x94 CMakeFiles/main.dir/home/tao/pico/pico-sdk/src/rp2_common/pico_double/double_init_rom.c.obj
                0x0000000010003d40                __aeabi_double_init
 .text.__wrap_trunc
                0x0000000010003dd4       0x60 CMakeFiles/main.dir/home/tao/pico/pico-sdk/src/rp2_common/pico_double/double_math.c.obj
                0x0000000010003dd4                __wrap_trunc
 .text.__wrap_floor
                0x0000000010003e34       0x94 CMakeFiles/main.dir/home/tao/pico/pico-sdk/src/rp2_common/pico_double/double_math.c.obj
                0x0000000010003e34                __wrap_floor
 .text.__wrap_ceil
                0x0000000010003ec8       0x98 CMakeFiles/main.dir/home/tao/pico/pico-sdk/src/rp2_common/pico_double/double_math.c.obj
                0x0000000010003ec8                __wrap_ceil
 .text.double_table_shim_on_use_helper
                0x0000000010003f60       0x2c CMakeFiles/main.dir/home/tao/pico/pico-sdk/src/rp2_common/pico_double/double_v1_rom_shim.S.obj
                0x0000000010003f60                double_table_shim_on_use_helper
 .text.__wrap___aeabi_dsub
                0x0000000010003f8c       0x10 CMakeFiles/main.dir/home/tao/pico/pico-sdk/src/rp2_common/pico_double/double_v1_rom_shim.S.obj
                0x0000000010003f8c                drsub_shim
                0x0000000010003f92                dsub_shim
 .text.dadd_shim
                0x0000000010003f9c      0x15c CMakeFiles/main.dir/home/tao/pico/pico-sdk/src/rp2_common/pico_double/double_v1_rom_shim.S.obj
                0x0000000010003f9c                dadd_shim
 .text.dmul_shim
                0x00000000100040f8      0x15c CMakeFiles/main.dir/home/tao/pico/pico-sdk/src/rp2_common/pico_double/double_v1_rom_shim.S.obj
                0x00000000100040f8                dmul_shim
 .text.ddiv_shim
                0x0000000010004254      0x1b0 CMakeFiles/main.dir/home/tao/pico/pico-sdk/src/rp2_common/pico_double/double_v1_rom_shim.S.obj
                0x0000000010004254                ddiv_shim
 .text.dsqrt_shim
                0x0000000010004404      0x1a8 CMakeFiles/main.dir/home/tao/pico/pico-sdk/src/rp2_common/pico_double/double_v1_rom_shim.S.obj
                0x0000000010004420                dsqrt_shim
 .text.double2uint_shim
                0x00000000100045ac        0xe CMakeFiles/main.dir/home/tao/pico/pico-sdk/src/rp2_common/pico_double/double_v1_rom_shim.S.obj
                0x00000000100045ac                double2uint_shim
                0x00000000100045ae                double2ufix_shim
 .text.double2int64_shim
                0x00000000100045ba       0x1a CMakeFiles/main.dir/home/tao/pico/pico-sdk/src/rp2_common/pico_double/double_v1_rom_shim.S.obj
                0x00000000100045ba                double2int64_shim
                0x00000000100045bc                double2fix64_shim
 .text.double2uint64_shim
                0x00000000100045d4       0x70 CMakeFiles/main.dir/home/tao/pico/pico-sdk/src/rp2_common/pico_double/double_v1_rom_shim.S.obj
                0x00000000100045d4                double2uint64_shim
                0x00000000100045d6                double2ufix64_shim
                0x00000000100045f6                d2fix_a
 .text.double2float_shim
                0x0000000010004644       0x5c CMakeFiles/main.dir/home/tao/pico/pico-sdk/src/rp2_common/pico_double/double_v1_rom_shim.S.obj
                0x0000000010004644                double2float_shim
 .text.x2double_shims
                0x00000000100046a0       0x90 CMakeFiles/main.dir/home/tao/pico/pico-sdk/src/rp2_common/pico_double/double_v1_rom_shim.S.obj
                0x00000000100046a0                uint2double_shim
                0x00000000100046a2                ufix2double_shim
                0x00000000100046a8                int2double_shim
                0x00000000100046aa                fix2double_shim
                0x00000000100046b0                uint642double_shim
                0x00000000100046b2                ufix642double_shim
                0x00000000100046b8                int642double_shim
                0x00000000100046ba                fix642double_shim
 .text.dunpacks
                0x0000000010004730       0x3c CMakeFiles/main.dir/home/tao/pico/pico-sdk/src/rp2_common/pico_double/double_v1_rom_shim.S.obj
                0x0000000010004730                dunpacks
 .text.__aeabi_lmul
                0x000000001000476c       0x32 CMakeFiles/main.dir/home/tao/pico/pico-sdk/src/rp2_common/pico_int64_ops/pico_int64_ops_aeabi.S.obj
                0x000000001000476c                __wrap___aeabi_lmul
 *fill*         0x000000001000479e        0x2 
 .text.__wrap___aeabi_farithmetic
                0x00000000100047a0       0x48 CMakeFiles/main.dir/home/tao/pico/pico-sdk/src/rp2_common/pico_float/float_aeabi.S.obj
                0x00000000100047a0                __wrap___aeabi_frsub
                0x00000000100047a6                __wrap___aeabi_fsub
                0x00000000100047ac                __wrap___aeabi_fadd
                0x00000000100047b2                __wrap___aeabi_fdiv
                0x00000000100047da                __wrap___aeabi_fmul
 .text.__wrap___aeabi_cfcmple
                0x00000000100047e8       0x50 CMakeFiles/main.dir/home/tao/pico/pico-sdk/src/rp2_common/pico_float/float_aeabi.S.obj
                0x00000000100047e8                __wrap___aeabi_cfrcmple
                0x00000000100047f4                __wrap___aeabi_cfcmpeq
                0x00000000100047f4                __wrap___aeabi_cfcmple
 .text.__wrap___aeabi_fcmpeq
                0x0000000010004838       0x10 CMakeFiles/main.dir/home/tao/pico/pico-sdk/src/rp2_common/pico_float/float_aeabi.S.obj
                0x0000000010004838                __wrap___aeabi_fcmpeq
 .text.__wrap___aeabi_fcmplt
                0x0000000010004848        0xc CMakeFiles/main.dir/home/tao/pico/pico-sdk/src/rp2_common/pico_float/float_aeabi.S.obj
                0x0000000010004848                __wrap___aeabi_fcmplt
 .text.__wrap___aeabi_fcmple
                0x0000000010004854       0x10 CMakeFiles/main.dir/home/tao/pico/pico-sdk/src/rp2_common/pico_float/float_aeabi.S.obj
                0x0000000010004854                __wrap___aeabi_fcmple
 .text.__wrap___aeabi_fcmpge
                0x0000000010004864       0x10 CMakeFiles/main.dir/home/tao/pico/pico-sdk/src/rp2_common/pico_float/float_aeabi.S.obj
                0x0000000010004864                __wrap___aeabi_fcmpge
 .text.__wrap___aeabi_fcmpgt
                0x0000000010004874        0xa CMakeFiles/main.dir/home/tao/pico/pico-sdk/src/rp2_common/pico_float/float_aeabi.S.obj
                0x0000000010004874                __wrap___aeabi_fcmpgt
 .text.__wrap___aeabi_fcmpun
                0x000000001000487e       0x18 CMakeFiles/main.dir/home/tao/pico/pico-sdk/src/rp2_common/pico_float/float_aeabi.S.obj
                0x000000001000487e                __wrap___aeabi_fcmpun
 .text.__wrap___aeabi_ui2f
                0x0000000010004896        0xa CMakeFiles/main.dir/home/tao/pico/pico-sdk/src/rp2_common/pico_float/float_aeabi.S.obj
                0x0000000010004896                __wrap___aeabi_ui2f
 .text.__wrap___aeabi_i2f
                0x00000000100048a0       0x44 CMakeFiles/main.dir/home/tao/pico/pico-sdk/src/rp2_common/pico_float/float_aeabi.S.obj
                0x00000000100048a0                __wrap___aeabi_i2f
 .text.__wrap___aeabi_f2iz
                0x00000000100048e4       0x4e CMakeFiles/main.dir/home/tao/pico/pico-sdk/src/rp2_common/pico_float/float_aeabi.S.obj
                0x00000000100048e4                __wrap___aeabi_f2iz
                0x00000000100048e4                float2int_z
 *fill*         0x0000000010004932        0x2 
 .text.float2int
                0x0000000010004934       0x14 CMakeFiles/main.dir/home/tao/pico/pico-sdk/src/rp2_common/pico_float/float_aeabi.S.obj
                0x0000000010004934                float2int
 .text.__wrap___aeabi_f2uiz
                0x0000000010004948        0xc CMakeFiles/main.dir/home/tao/pico/pico-sdk/src/rp2_common/pico_float/float_aeabi.S.obj
                0x0000000010004948                __wrap___aeabi_f2uiz
 .text.__wrap___aeabi_l2f
                0x0000000010004954       0x20 CMakeFiles/main.dir/home/tao/pico/pico-sdk/src/rp2_common/pico_float/float_aeabi.S.obj
                0x0000000010004958                __wrap___aeabi_l2f
 .text.__wrap___aeabi_ul2f
                0x0000000010004974       0x20 CMakeFiles/main.dir/home/tao/pico/pico-sdk/src/rp2_common/pico_float/float_aeabi.S.obj
                0x0000000010004978                __wrap___aeabi_ul2f
 .text.__wrap___aeabi_f2lz
                0x0000000010004994       0x26 CMakeFiles/main.dir/home/tao/pico/pico-sdk/src/rp2_common/pico_float/float_aeabi.S.obj
                0x0000000010004994                float2int64_z
                0x0000000010004994                __wrap___aeabi_f2lz
 *fill*         0x00000000100049ba        0x2 
 .text.float2int64
                0x00000000100049bc       0x14 CMakeFiles/main.dir/home/tao/pico/pico-sdk/src/rp2_common/pico_float/float_aeabi.S.obj
                0x00000000100049bc                float2int64
 .text.__wrap___aeabi_f2ulz
                0x00000000100049d0       0x14 CMakeFiles/main.dir/home/tao/pico/pico-sdk/src/rp2_common/pico_float/float_aeabi.S.obj
                0x00000000100049d0                __wrap___aeabi_f2ulz
 .text.float2ufix64
                0x00000000100049e4       0x14 CMakeFiles/main.dir/home/tao/pico/pico-sdk/src/rp2_common/pico_float/float_aeabi.S.obj
                0x00000000100049e4                float2ufix64
 .text.__wrap___aeabi_f2d
                0x00000000100049f8       0x14 CMakeFiles/main.dir/home/tao/pico/pico-sdk/src/rp2_common/pico_float/float_aeabi.S.obj
                0x00000000100049f8                __wrap___aeabi_f2d
 .text.__wrap_sqrtf
                0x0000000010004a0c       0x20 CMakeFiles/main.dir/home/tao/pico/pico-sdk/src/rp2_common/pico_float/float_aeabi.S.obj
                0x0000000010004a0c                __wrap_sqrtf
 .text.__aeabi_float_init
                0x0000000010004a2c       0x64 CMakeFiles/main.dir/home/tao/pico/pico-sdk/src/rp2_common/pico_float/float_init_rom.c.obj
                0x0000000010004a2c                __aeabi_float_init
 .text.__wrap_truncf
                0x0000000010004a90       0x20 CMakeFiles/main.dir/home/tao/pico/pico-sdk/src/rp2_common/pico_float/float_math.c.obj
                0x0000000010004a90                __wrap_truncf
 .text.__wrap_floorf
                0x0000000010004ab0       0x40 CMakeFiles/main.dir/home/tao/pico/pico-sdk/src/rp2_common/pico_float/float_math.c.obj
                0x0000000010004ab0                __wrap_floorf
 .text.__wrap_ceilf
                0x0000000010004af0       0x44 CMakeFiles/main.dir/home/tao/pico/pico-sdk/src/rp2_common/pico_float/float_math.c.obj
                0x0000000010004af0                __wrap_ceilf
 .text.float_table_shim_on_use_helper
                0x0000000010004b34       0x2c CMakeFiles/main.dir/home/tao/pico/pico-sdk/src/rp2_common/pico_float/float_v1_rom_shim.S.obj
                0x0000000010004b34                float_table_shim_on_use_helper
 .text.642float_shims
                0x0000000010004b60       0x44 CMakeFiles/main.dir/home/tao/pico/pico-sdk/src/rp2_common/pico_float/float_v1_rom_shim.S.obj
                0x0000000010004b60                uint642float_shim
                0x0000000010004b62                ufix642float_shim
                0x0000000010004b72                int642float_shim
                0x0000000010004b74                fix642float_shim
 .text.float232_shims
                0x0000000010004ba4       0x18 CMakeFiles/main.dir/home/tao/pico/pico-sdk/src/rp2_common/pico_float/float_v1_rom_shim.S.obj
                0x0000000010004ba4                float2int_shim
                0x0000000010004ba6                float2fix_shim
 .text.float264_shims
                0x0000000010004bbc       0x4c CMakeFiles/main.dir/home/tao/pico/pico-sdk/src/rp2_common/pico_float/float_v1_rom_shim.S.obj
                0x0000000010004bbc                float2int64_shim
                0x0000000010004bbe                float2fix64_shim
                0x0000000010004bc6                float2uint64_shim
                0x0000000010004bc8                float2ufix64_shim
 .text.d2fix_a_float
                0x0000000010004c08       0x5c CMakeFiles/main.dir/home/tao/pico/pico-sdk/src/rp2_common/pico_float/float_v1_rom_shim.S.obj
 .text.float2double_shim
                0x0000000010004c64       0x30 CMakeFiles/main.dir/home/tao/pico/pico-sdk/src/rp2_common/pico_float/float_v1_rom_shim.S.obj
                0x0000000010004c64                float2double_shim
 .text.__wrap_calloc
                0x0000000010004c94       0x24 CMakeFiles/main.dir/home/tao/pico/pico-sdk/src/rp2_common/pico_malloc/pico_malloc.c.obj
                0x0000000010004c94                __wrap_calloc
 .text.__wrap_realloc
                0x0000000010004cb8       0x24 CMakeFiles/main.dir/home/tao/pico/pico-sdk/src/rp2_common/pico_malloc/pico_malloc.c.obj
                0x0000000010004cb8                __wrap_realloc
 .text.__wrap_free
                0x0000000010004cdc        0x8 CMakeFiles/main.dir/home/tao/pico/pico-sdk/src/rp2_common/pico_malloc/pico_malloc.c.obj
                0x0000000010004cdc                __wrap_free
 .text          0x0000000010004ce4       0x10 CMakeFiles/main.dir/home/tao/pico/pico-sdk/src/rp2_common/pico_mem_ops/mem_ops_aeabi.S.obj
                0x0000000010004ce4                __aeabi_mem_init
 .text.memset   0x0000000010004cf4        0xc CMakeFiles/main.dir/home/tao/pico/pico-sdk/src/rp2_common/pico_mem_ops/mem_ops_aeabi.S.obj
                0x0000000010004cf4                __wrap_memset
 .text.memcpy   0x0000000010004d00        0xc CMakeFiles/main.dir/home/tao/pico/pico-sdk/src/rp2_common/pico_mem_ops/mem_ops_aeabi.S.obj
                0x0000000010004d00                __wrap___aeabi_memcpy
                0x0000000010004d00                __wrap_memcpy
 .text.stdio_out_chars_no_crlf
                0x0000000010004d0c       0x10 CMakeFiles/main.dir/home/tao/pico/pico-sdk/src/rp2_common/pico_stdio/stdio.c.obj
 .text.stdio_out_chars_crlf
                0x0000000010004d1c       0xb4 CMakeFiles/main.dir/home/tao/pico/pico-sdk/src/rp2_common/pico_stdio/stdio.c.obj
 .text.stdio_buffered_printer
                0x0000000010004dd0       0x64 CMakeFiles/main.dir/home/tao/pico/pico-sdk/src/rp2_common/pico_stdio/stdio.c.obj
 .text.stdio_put_string.isra.0
                0x0000000010004e34       0xfc CMakeFiles/main.dir/home/tao/pico/pico-sdk/src/rp2_common/pico_stdio/stdio.c.obj
 .text.__wrap_putchar
                0x0000000010004f30       0x98 CMakeFiles/main.dir/home/tao/pico/pico-sdk/src/rp2_common/pico_stdio/stdio.c.obj
                0x0000000010004f30                __wrap_putchar
 .text.__wrap_puts
                0x0000000010004fc8       0x3c CMakeFiles/main.dir/home/tao/pico/pico-sdk/src/rp2_common/pico_stdio/stdio.c.obj
                0x0000000010004fc8                __wrap_puts
 .text.stdio_set_driver_enabled
                0x0000000010005004       0x30 CMakeFiles/main.dir/home/tao/pico/pico-sdk/src/rp2_common/pico_stdio/stdio.c.obj
                0x0000000010005004                stdio_set_driver_enabled
 .text.__wrap_vprintf
                0x0000000010005034       0xd8 CMakeFiles/main.dir/home/tao/pico/pico-sdk/src/rp2_common/pico_stdio/stdio.c.obj
                0x0000000010005034                __wrap_vprintf
 .text.__wrap_printf
                0x000000001000510c       0x18 CMakeFiles/main.dir/home/tao/pico/pico-sdk/src/rp2_common/pico_stdio/stdio.c.obj
                0x000000001000510c                __wrap_printf
 .text.stdio_init_all
                0x0000000010005124        0x8 CMakeFiles/main.dir/home/tao/pico/pico-sdk/src/rp2_common/pico_stdio/stdio.c.obj
                0x0000000010005124                stdio_init_all
 .text.resetd_init
                0x000000001000512c        0x4 CMakeFiles/main.dir/home/tao/pico/pico-sdk/src/rp2_common/pico_stdio_usb/reset_interface.c.obj
 .text.resetd_reset
                0x0000000010005130        0xc CMakeFiles/main.dir/home/tao/pico/pico-sdk/src/rp2_common/pico_stdio_usb/reset_interface.c.obj
 .text.resetd_open
                0x000000001000513c       0x28 CMakeFiles/main.dir/home/tao/pico/pico-sdk/src/rp2_common/pico_stdio_usb/reset_interface.c.obj
 .text.resetd_xfer_cb
                0x0000000010005164        0x4 CMakeFiles/main.dir/home/tao/pico/pico-sdk/src/rp2_common/pico_stdio_usb/reset_interface.c.obj
 .text.resetd_control_xfer_cb
                0x0000000010005168       0x64 CMakeFiles/main.dir/home/tao/pico/pico-sdk/src/rp2_common/pico_stdio_usb/reset_interface.c.obj
 .text.usbd_app_driver_get_cb
                0x00000000100051cc        0xc CMakeFiles/main.dir/home/tao/pico/pico-sdk/src/rp2_common/pico_stdio_usb/reset_interface.c.obj
                0x00000000100051cc                usbd_app_driver_get_cb
 .text.tud_cdc_line_coding_cb
                0x00000000100051d8       0x34 CMakeFiles/main.dir/home/tao/pico/pico-sdk/src/rp2_common/pico_stdio_usb/reset_interface.c.obj
                0x00000000100051d8                tud_cdc_line_coding_cb
 .text.stdio_usb_set_chars_available_callback
                0x000000001000520c       0x14 CMakeFiles/main.dir/home/tao/pico/pico-sdk/src/rp2_common/pico_stdio_usb/stdio_usb.c.obj
                0x000000001000520c                stdio_usb_set_chars_available_callback
 .text.usb_irq  0x0000000010005220       0x10 CMakeFiles/main.dir/home/tao/pico/pico-sdk/src/rp2_common/pico_stdio_usb/stdio_usb.c.obj
 .text.timer_task
                0x0000000010005230       0x54 CMakeFiles/main.dir/home/tao/pico/pico-sdk/src/rp2_common/pico_stdio_usb/stdio_usb.c.obj
 .text.stdio_usb_in_chars
                0x0000000010005284       0x90 CMakeFiles/main.dir/home/tao/pico/pico-sdk/src/rp2_common/pico_stdio_usb/stdio_usb.c.obj
                0x0000000010005284                stdio_usb_in_chars
 .text.stdio_usb_out_chars
                0x0000000010005314      0x100 CMakeFiles/main.dir/home/tao/pico/pico-sdk/src/rp2_common/pico_stdio_usb/stdio_usb.c.obj
 .text.low_priority_worker_irq
                0x0000000010005414       0xa8 CMakeFiles/main.dir/home/tao/pico/pico-sdk/src/rp2_common/pico_stdio_usb/stdio_usb.c.obj
 .text.tud_cdc_rx_cb
                0x00000000100054bc       0x20 CMakeFiles/main.dir/home/tao/pico/pico-sdk/src/rp2_common/pico_stdio_usb/stdio_usb.c.obj
                0x00000000100054bc                tud_cdc_rx_cb
 .text.stdio_usb_init
                0x00000000100054dc       0xdc CMakeFiles/main.dir/home/tao/pico/pico-sdk/src/rp2_common/pico_stdio_usb/stdio_usb.c.obj
                0x00000000100054dc                stdio_usb_init
 .text.tud_descriptor_device_cb
                0x00000000100055b8        0x8 CMakeFiles/main.dir/home/tao/pico/pico-sdk/src/rp2_common/pico_stdio_usb/stdio_usb_descriptors.c.obj
                0x00000000100055b8                tud_descriptor_device_cb
 .text.tud_descriptor_configuration_cb
                0x00000000100055c0        0x8 CMakeFiles/main.dir/home/tao/pico/pico-sdk/src/rp2_common/pico_stdio_usb/stdio_usb_descriptors.c.obj
                0x00000000100055c0                tud_descriptor_configuration_cb
 .text.tud_descriptor_string_cb
                0x00000000100055c8       0x74 CMakeFiles/main.dir/home/tao/pico/pico-sdk/src/rp2_common/pico_stdio_usb/stdio_usb_descriptors.c.obj
                0x00000000100055c8                tud_descriptor_string_cb
 .text.startup._retrieve_unique_id_on_boot
                0x000000001000563c       0x10 CMakeFiles/main.dir/home/tao/pico/pico-sdk/src/rp2_common/pico_unique_id/unique_id.c.obj
 .text.pico_get_unique_board_id_string
                0x000000001000564c      0x1a8 CMakeFiles/main.dir/home/tao/pico/pico-sdk/src/rp2_common/pico_unique_id/unique_id.c.obj
                0x000000001000564c                pico_get_unique_board_id_string
 .text.flash_get_unique_id
                0x00000000100057f4       0x40 CMakeFiles/main.dir/home/tao/pico/pico-sdk/src/rp2_common/hardware_flash/flash.c.obj
                0x00000000100057f4                flash_get_unique_id
 .text.dcd_int_enable
                0x0000000010005834        0xc CMakeFiles/main.dir/home/tao/pico/pico-sdk/lib/tinyusb/src/portable/raspberrypi/rp2040/dcd_rp2040.c.obj
                0x0000000010005834                dcd_int_enable
 .text.dcd_set_address
                0x0000000010005840       0x14 CMakeFiles/main.dir/home/tao/pico/pico-sdk/lib/tinyusb/src/portable/raspberrypi/rp2040/dcd_rp2040.c.obj
                0x0000000010005840                dcd_set_address
 .text.dcd_connect
                0x0000000010005854       0x10 CMakeFiles/main.dir/home/tao/pico/pico-sdk/lib/tinyusb/src/portable/raspberrypi/rp2040/dcd_rp2040.c.obj
                0x0000000010005854                dcd_connect
 .text.dcd_init
                0x0000000010005864       0x98 CMakeFiles/main.dir/home/tao/pico/pico-sdk/lib/tinyusb/src/portable/raspberrypi/rp2040/dcd_rp2040.c.obj
                0x0000000010005864                dcd_init
 .text.dcd_edpt0_status_complete
                0x00000000100058fc       0x1c CMakeFiles/main.dir/home/tao/pico/pico-sdk/lib/tinyusb/src/portable/raspberrypi/rp2040/dcd_rp2040.c.obj
                0x00000000100058fc                dcd_edpt0_status_complete
 .text.dcd_edpt_open
                0x0000000010005918      0x108 CMakeFiles/main.dir/home/tao/pico/pico-sdk/lib/tinyusb/src/portable/raspberrypi/rp2040/dcd_rp2040.c.obj
                0x0000000010005918                dcd_edpt_open
 .text.dcd_edpt_close_all
                0x0000000010005a20        0x8 CMakeFiles/main.dir/home/tao/pico/pico-sdk/lib/tinyusb/src/portable/raspberrypi/rp2040/dcd_rp2040.c.obj
                0x0000000010005a20                dcd_edpt_close_all
 .text.dcd_edpt_xfer
                0x0000000010005a28       0x24 CMakeFiles/main.dir/home/tao/pico/pico-sdk/lib/tinyusb/src/portable/raspberrypi/rp2040/dcd_rp2040.c.obj
                0x0000000010005a28                dcd_edpt_xfer
 .text.dcd_edpt_stall
                0x0000000010005a4c       0x38 CMakeFiles/main.dir/home/tao/pico/pico-sdk/lib/tinyusb/src/portable/raspberrypi/rp2040/dcd_rp2040.c.obj
                0x0000000010005a4c                dcd_edpt_stall
 .text.dcd_edpt_clear_stall
                0x0000000010005a84       0x30 CMakeFiles/main.dir/home/tao/pico/pico-sdk/lib/tinyusb/src/portable/raspberrypi/rp2040/dcd_rp2040.c.obj
                0x0000000010005a84                dcd_edpt_clear_stall
 .text.rp2040_usb_init
                0x0000000010005ab4       0x4c CMakeFiles/main.dir/home/tao/pico/pico-sdk/lib/tinyusb/src/portable/raspberrypi/rp2040/rp2040_usb.c.obj
                0x0000000010005ab4                rp2040_usb_init
 .text.hw_endpoint_xfer_start
                0x0000000010005b00       0x50 CMakeFiles/main.dir/home/tao/pico/pico-sdk/lib/tinyusb/src/portable/raspberrypi/rp2040/rp2040_usb.c.obj
                0x0000000010005b00                hw_endpoint_xfer_start
 .text.tud_mounted
                0x0000000010005b50       0x10 CMakeFiles/main.dir/home/tao/pico/pico-sdk/lib/tinyusb/src/device/usbd.c.obj
                0x0000000010005b50                tud_mounted
 .text.tud_suspended
                0x0000000010005b60       0x10 CMakeFiles/main.dir/home/tao/pico/pico-sdk/lib/tinyusb/src/device/usbd.c.obj
                0x0000000010005b60                tud_suspended
 .text.tud_inited
                0x0000000010005b70       0x14 CMakeFiles/main.dir/home/tao/pico/pico-sdk/lib/tinyusb/src/device/usbd.c.obj
                0x0000000010005b70                tud_inited
 .text.tud_init
                0x0000000010005b84       0xe4 CMakeFiles/main.dir/home/tao/pico/pico-sdk/lib/tinyusb/src/device/usbd.c.obj
                0x0000000010005b84                tud_init
 .text.tud_task_ext
                0x0000000010005c68      0x854 CMakeFiles/main.dir/home/tao/pico/pico-sdk/lib/tinyusb/src/device/usbd.c.obj
                0x0000000010005c68                tud_task_ext
 .text.usbd_open_edpt_pair
                0x00000000100064bc       0x9c CMakeFiles/main.dir/home/tao/pico/pico-sdk/lib/tinyusb/src/device/usbd.c.obj
                0x00000000100064bc                usbd_open_edpt_pair
 .text.usbd_defer_func
                0x0000000010006558       0x48 CMakeFiles/main.dir/home/tao/pico/pico-sdk/lib/tinyusb/src/device/usbd.c.obj
                0x0000000010006558                usbd_defer_func
 .text.usbd_edpt_open
                0x00000000100065a0       0x34 CMakeFiles/main.dir/home/tao/pico/pico-sdk/lib/tinyusb/src/device/usbd.c.obj
                0x00000000100065a0                usbd_edpt_open
 .text.usbd_edpt_claim
                0x00000000100065d4       0x28 CMakeFiles/main.dir/home/tao/pico/pico-sdk/lib/tinyusb/src/device/usbd.c.obj
                0x00000000100065d4                usbd_edpt_claim
 .text.usbd_edpt_release
                0x00000000100065fc       0x28 CMakeFiles/main.dir/home/tao/pico/pico-sdk/lib/tinyusb/src/device/usbd.c.obj
                0x00000000100065fc                usbd_edpt_release
 .text.usbd_edpt_xfer
                0x0000000010006624       0x4c CMakeFiles/main.dir/home/tao/pico/pico-sdk/lib/tinyusb/src/device/usbd.c.obj
                0x0000000010006624                usbd_edpt_xfer
 .text.tud_control_status
                0x0000000010006670       0x30 CMakeFiles/main.dir/home/tao/pico/pico-sdk/lib/tinyusb/src/device/usbd_control.c.obj
                0x0000000010006670                tud_control_status
 .text.tud_control_xfer
                0x00000000100066a0       0xbc CMakeFiles/main.dir/home/tao/pico/pico-sdk/lib/tinyusb/src/device/usbd_control.c.obj
                0x00000000100066a0                tud_control_xfer
 .text.usbd_control_reset
                0x000000001000675c       0x14 CMakeFiles/main.dir/home/tao/pico/pico-sdk/lib/tinyusb/src/device/usbd_control.c.obj
                0x000000001000675c                usbd_control_reset
 .text.usbd_control_set_complete_callback
                0x0000000010006770        0xc CMakeFiles/main.dir/home/tao/pico/pico-sdk/lib/tinyusb/src/device/usbd_control.c.obj
                0x0000000010006770                usbd_control_set_complete_callback
 .text.usbd_control_set_request
                0x000000001000677c       0x1c CMakeFiles/main.dir/home/tao/pico/pico-sdk/lib/tinyusb/src/device/usbd_control.c.obj
                0x000000001000677c                usbd_control_set_request
 .text.usbd_control_xfer_cb
                0x0000000010006798       0xfc CMakeFiles/main.dir/home/tao/pico/pico-sdk/lib/tinyusb/src/device/usbd_control.c.obj
                0x0000000010006798                usbd_control_xfer_cb
 .text.tud_cdc_n_connected
                0x0000000010006894       0x30 CMakeFiles/main.dir/home/tao/pico/pico-sdk/lib/tinyusb/src/class/cdc/cdc_device.c.obj
                0x0000000010006894                tud_cdc_n_connected
 .text.tud_cdc_n_available
                0x00000000100068c4       0x18 CMakeFiles/main.dir/home/tao/pico/pico-sdk/lib/tinyusb/src/class/cdc/cdc_device.c.obj
                0x00000000100068c4                tud_cdc_n_available
 .text.tud_cdc_n_read
                0x00000000100068dc       0x70 CMakeFiles/main.dir/home/tao/pico/pico-sdk/lib/tinyusb/src/class/cdc/cdc_device.c.obj
                0x00000000100068dc                tud_cdc_n_read
 .text.tud_cdc_n_write_flush
                0x000000001000694c       0x78 CMakeFiles/main.dir/home/tao/pico/pico-sdk/lib/tinyusb/src/class/cdc/cdc_device.c.obj
                0x000000001000694c                tud_cdc_n_write_flush
 .text.tud_cdc_n_write
                0x00000000100069c4       0x34 CMakeFiles/main.dir/home/tao/pico/pico-sdk/lib/tinyusb/src/class/cdc/cdc_device.c.obj
                0x00000000100069c4                tud_cdc_n_write
 .text.tud_cdc_n_write_available
                0x00000000100069f8       0x18 CMakeFiles/main.dir/home/tao/pico/pico-sdk/lib/tinyusb/src/class/cdc/cdc_device.c.obj
                0x00000000100069f8                tud_cdc_n_write_available
 .text.cdcd_init
                0x0000000010006a10       0x7c CMakeFiles/main.dir/home/tao/pico/pico-sdk/lib/tinyusb/src/class/cdc/cdc_device.c.obj
                0x0000000010006a10                cdcd_init
 .text.cdcd_reset
                0x0000000010006a8c       0x2c CMakeFiles/main.dir/home/tao/pico/pico-sdk/lib/tinyusb/src/class/cdc/cdc_device.c.obj
                0x0000000010006a8c                cdcd_reset
 .text.cdcd_open
                0x0000000010006ab8       0xe8 CMakeFiles/main.dir/home/tao/pico/pico-sdk/lib/tinyusb/src/class/cdc/cdc_device.c.obj
                0x0000000010006ab8                cdcd_open
 .text.cdcd_control_xfer_cb
                0x0000000010006ba0       0xe4 CMakeFiles/main.dir/home/tao/pico/pico-sdk/lib/tinyusb/src/class/cdc/cdc_device.c.obj
                0x0000000010006ba0                cdcd_control_xfer_cb
 .text.cdcd_xfer_cb
                0x0000000010006c84      0x148 CMakeFiles/main.dir/home/tao/pico/pico-sdk/lib/tinyusb/src/class/cdc/cdc_device.c.obj
                0x0000000010006c84                cdcd_xfer_cb
 .text.tusb_init
                0x0000000010006dcc        0xc CMakeFiles/main.dir/home/tao/pico/pico-sdk/lib/tinyusb/src/tusb.c.obj
                0x0000000010006dcc                tusb_init
 .text.tusb_inited
                0x0000000010006dd8        0x8 CMakeFiles/main.dir/home/tao/pico/pico-sdk/lib/tinyusb/src/tusb.c.obj
                0x0000000010006dd8                tusb_inited
 .text.tu_edpt_claim
                0x0000000010006de0       0x50 CMakeFiles/main.dir/home/tao/pico/pico-sdk/lib/tinyusb/src/tusb.c.obj
                0x0000000010006de0                tu_edpt_claim
 .text.tu_edpt_release
                0x0000000010006e30       0x38 CMakeFiles/main.dir/home/tao/pico/pico-sdk/lib/tinyusb/src/tusb.c.obj
                0x0000000010006e30                tu_edpt_release
 .text.tu_edpt_validate
                0x0000000010006e68       0x78 CMakeFiles/main.dir/home/tao/pico/pico-sdk/lib/tinyusb/src/tusb.c.obj
                0x0000000010006e68                tu_edpt_validate
 .text.tu_edpt_bind_driver
                0x0000000010006ee0       0x34 CMakeFiles/main.dir/home/tao/pico/pico-sdk/lib/tinyusb/src/tusb.c.obj
                0x0000000010006ee0                tu_edpt_bind_driver
 .text.tu_fifo_config
                0x0000000010006f14       0x70 CMakeFiles/main.dir/home/tao/pico/pico-sdk/lib/tinyusb/src/common/tusb_fifo.c.obj
                0x0000000010006f14                tu_fifo_config
 .text.tu_fifo_count
                0x0000000010006f84       0x2c CMakeFiles/main.dir/home/tao/pico/pico-sdk/lib/tinyusb/src/common/tusb_fifo.c.obj
                0x0000000010006f84                tu_fifo_count
 .text.tu_fifo_empty
                0x0000000010006fb0       0x10 CMakeFiles/main.dir/home/tao/pico/pico-sdk/lib/tinyusb/src/common/tusb_fifo.c.obj
                0x0000000010006fb0                tu_fifo_empty
 .text.tu_fifo_remaining
                0x0000000010006fc0       0x2c CMakeFiles/main.dir/home/tao/pico/pico-sdk/lib/tinyusb/src/common/tusb_fifo.c.obj
                0x0000000010006fc0                tu_fifo_remaining
 .text.tu_fifo_read
                0x0000000010006fec       0xa0 CMakeFiles/main.dir/home/tao/pico/pico-sdk/lib/tinyusb/src/common/tusb_fifo.c.obj
                0x0000000010006fec                tu_fifo_read
 .text.tu_fifo_read_n
                0x000000001000708c       0xec CMakeFiles/main.dir/home/tao/pico/pico-sdk/lib/tinyusb/src/common/tusb_fifo.c.obj
                0x000000001000708c                tu_fifo_read_n
 .text.tu_fifo_write
                0x0000000010007178       0x88 CMakeFiles/main.dir/home/tao/pico/pico-sdk/lib/tinyusb/src/common/tusb_fifo.c.obj
                0x0000000010007178                tu_fifo_write
 .text.tu_fifo_write_n
                0x0000000010007200      0x168 CMakeFiles/main.dir/home/tao/pico/pico-sdk/lib/tinyusb/src/common/tusb_fifo.c.obj
                0x0000000010007200                tu_fifo_write_n
 .text.tu_fifo_clear
                0x0000000010007368       0x40 CMakeFiles/main.dir/home/tao/pico/pico-sdk/lib/tinyusb/src/common/tusb_fifo.c.obj
                0x0000000010007368                tu_fifo_clear
 .text.tu_fifo_set_overwritable
                0x00000000100073a8       0x48 CMakeFiles/main.dir/home/tao/pico/pico-sdk/lib/tinyusb/src/common/tusb_fifo.c.obj
                0x00000000100073a8                tu_fifo_set_overwritable
 .text          0x00000000100073f0     0x1588 m3/libm3.a(m3_env.c.obj)
                0x00000000100073f0                m3_NewEnvironment
                0x0000000010007488                Environment_Release
                0x00000000100074a8                m3_FreeEnvironment
                0x00000000100074d0                m3_SetCustomSectionHandler
                0x00000000100074d8                Environment_AddFuncType
                0x0000000010007510                RemoveCodePageOfCapacity
                0x0000000010007548                Environment_AcquireCodePage
                0x0000000010007580                Environment_ReleaseCodePages
                0x00000000100075a0                m3_NewRuntime
                0x0000000010007614                m3_GetUserData
                0x0000000010007628                ForEachModule
                0x000000001000764c                _FreeModule
                0x0000000010007658                Runtime_Release
                0x00000000100076e4                m3_FreeRuntime
                0x00000000100076fc                InitMemory
                0x00000000100077c4                ResizeMemory
                0x0000000010007868                m3_CompileModule
                0x00000000100078b0                m3_RunStart
                0x0000000010007938                m3_FindGlobal
                0x0000000010007998                m3_GetGlobal
                0x00000000100079f0                m3_SetGlobal
                0x0000000010007a64                m3_GetGlobalType
                0x0000000010007a70                v_FindFunction
                0x0000000010007b10                m3_GetTableFunction
                0x0000000010007b4c                m3_GetArgCount
                0x0000000010007b60                m3_GetRetCount
                0x0000000010007b74                m3_GetArgType
                0x0000000010007b94                m3_GetRetType
                0x0000000010007bb0                GetStackPointerForArgs
                0x0000000010007bc8                m3_CallV
                0x0000000010007cf0                m3_CallVL
                0x0000000010007e08                m3_Call
                0x0000000010007f0c                m3_CallArgv
                0x0000000010008038                m3_GetResults
                0x00000000100080ec                m3_GetResultsV
                0x0000000010008184                m3_GetResultsVL
                0x0000000010008208                ReleaseCodePageNoTrack
                0x0000000010008238                AcquireCodePageWithCapacity
                0x00000000100082d4                EvaluateExpression
                0x0000000010008464                InitGlobals
                0x00000000100084b0                InitDataSegments
                0x0000000010008550                InitElements
                0x000000001000865c                m3_LoadModule
                0x00000000100087bc                AcquireCodePage
                0x00000000100087c8                ReleaseCodePage
                0x0000000010008804                m3Error
                0x0000000010008864                m3_FindFunction
                0x00000000100088f0                m3_GetErrorInfo
                0x0000000010008924                m3_ResetErrorInfo
                0x0000000010008948                m3_GetMemory
                0x0000000010008968                m3_GetMemorySize
                0x0000000010008974                m3_GetBacktrace
 .text          0x0000000010008978        0x4 m3/libm3.a(m3_info.c.obj)
                0x0000000010008978                m3_PrintProfilerInfo
 .text          0x000000001000897c      0x22c m3/libm3.a(m3_module.c.obj)
                0x000000001000897c                Module_FreeFunctions
                0x00000000100089a0                m3_FreeModule
                0x0000000010008a1c                Module_AddGlobal
                0x0000000010008a84                Module_PreallocFunctions
                0x0000000010008ac0                Module_AddFunction
                0x0000000010008b68                Module_GetFunction
                0x0000000010008b80                m3_GetModuleName
                0x0000000010008b94                m3_SetModuleName
                0x0000000010008b9c                m3_GetModuleRuntime
 .text          0x0000000010008ba8      0xcc0 m3/libm3.a(m3_parse.c.obj)
                0x0000000010008ba8                ParseSection_Start
                0x0000000010008bd4                ParseSection_Element
                0x0000000010008c0c                ParseSection_Type
                0x0000000010008e50                ParseSection_Function
                0x0000000010008ebc                ParseSection_Export
                0x0000000010008fe4                ParseSection_Code
                0x0000000010009090                ParseSection_Memory
                0x00000000100090f8                ParseSection_Import
                0x00000000100092b4                ParseType_Table
                0x00000000100092c0                ParseType_Memory
                0x0000000010009300                Parse_InitExpr
                0x0000000010009338                ParseSection_Data
                0x0000000010009400                ParseSection_Global
                0x00000000100094c0                ParseSection_Name
                0x000000001000959c                ParseSection_Custom
                0x0000000010009604                ParseModuleSection
                0x0000000010009630                m3_ParseModule
 .text          0x0000000010009868      0x134 m3/libm3.a(m3_code.c.obj)
                0x0000000010009868                NewCodePage
                0x00000000100098b4                FreeCodePages
                0x00000000100098d0                NumFreeLines
                0x00000000100098d8                EmitWord_impl
                0x00000000100098e8                EmitWord32
                0x0000000010009908                EmitWord64
                0x000000001000992c                GetPageStartPC
                0x0000000010009930                GetPagePC
                0x0000000010009944                PushCodePage
                0x000000001000994c                PopCodePage
                0x000000001000995c                FindCodePageEnd
                0x0000000010009974                CountCodePages
                0x0000000010009988                GetEndCodePage
 .text          0x000000001000999c     0xd82c m3/libm3.a(m3_compile.c.obj)
                0x0000000010016314                GetMaxUsedSlotPlusOne
                0x0000000010016354                AddTrapRecord
                0x0000000010016360                CompileRawFunction
                0x00000000100163c8                GetOpInfo
                0x0000000010016404                CompileBlockStatements
                0x0000000010016ab4                CompileBlock
                0x00000000100171b0                CompileFunction
 .text          0x00000000100171c8      0x7b8 m3/libm3.a(m3_core.c.obj)
                0x00000000100171c8                m3_Yield
                0x00000000100171cc                m3_Malloc_Impl
                0x00000000100171d8                m3_Free_Impl
                0x00000000100171e0                m3_Realloc_Impl
                0x000000001001720c                m3_CopyMem
                0x000000001001722c                NormalizeType
                0x0000000010017250                IsFpType
                0x0000000010017260                IsIntType
                0x0000000010017270                Is64BitType
                0x0000000010017280                SizeOfType
                0x0000000010017290                Read_u64
                0x00000000100172b4                Read_u32
                0x00000000100172d4                Read_f64
                0x00000000100172f8                Read_f32
                0x0000000010017318                Read_u8
                0x0000000010017334                Read_opcode
                0x0000000010017350                ReadLebUnsigned
                0x00000000100173f4                ReadLebSigned
                0x00000000100174b8                ReadLEB_u32
                0x0000000010017550                ReadLEB_u7
                0x0000000010017584                ReadLEB_i7
                0x00000000100175cc                ReadLEB_i32
                0x0000000010017698                ReadLEB_i64
                0x0000000010017898                Read_utf8
 .text          0x0000000010017980      0x1f4 m3/libm3.a(m3_function.c.obj)
                0x0000000010017980                AllocFuncType
                0x00000000100179a8                AreFuncTypesEqual
                0x00000000100179d0                GetFuncTypeNumParams
                0x00000000100179dc                GetFuncTypeParamType
                0x00000000100179f4                GetFuncTypeNumResults
                0x0000000010017a00                GetFuncTypeResultType
                0x0000000010017a14                FreeImportInfo
                0x0000000010017a2c                Function_Release
                0x0000000010017a94                Function_FreeCompiledCode
                0x0000000010017a98                m3_GetFunctionName
                0x0000000010017ab8                m3_GetFunctionModule
                0x0000000010017ac4                GetFunctionNames
                0x0000000010017ae8                GetFunctionImportModuleName
                0x0000000010017af8                GetFunctionNumArgs
                0x0000000010017b0c                GetFunctionArgType
                0x0000000010017b2c                GetFunctionNumReturns
                0x0000000010017b40                GetFunctionReturnType
                0x0000000010017b5c                GetFunctionNumArgsAndLocals
 .text          0x0000000010017b74       0x18 /usr/lib/gcc/arm-none-eabi/10.3.1/../../../arm-none-eabi/lib/thumb/v6-m/nofp/libc.a(lib_a-calloc.o)
                0x0000000010017b74                calloc
 .text          0x0000000010017b8c       0x5c /usr/lib/gcc/arm-none-eabi/10.3.1/../../../arm-none-eabi/lib/thumb/v6-m/nofp/libc.a(lib_a-callocr.o)
                0x0000000010017b8c                _calloc_r
 .text          0x0000000010017be8       0x28 /usr/lib/gcc/arm-none-eabi/10.3.1/../../../arm-none-eabi/lib/thumb/v6-m/nofp/libc.a(lib_a-malloc.o)
                0x0000000010017be8                malloc
                0x0000000010017bfc                free
 .text          0x0000000010017c10      0x574 /usr/lib/gcc/arm-none-eabi/10.3.1/../../../arm-none-eabi/lib/thumb/v6-m/nofp/libc.a(lib_a-mallocr.o)
                0x0000000010017c10                _malloc_r
 .text          0x0000000010018184        0x8 /usr/lib/gcc/arm-none-eabi/10.3.1/../../../arm-none-eabi/lib/thumb/v6-m/nofp/libc.a(lib_a-mlock.o)
                0x0000000010018184                __malloc_lock
                0x0000000010018188                __malloc_unlock
 .text          0x000000001001818c       0x18 /usr/lib/gcc/arm-none-eabi/10.3.1/../../../arm-none-eabi/lib/thumb/v6-m/nofp/libc.a(lib_a-realloc.o)
                0x000000001001818c                realloc
 .text          0x00000000100181a4      0x354 /usr/lib/gcc/arm-none-eabi/10.3.1/../../../arm-none-eabi/lib/thumb/v6-m/nofp/libc.a(lib_a-reallocr.o)
                0x00000000100181a4                _realloc_r
 .text          0x00000000100184f8       0x24 /usr/lib/gcc/arm-none-eabi/10.3.1/../../../arm-none-eabi/lib/thumb/v6-m/nofp/libc.a(lib_a-sbrkr.o)
                0x00000000100184f8                _sbrk_r
 .text          0x000000001001851c       0x88 /usr/lib/gcc/arm-none-eabi/10.3.1/../../../arm-none-eabi/lib/thumb/v6-m/nofp/libc.a(lib_a-strcmp.o)
                0x000000001001851c                strcmp
 .text          0x00000000100185a4       0x5c /usr/lib/gcc/arm-none-eabi/10.3.1/../../../arm-none-eabi/lib/thumb/v6-m/nofp/libc.a(lib_a-strlen-stub.o)
                0x00000000100185a4                strlen
 .text          0x0000000010018600     0x1128 /usr/lib/gcc/arm-none-eabi/10.3.1/../../../arm-none-eabi/lib/thumb/v6-m/nofp/libc.a(lib_a-strtod.o)
                0x0000000010018600                _strtod_l
                0x0000000010019580                _strtod_r
                0x0000000010019590                strtod_l
                0x00000000100195a8                strtod
                0x00000000100195c4                strtof_l
                0x0000000010019674                strtof
 .text          0x0000000010019728      0x180 /usr/lib/gcc/arm-none-eabi/10.3.1/../../../arm-none-eabi/lib/thumb/v6-m/nofp/libc.a(lib_a-strtoul.o)
                0x0000000010019870                _strtoul_r
                0x0000000010019878                strtoul_l
                0x0000000010019890                strtoul
 .text          0x00000000100198a8      0x1f4 /usr/lib/gcc/arm-none-eabi/10.3.1/../../../arm-none-eabi/lib/thumb/v6-m/nofp/libc.a(lib_a-strtoull.o)
                0x0000000010019a64                _strtoull_r
                0x0000000010019a6c                strtoull_l
                0x0000000010019a84                strtoull
 .text          0x0000000010019a9c      0x260 /usr/lib/gcc/arm-none-eabi/10.3.1/../../../arm-none-eabi/lib/thumb/v6-m/nofp/libc.a(lib_a-freer.o)
                0x0000000010019a9c                _malloc_trim_r
                0x0000000010019b38                _free_r
 .text          0x0000000010019cfc      0x670 /usr/lib/gcc/arm-none-eabi/10.3.1/../../../arm-none-eabi/lib/thumb/v6-m/nofp/libc.a(lib_a-gdtoa-gethex.o)
                0x0000000010019da0                __gethex
 .text          0x000000001001a36c      0x1fc /usr/lib/gcc/arm-none-eabi/10.3.1/../../../arm-none-eabi/lib/thumb/v6-m/nofp/libc.a(lib_a-gdtoa-hexnan.o)
                0x000000001001a36c                __match
                0x000000001001a398                __hexnan
 .text          0x000000001001a568       0x44 /usr/lib/gcc/arm-none-eabi/10.3.1/../../../arm-none-eabi/lib/thumb/v6-m/nofp/libc.a(lib_a-mbtowc_r.o)
                0x000000001001a568                _mbtowc_r
                0x000000001001a580                __ascii_mbtowc
 .text          0x000000001001a5ac      0xafc /usr/lib/gcc/arm-none-eabi/10.3.1/../../../arm-none-eabi/lib/thumb/v6-m/nofp/libc.a(lib_a-mprec.o)
                0x000000001001a5ac                _Balloc
                0x000000001001a5fc                _Bfree
                0x000000001001a610                __multadd
                0x000000001001a6b8                __s2b
                0x000000001001a768                __hi0bits
                0x000000001001a7a0                __lo0bits
                0x000000001001a7fc                __i2b
                0x000000001001a85c                __multiply
                0x000000001001aa00                __pow5mult
                0x000000001001aad8                __lshift
                0x000000001001abd4                __mcmp
                0x000000001001ac08                __mdiff
                0x000000001001ad94                __ulp
                0x000000001001addc                __b2d
                0x000000001001aea4                __d2b
                0x000000001001af7c                __ratio
                0x000000001001afe4                _mprec_log10
                0x000000001001b018                __copybits
                0x000000001001b058                __any_on
 .text          0x000000001001b0a8        0xc /usr/lib/gcc/arm-none-eabi/10.3.1/../../../arm-none-eabi/lib/thumb/v6-m/nofp/libc.a(lib_a-s_nan.o)
                0x000000001001b0a8                nan
 .text          0x000000001001b0b4        0x8 /usr/lib/gcc/arm-none-eabi/10.3.1/../../../arm-none-eabi/lib/thumb/v6-m/nofp/libc.a(lib_a-sf_nan.o)
                0x000000001001b0b4                nanf
 .text          0x000000001001b0bc       0x74 /usr/lib/gcc/arm-none-eabi/10.3.1/../../../arm-none-eabi/lib/thumb/v6-m/nofp/libc.a(lib_a-strncmp.o)
                0x000000001001b0bc                strncmp
 .text          0x000000001001b130       0x2c /usr/lib/gcc/arm-none-eabi/10.3.1/../../../arm-none-eabi/lib/thumb/v6-m/nofp/libc.a(lib_a-wctomb_r.o)
                0x000000001001b130                _wctomb_r
                0x000000001001b140                __ascii_wctomb
 *(.fini)
 .fini          0x000000001001b15c        0x4 /usr/lib/gcc/arm-none-eabi/10.3.1/thumb/v6-m/nofp/crti.o
                0x000000001001b15c                _fini
 .fini.__stub   0x000000001001b160      0x110 linker stubs
 *crtbegin.o(.ctors)
 *crtbegin?.o(.ctors)
 *(EXCLUDE_FILE(*crtend.o *crtend?.o) .ctors)
 *(SORT_BY_NAME(.ctors.*))
 *(.ctors)
 *crtbegin.o(.dtors)
 *crtbegin?.o(.dtors)
 *(EXCLUDE_FILE(*crtend.o *crtend?.o) .dtors)
 *(SORT_BY_NAME(.dtors.*))
 *(.dtors)
 *(.eh_frame*)
 .eh_frame      0x000000001001b270        0x0 /usr/lib/gcc/arm-none-eabi/10.3.1/thumb/v6-m/nofp/crtbegin.o
                0x000000001001b270                . = ALIGN (0x4)

.glue_7         0x000000001001b270        0x0
 .glue_7        0x000000001001b270        0x0 linker stubs

.glue_7t        0x000000001001b270        0x0
 .glue_7t       0x000000001001b270        0x0 linker stubs

.vfp11_veneer   0x000000001001b270        0x0
 .vfp11_veneer  0x000000001001b270        0x0 linker stubs

.v4_bx          0x000000001001b270        0x0
 .v4_bx         0x000000001001b270        0x0 linker stubs

.iplt           0x000000001001b270        0x0
 .iplt          0x000000001001b270        0x0 /usr/lib/gcc/arm-none-eabi/10.3.1/thumb/v6-m/nofp/crtbegin.o

.rodata         0x000000001001b270     0x2fc8
 *(EXCLUDE_FILE(*libm.a: *libc.a:*lib_a-mem*.o *libgcc.a:) .rodata*)
 .rodata.main.str1.4
                0x000000001001b270      0x13a CMakeFiles/main.dir/src/main.c.obj
 *fill*         0x000000001001b3aa        0x2 
 .rodata.spin_lock_claim_unused.str1.4
                0x000000001001b3ac       0x1b CMakeFiles/main.dir/home/tao/pico/pico-sdk/src/rp2_common/hardware_sync/sync.c.obj
 *fill*         0x000000001001b3c7        0x1 
 .rodata.user_irq_claim_unused.str1.4
                0x000000001001b3c8       0x1b CMakeFiles/main.dir/home/tao/pico/pico-sdk/src/rp2_common/hardware_irq/irq.c.obj
 *fill*         0x000000001001b3e3        0x1 
 .rodata.hardware_alarm_claim.str1.4
                0x000000001001b3e4       0x22 CMakeFiles/main.dir/home/tao/pico/pico-sdk/src/rp2_common/hardware_timer/timer.c.obj
 *fill*         0x000000001001b406        0x2 
 .rodata.__assert_func.str1.4
                0x000000001001b408       0x3f CMakeFiles/main.dir/home/tao/pico/pico-sdk/src/rp2_common/pico_runtime/runtime.c.obj
                                         0x43 (size before relaxing)
 *fill*         0x000000001001b447        0x1 
 .rodata.panic.str1.4
                0x000000001001b448       0x10 CMakeFiles/main.dir/home/tao/pico/pico-sdk/src/rp2_common/pico_runtime/runtime.c.obj
                                         0x12 (size before relaxing)
 .rodata.hard_assertion_failure.str1.4
                0x000000001001b458        0xc CMakeFiles/main.dir/home/tao/pico/pico-sdk/src/rp2_common/pico_runtime/runtime.c.obj
 .rodata._ftoa.str1.4
                0x000000001001b464       0x15 CMakeFiles/main.dir/home/tao/pico/pico-sdk/src/rp2_common/pico_printf/printf.c.obj
 *fill*         0x000000001001b479        0x3 
 .rodata._vsnprintf
                0x000000001001b47c      0x1e0 CMakeFiles/main.dir/home/tao/pico/pico-sdk/src/rp2_common/pico_printf/printf.c.obj
 *fill*         0x000000001001b65c        0x4 
 .rodata.pow10.0
                0x000000001001b660       0x50 CMakeFiles/main.dir/home/tao/pico/pico-sdk/src/rp2_common/pico_printf/printf.c.obj
 .rodata.__wrap_malloc.str1.4
                0x000000001001b6b0        0xe CMakeFiles/main.dir/home/tao/pico/pico-sdk/src/rp2_common/pico_malloc/pico_malloc.c.obj
 *fill*         0x000000001001b6be        0x2 
 .rodata.str1.4
                0x000000001001b6c0       0x3c CMakeFiles/main.dir/home/tao/pico/pico-sdk/src/rp2_common/pico_standard_link/binary_info.c.obj
 .rodata.__bi_44
                0x000000001001b6fc        0xc CMakeFiles/main.dir/home/tao/pico/pico-sdk/src/rp2_common/pico_standard_link/binary_info.c.obj
 .rodata.__bi_75
                0x000000001001b708        0xc CMakeFiles/main.dir/home/tao/pico/pico-sdk/src/rp2_common/pico_standard_link/binary_info.c.obj
 .rodata.__bi_81
                0x000000001001b714        0xc CMakeFiles/main.dir/home/tao/pico/pico-sdk/src/rp2_common/pico_standard_link/binary_info.c.obj
 .rodata.crlf_str.0
                0x000000001001b720        0x2 CMakeFiles/main.dir/home/tao/pico/pico-sdk/src/rp2_common/pico_stdio/stdio.c.obj
 *fill*         0x000000001001b722        0x2 
 .rodata._resetd_driver
                0x000000001001b724       0x18 CMakeFiles/main.dir/home/tao/pico/pico-sdk/src/rp2_common/pico_stdio_usb/reset_interface.c.obj
 .rodata.str1.4
                0x000000001001b73c       0x13 CMakeFiles/main.dir/home/tao/pico/pico-sdk/src/rp2_common/pico_stdio_usb/stdio_usb.c.obj
 *fill*         0x000000001001b74f        0x1 
 .rodata.__bi_182.0
                0x000000001001b750        0xc CMakeFiles/main.dir/home/tao/pico/pico-sdk/src/rp2_common/pico_stdio_usb/stdio_usb.c.obj
 .rodata.str1.4
                0x000000001001b75c       0x2a CMakeFiles/main.dir/home/tao/pico/pico-sdk/src/rp2_common/pico_stdio_usb/stdio_usb_descriptors.c.obj
 *fill*         0x000000001001b786        0x2 
 .rodata.usbd_desc_cfg
                0x000000001001b788       0x54 CMakeFiles/main.dir/home/tao/pico/pico-sdk/src/rp2_common/pico_stdio_usb/stdio_usb_descriptors.c.obj
 .rodata.usbd_desc_device
                0x000000001001b7dc       0x12 CMakeFiles/main.dir/home/tao/pico/pico-sdk/src/rp2_common/pico_stdio_usb/stdio_usb_descriptors.c.obj
 *fill*         0x000000001001b7ee        0x2 
 .rodata.usbd_desc_str
                0x000000001001b7f0       0x18 CMakeFiles/main.dir/home/tao/pico/pico-sdk/src/rp2_common/pico_stdio_usb/stdio_usb_descriptors.c.obj
 .rodata.str1.4
                0x000000001001b808       0x14 CMakeFiles/main.dir/home/tao/pico/pico-sdk/lib/tinyusb/src/portable/raspberrypi/rp2040/dcd_rp2040.c.obj
 .rodata.str1.4
                0x000000001001b81c       0x53 CMakeFiles/main.dir/home/tao/pico/pico-sdk/lib/tinyusb/src/portable/raspberrypi/rp2040/rp2040_usb.c.obj
 *fill*         0x000000001001b86f        0x1 
 .rodata.tud_task_ext
                0x000000001001b870       0x8c CMakeFiles/main.dir/home/tao/pico/pico-sdk/lib/tinyusb/src/device/usbd.c.obj
 .rodata._usbd_driver
                0x000000001001b8fc       0x18 CMakeFiles/main.dir/home/tao/pico/pico-sdk/lib/tinyusb/src/device/usbd.c.obj
 .rodata.str1.4
                0x000000001001b914      0x14e m3/libm3.a(m3_env.c.obj)
                                        0x152 (size before relaxing)
 *fill*         0x000000001001ba62        0x2 
 .rodata.str1.4
                0x000000001001ba64       0x29 m3/libm3.a(m3_module.c.obj)
 *fill*         0x000000001001ba8d        0x3 
 .rodata.str1.4
                0x000000001001ba90      0x111 m3/libm3.a(m3_parse.c.obj)
                                        0x11d (size before relaxing)
 *fill*         0x000000001001bba1        0x3 
 .rodata        0x000000001001bba4       0x41 m3/libm3.a(m3_parse.c.obj)
 *fill*         0x000000001001bbe5        0x3 
 .rodata.str1.4
                0x000000001001bbe8      0x14c m3/libm3.a(m3_compile.c.obj)
 .rodata        0x000000001001bd34     0x1978 m3/libm3.a(m3_compile.c.obj)
                0x000000001001bdd4                c_operationsFC
                0x000000001001bef4                c_operations
 .rodata.str1.4
                0x000000001001d6ac      0x5bd m3/libm3.a(m3_core.c.obj)
                                        0x605 (size before relaxing)
 *fill*         0x000000001001dc69        0x3 
 .rodata        0x000000001001dc6c       0xc4 m3/libm3.a(m3_core.c.obj)
                0x000000001001dc6c                m3Err_trapStackOverflow
                0x000000001001dc70                m3Err_trapUnreachable
                0x000000001001dc74                m3Err_trapAbort
                0x000000001001dc78                m3Err_trapExit
                0x000000001001dc7c                m3Err_trapTableElementIsNull
                0x000000001001dc80                m3Err_trapTableIndexOutOfRange
                0x000000001001dc84                m3Err_trapIndirectCallTypeMismatch
                0x000000001001dc88                m3Err_trapIntegerConversion
                0x000000001001dc8c                m3Err_trapIntegerOverflow
                0x000000001001dc90                m3Err_trapDivisionByZero
                0x000000001001dc94                m3Err_trapOutOfBoundsMemoryAccess
                0x000000001001dc98                m3Err_globalNotMutable
                0x000000001001dc9c                m3Err_globalTypeMismatch
                0x000000001001dca0                m3Err_globalLookupFailed
                0x000000001001dca4                m3Err_argumentTypeMismatch
                0x000000001001dca8                m3Err_argumentCountMismatch
                0x000000001001dcac                m3Err_globaIndexOutOfBounds
                0x000000001001dcb0                m3Err_globalMemoryNotAllocated
                0x000000001001dcb4                m3Err_wasmMemoryOverflow
                0x000000001001dcb8                m3Err_missingCompiledCode
                0x000000001001dcbc                m3Err_typeCountMismatch
                0x000000001001dcc0                m3Err_typeMismatch
                0x000000001001dcc4                m3Err_settingImmutableGlobal
                0x000000001001dcc8                m3Err_mallocFailedCodePage
                0x000000001001dccc                m3Err_functionStackUnderrun
                0x000000001001dcd0                m3Err_functionStackOverflow
                0x000000001001dcd4                m3Err_restrictedOpcode
                0x000000001001dcd8                m3Err_unknownOpcode
                0x000000001001dcdc                m3Err_noCompiler
                0x000000001001dce0                m3Err_malformedFunctionSignature
                0x000000001001dce4                m3Err_functionImportMissing
                0x000000001001dce8                m3Err_functionLookupFailed
                0x000000001001dcec                m3Err_moduleAlreadyLinked
                0x000000001001dcf0                m3Err_moduleNotLinked
                0x000000001001dcf4                m3Err_tooManyArgsRets
                0x000000001001dcf8                m3Err_tooManyMemorySections
                0x000000001001dcfc                m3Err_invalidTypeId
                0x000000001001dd00                m3Err_wasmSectionOverrun
                0x000000001001dd04                m3Err_wasmSectionUnderrun
                0x000000001001dd08                m3Err_missingUTF8
                0x000000001001dd0c                m3Err_lebOverflow
                0x000000001001dd10                m3Err_wasmMissingInitExpr
                0x000000001001dd14                m3Err_wasmOverrun
                0x000000001001dd18                m3Err_wasmUnderrun
                0x000000001001dd1c                m3Err_misorderedWasmSection
                0x000000001001dd20                m3Err_wasmMalformed
                0x000000001001dd24                m3Err_incompatibleWasmVersion
                0x000000001001dd28                m3Err_mallocFailed
                0x000000001001dd2c                m3Err_none
 .rodata.str1.4
                0x000000001001dd30        0xa m3/libm3.a(m3_function.c.obj)
                                          0xd (size before relaxing)
 *fill*         0x000000001001dd3a        0x2 
 .rodata.str1.4
                0x000000001001dd3c        0xf /usr/lib/gcc/arm-none-eabi/10.3.1/../../../arm-none-eabi/lib/thumb/v6-m/nofp/libc.a(lib_a-strtod.o)
                                         0x11 (size before relaxing)
 *fill*         0x000000001001dd4b        0x5 
 .rodata        0x000000001001dd50      0x120 /usr/lib/gcc/arm-none-eabi/10.3.1/../../../arm-none-eabi/lib/thumb/v6-m/nofp/libc.a(lib_a-strtod.o)
 .rodata        0x000000001001de70      0x101 /usr/lib/gcc/arm-none-eabi/10.3.1/../../../arm-none-eabi/lib/thumb/v6-m/nofp/libc.a(lib_a-ctype_.o)
                0x000000001001de70                _ctype_
 *fill*         0x000000001001df71        0x3 
 .rodata.str1.4
                0x000000001001df74       0x4e /usr/lib/gcc/arm-none-eabi/10.3.1/../../../arm-none-eabi/lib/thumb/v6-m/nofp/libc.a(lib_a-gdtoa-gethex.o)
 *fill*         0x000000001001dfc2        0x2 
 .rodata        0x000000001001dfc4      0x100 /usr/lib/gcc/arm-none-eabi/10.3.1/../../../arm-none-eabi/lib/thumb/v6-m/nofp/libc.a(lib_a-gdtoa-gethex.o)
                0x000000001001dfc4                __hexdig
 .rodata.str1.4
                0x000000001001e0c4        0x2 /usr/lib/gcc/arm-none-eabi/10.3.1/../../../arm-none-eabi/lib/thumb/v6-m/nofp/libc.a(lib_a-lnumeric.o)
                                          0x5 (size before relaxing)
 *fill*         0x000000001001e0c6        0x2 
 .rodata        0x000000001001e0c8        0xc /usr/lib/gcc/arm-none-eabi/10.3.1/../../../arm-none-eabi/lib/thumb/v6-m/nofp/libc.a(lib_a-lnumeric.o)
                0x000000001001e0c8                _C_numeric_locale
 .rodata.str1.4
                0x000000001001e0d4        0x6 /usr/lib/gcc/arm-none-eabi/10.3.1/../../../arm-none-eabi/lib/thumb/v6-m/nofp/libc.a(lib_a-locale.o)
                                         0x12 (size before relaxing)
 *fill*         0x000000001001e0da        0x2 
 .rodata.str1.4
                0x000000001001e0dc       0x33 /usr/lib/gcc/arm-none-eabi/10.3.1/../../../arm-none-eabi/lib/thumb/v6-m/nofp/libc.a(lib_a-mprec.o)
                                         0x47 (size before relaxing)
 *fill*         0x000000001001e10f        0x1 
 .rodata        0x000000001001e110      0x128 /usr/lib/gcc/arm-none-eabi/10.3.1/../../../arm-none-eabi/lib/thumb/v6-m/nofp/libc.a(lib_a-mprec.o)
                0x000000001001e120                __mprec_tinytens
                0x000000001001e148                __mprec_bigtens
                0x000000001001e170                __mprec_tens
                0x000000001001e238                . = ALIGN (0x4)
 *(SORT_BY_ALIGNMENT(SORT_BY_NAME(.flashdata*)))
                0x000000001001e238                . = ALIGN (0x4)

.ARM.extab
 *(.ARM.extab* .gnu.linkonce.armextab.*)
                0x000000001001e238                __exidx_start = .

.ARM.exidx
 *(.ARM.exidx* .gnu.linkonce.armexidx.*)
                0x000000001001e238                __exidx_end = .
                0x000000001001e238                . = ALIGN (0x4)
                0x000000001001e238                __binary_info_start = .

.binary_info    0x000000001001e238       0x20
 *(.binary_info.keep.*)
 .binary_info.keep.__bi_ptr22
                0x000000001001e238        0x4 CMakeFiles/main.dir/home/tao/pico/pico-sdk/src/rp2_common/pico_standard_link/binary_info.c.obj
 .binary_info.keep.__bi_ptr30
                0x000000001001e23c        0x4 CMakeFiles/main.dir/home/tao/pico/pico-sdk/src/rp2_common/pico_standard_link/binary_info.c.obj
 .binary_info.keep.__bi_ptr38
                0x000000001001e240        0x4 CMakeFiles/main.dir/home/tao/pico/pico-sdk/src/rp2_common/pico_standard_link/binary_info.c.obj
 .binary_info.keep.__bi_ptr44
                0x000000001001e244        0x4 CMakeFiles/main.dir/home/tao/pico/pico-sdk/src/rp2_common/pico_standard_link/binary_info.c.obj
 .binary_info.keep.__bi_ptr50
                0x000000001001e248        0x4 CMakeFiles/main.dir/home/tao/pico/pico-sdk/src/rp2_common/pico_standard_link/binary_info.c.obj
 .binary_info.keep.__bi_ptr75
                0x000000001001e24c        0x4 CMakeFiles/main.dir/home/tao/pico/pico-sdk/src/rp2_common/pico_standard_link/binary_info.c.obj
 .binary_info.keep.__bi_ptr81
                0x000000001001e250        0x4 CMakeFiles/main.dir/home/tao/pico/pico-sdk/src/rp2_common/pico_standard_link/binary_info.c.obj
 *(.binary_info.*)
 .binary_info.__bi_ptr182
                0x000000001001e254        0x4 CMakeFiles/main.dir/home/tao/pico/pico-sdk/src/rp2_common/pico_stdio_usb/stdio_usb.c.obj
                0x000000001001e258                __binary_info_end = .

.rel.dyn        0x000000001001e258        0x0
 .rel.iplt      0x000000001001e258        0x0 /usr/lib/gcc/arm-none-eabi/10.3.1/thumb/v6-m/nofp/crtbegin.o
                0x000000001001e258                . = ALIGN (0x4)

.ram_vector_table
                0x0000000020000000       0xc0
 *(.ram_vector_table)
 .ram_vector_table
                0x0000000020000000       0xc0 CMakeFiles/main.dir/home/tao/pico/pico-sdk/src/rp2_common/pico_runtime/runtime.c.obj
                0x0000000020000000                ram_vector_table

.data           0x00000000200000c0     0x1b70 load address 0x000000001001e258
                0x00000000200000c0                __data_start__ = .
 *(vtable)
 *(.time_critical*)
 .time_critical.mutex_try_enter